
Allocating common symbols
Common symbol       size              file

tim                 0x4               ./src/main.o
gpio                0x4               ./src/main.o

Discarded input sections

 .group         0x00000000        0x8 ./src/main.o

Memory Configuration

Name             Origin             Length             Attributes
ram              0x00008000         0x01000000
*default*        0x00000000         0xffffffff

Linker script and memory map

START GROUP
LOAD c:/program files (x86)/gnu tools arm embedded/4.9 2015q1/bin/../lib/gcc/arm-none-eabi/4.9.3\libgcc.a
LOAD c:/program files (x86)/gnu tools arm embedded/4.9 2015q1/bin/../lib/gcc/arm-none-eabi/4.9.3/../../../../arm-none-eabi/lib\libc.a
LOAD c:/program files (x86)/gnu tools arm embedded/4.9 2015q1/bin/../lib/gcc/arm-none-eabi/4.9.3/../../../../arm-none-eabi/lib\libc.a
LOAD c:/program files (x86)/gnu tools arm embedded/4.9 2015q1/bin/../lib/gcc/arm-none-eabi/4.9.3/../../../../arm-none-eabi/lib\libm.a
LOAD c:/program files (x86)/gnu tools arm embedded/4.9 2015q1/bin/../lib/gcc/arm-none-eabi/4.9.3/../../../../arm-none-eabi/lib\librdimon.a
END GROUP
LOAD ./src/Avectors.o
LOAD ./src/main.o

.text           0x00008000       0xc4
 *(.text*)
 .text          0x00008000       0x34 ./src/Avectors.o
                0x00008000                _start
                0x0000801c                PUT32
                0x00008024                GET32
                0x0000802c                GETPC
 .text          0x00008034        0x0 ./src/main.o
 .text.notmain  0x00008034       0x90 ./src/main.o
                0x00008034                notmain

.data           0x000080c4        0x0
 .data          0x000080c4        0x0 ./src/Avectors.o
 .data          0x000080c4        0x0 ./src/main.o

.igot.plt       0x000080c4        0x0
 .igot.plt      0x00000000        0x0 ./src/Avectors.o

.glue_7         0x000080c4        0x0
 .glue_7        0x00000000        0x0 linker stubs

.glue_7t        0x000080c4        0x0
 .glue_7t       0x00000000        0x0 linker stubs

.vfp11_veneer   0x000080c4        0x0
 .vfp11_veneer  0x00000000        0x0 linker stubs

.v4_bx          0x000080c4        0x0
 .v4_bx         0x00000000        0x0 linker stubs

.iplt           0x000080c4        0x0
 .iplt          0x00000000        0x0 ./src/Avectors.o

.rel.dyn        0x000080c4        0x0
 .rel.iplt      0x00000000        0x0 ./src/Avectors.o

.bss            0x000080c4        0x8
 *(.bss*)
 .bss           0x000080c4        0x0 ./src/Avectors.o
 .bss           0x000080c4        0x0 ./src/main.o
 COMMON         0x000080c4        0x8 ./src/main.o
                0x000080c4                tim
                0x000080c8                gpio
OUTPUT(GPIO.elf elf32-littlearm)

.ARM.attributes
                0x00000000       0x3b
 .ARM.attributes
                0x00000000       0x29 ./src/Avectors.o
 .ARM.attributes
                0x00000029       0x3f ./src/main.o

.comment        0x00000000       0x70
 .comment       0x00000000       0x70 ./src/main.o
                                 0x71 (size before relaxing)

.debug_line     0x00000000       0x9c
 .debug_line    0x00000000       0x4b ./src/Avectors.o
 .debug_line    0x0000004b       0x51 ./src/main.o

.debug_info     0x00000000      0x10d
 .debug_info    0x00000000       0x78 ./src/Avectors.o
 .debug_info    0x00000078       0x95 ./src/main.o

.debug_abbrev   0x00000000       0xa7
 .debug_abbrev  0x00000000       0x14 ./src/Avectors.o
 .debug_abbrev  0x00000014       0x93 ./src/main.o

.debug_aranges  0x00000000       0x40
 .debug_aranges
                0x00000000       0x20 ./src/Avectors.o
 .debug_aranges
                0x00000020       0x20 ./src/main.o

.debug_ranges   0x00000000       0x10
 .debug_ranges  0x00000000       0x10 ./src/main.o

.debug_macro    0x00000000      0x945
 .debug_macro   0x00000000       0xe3 ./src/main.o
 .debug_macro   0x000000e3      0x862 ./src/main.o

.debug_str      0x00000000     0x26e4
 .debug_str     0x00000000     0x26e4 ./src/main.o
                               0x26f1 (size before relaxing)

.debug_frame    0x00000000       0x2c
 .debug_frame   0x00000000       0x2c ./src/main.o
