Archive member included because of file (symbol)

c:/program files (x86)/gnu tools arm embedded/4.9 2015q1/bin/../lib/gcc/arm-none-eabi/4.9.3/../../../../arm-none-eabi/lib\libc.a(lib_a-memcpy.o)
                              ./src/rpi-mailbox-interface.o (memcpy)
c:/program files (x86)/gnu tools arm embedded/4.9 2015q1/bin/../lib/gcc/arm-none-eabi/4.9.3/../../../../arm-none-eabi/lib\libc.a(lib_a-memset.o)
                              ./src/main.o (memset)

Allocating common symbols
Common symbol       size              file

fb_info             0x18              ./src/FrameBuffer.o

Discarded input sections

 .group         0x00000000        0x8 ./src/FrameBuffer.o
 .group         0x00000000        0x8 ./src/FrameBuffer.o
 .group         0x00000000        0x8 ./src/FrameBuffer.o
 .group         0x00000000        0x8 ./src/FrameBuffer.o
 .group         0x00000000        0x8 ./src/FrameBuffer.o
 .group         0x00000000        0x8 ./src/GPIO.o
 .group         0x00000000        0x8 ./src/GPIO.o
 .group         0x00000000        0x8 ./src/GPIO.o
 .group         0x00000000        0x8 ./src/GPIO.o
 .debug_macro   0x00000000      0x862 ./src/GPIO.o
 .debug_macro   0x00000000       0x76 ./src/GPIO.o
 .group         0x00000000        0x8 ./src/Mailbox.o
 .group         0x00000000        0x8 ./src/Mailbox.o
 .group         0x00000000        0x8 ./src/Mailbox.o
 .group         0x00000000        0x8 ./src/Mailbox.o
 .group         0x00000000        0x8 ./src/Mailbox.o
 .debug_macro   0x00000000      0x862 ./src/Mailbox.o
 .debug_macro   0x00000000       0x76 ./src/Mailbox.o
 .debug_macro   0x00000000       0x4c ./src/Mailbox.o
 .debug_macro   0x00000000      0x1c0 ./src/Mailbox.o
 .group         0x00000000        0x8 ./src/SystemTimer.o
 .group         0x00000000        0x8 ./src/SystemTimer.o
 .group         0x00000000        0x8 ./src/SystemTimer.o
 .debug_macro   0x00000000      0x862 ./src/SystemTimer.o
 .debug_macro   0x00000000       0x4c ./src/SystemTimer.o
 .debug_macro   0x00000000       0x76 ./src/SystemTimer.o
 .group         0x00000000        0x8 ./src/armtimer.o
 .group         0x00000000        0x8 ./src/armtimer.o
 .group         0x00000000        0x8 ./src/armtimer.o
 .group         0x00000000        0x8 ./src/armtimer.o
 .debug_macro   0x00000000      0x862 ./src/armtimer.o
 .debug_macro   0x00000000       0x76 ./src/armtimer.o
 .group         0x00000000        0x8 ./src/bcm2835.o
 .group         0x00000000        0x8 ./src/bcm2835.o
 .debug_macro   0x00000000      0x862 ./src/bcm2835.o
 .group         0x00000000        0x8 ./src/main.o
 .group         0x00000000        0x8 ./src/main.o
 .group         0x00000000        0x8 ./src/main.o
 .group         0x00000000        0x8 ./src/main.o
 .group         0x00000000        0x8 ./src/main.o
 .group         0x00000000        0x8 ./src/main.o
 .group         0x00000000        0x8 ./src/main.o
 .group         0x00000000        0x8 ./src/main.o
 .group         0x00000000        0x8 ./src/main.o
 .group         0x00000000        0x8 ./src/main.o
 .group         0x00000000        0x8 ./src/main.o
 .group         0x00000000        0x8 ./src/main.o
 .group         0x00000000        0x8 ./src/main.o
 .group         0x00000000        0x8 ./src/main.o
 .group         0x00000000        0x8 ./src/main.o
 .group         0x00000000        0x8 ./src/main.o
 .group         0x00000000        0x8 ./src/main.o
 .group         0x00000000        0x8 ./src/main.o
 .group         0x00000000        0x8 ./src/main.o
 .group         0x00000000        0x8 ./src/main.o
 .group         0x00000000        0x8 ./src/main.o
 .debug_macro   0x00000000      0x862 ./src/main.o
 .debug_macro   0x00000000      0x1c0 ./src/main.o
 .debug_macro   0x00000000       0x4c ./src/main.o
 .debug_macro   0x00000000       0x28 ./src/main.o
 .debug_macro   0x00000000       0x76 ./src/main.o
 .debug_macro   0x00000000       0x22 ./src/main.o
 .debug_macro   0x00000000       0x64 ./src/main.o
 .group         0x00000000        0x8 ./src/periph.o
 .group         0x00000000        0x8 ./src/periph.o
 .group         0x00000000        0x8 ./src/periph.o
 .debug_macro   0x00000000      0x862 ./src/periph.o
 .debug_macro   0x00000000      0x1c0 ./src/periph.o
 .group         0x00000000        0x8 ./src/raspi.o
 .group         0x00000000        0x8 ./src/raspi.o
 .debug_macro   0x00000000      0x862 ./src/raspi.o
 .debug_macro   0x00000000       0x76 ./src/raspi.o
 .group         0x00000000        0x8 ./src/rpi-mailbox-interface.o
 .group         0x00000000        0x8 ./src/rpi-mailbox-interface.o
 .group         0x00000000        0x8 ./src/rpi-mailbox-interface.o
 .group         0x00000000        0x8 ./src/rpi-mailbox-interface.o
 .group         0x00000000        0x8 ./src/rpi-mailbox-interface.o
 .group         0x00000000        0x8 ./src/rpi-mailbox-interface.o
 .group         0x00000000        0x8 ./src/rpi-mailbox-interface.o
 .group         0x00000000        0x8 ./src/rpi-mailbox-interface.o
 .group         0x00000000        0x8 ./src/rpi-mailbox-interface.o
 .group         0x00000000        0x8 ./src/rpi-mailbox-interface.o
 .group         0x00000000        0x8 ./src/rpi-mailbox-interface.o
 .group         0x00000000        0x8 ./src/rpi-mailbox-interface.o
 .group         0x00000000        0x8 ./src/rpi-mailbox-interface.o
 .group         0x00000000        0x8 ./src/rpi-mailbox-interface.o
 .group         0x00000000        0x8 ./src/rpi-mailbox-interface.o
 .group         0x00000000        0x8 ./src/rpi-mailbox-interface.o
 .group         0x00000000        0x8 ./src/rpi-mailbox-interface.o
 .group         0x00000000        0x8 ./src/rpi-mailbox-interface.o
 .group         0x00000000        0x8 ./src/rpi-mailbox-interface.o
 .group         0x00000000        0x8 ./src/rpi-mailbox-interface.o
 .group         0x00000000        0x8 ./src/rpi-mailbox-interface.o
 .group         0x00000000        0x8 ./src/rpi-mailbox-interface.o
 .group         0x00000000        0x8 ./src/rpi-mailbox-interface.o
 .debug_macro   0x00000000      0x862 ./src/rpi-mailbox-interface.o
 .debug_macro   0x00000000       0x58 ./src/rpi-mailbox-interface.o
 .debug_macro   0x00000000       0x22 ./src/rpi-mailbox-interface.o
 .debug_macro   0x00000000       0x35 ./src/rpi-mailbox-interface.o
 .debug_macro   0x00000000       0x9c ./src/rpi-mailbox-interface.o
 .debug_macro   0x00000000       0x4a ./src/rpi-mailbox-interface.o
 .debug_macro   0x00000000      0x27a ./src/rpi-mailbox-interface.o
 .debug_macro   0x00000000       0x52 ./src/rpi-mailbox-interface.o
 .debug_macro   0x00000000       0x16 ./src/rpi-mailbox-interface.o
 .debug_macro   0x00000000       0x43 ./src/rpi-mailbox-interface.o
 .debug_macro   0x00000000      0x180 ./src/rpi-mailbox-interface.o
 .debug_macro   0x00000000       0x35 ./src/rpi-mailbox-interface.o
 .group         0x00000000        0x8 ./src/rpi-mailbox.o
 .group         0x00000000        0x8 ./src/rpi-mailbox.o
 .debug_macro   0x00000000      0x862 ./src/rpi-mailbox.o
 .debug_macro   0x00000000       0x10 ./src/rpi-mailbox.o

Memory Configuration

Name             Origin             Length             Attributes
ram              0x00010000         0x01000000
*default*        0x00000000         0xffffffff

Linker script and memory map

START GROUP
LOAD c:/program files (x86)/gnu tools arm embedded/4.9 2015q1/bin/../lib/gcc/arm-none-eabi/4.9.3\libgcc.a
LOAD c:/program files (x86)/gnu tools arm embedded/4.9 2015q1/bin/../lib/gcc/arm-none-eabi/4.9.3/../../../../arm-none-eabi/lib\libc.a
LOAD c:/program files (x86)/gnu tools arm embedded/4.9 2015q1/bin/../lib/gcc/arm-none-eabi/4.9.3/../../../../arm-none-eabi/lib\librdimon.a
END GROUP
LOAD ./src/Asetup.o
LOAD ./src/Avectors.o
LOAD ./src/FrameBuffer.o
LOAD ./src/GPIO.o
LOAD ./src/Mailbox.o
LOAD ./src/SystemTimer.o
LOAD ./src/armtimer.o
LOAD ./src/bcm2835.o
LOAD ./src/main.o
LOAD ./src/periph.o
LOAD ./src/raspi.o
LOAD ./src/rpi-mailbox-interface.o
LOAD ./src/rpi-mailbox.o
LOAD c:/program files (x86)/gnu tools arm embedded/4.9 2015q1/bin/../lib/gcc/arm-none-eabi/4.9.3/../../../../arm-none-eabi/lib\libstdc++.a
LOAD c:/program files (x86)/gnu tools arm embedded/4.9 2015q1/bin/../lib/gcc/arm-none-eabi/4.9.3/../../../../arm-none-eabi/lib\libm.a
LOAD c:/program files (x86)/gnu tools arm embedded/4.9 2015q1/bin/../lib/gcc/arm-none-eabi/4.9.3/../../../../arm-none-eabi/lib\libc.a
START GROUP
LOAD c:/program files (x86)/gnu tools arm embedded/4.9 2015q1/bin/../lib/gcc/arm-none-eabi/4.9.3\libgcc.a
LOAD c:/program files (x86)/gnu tools arm embedded/4.9 2015q1/bin/../lib/gcc/arm-none-eabi/4.9.3/../../../../arm-none-eabi/lib\libg.a
LOAD c:/program files (x86)/gnu tools arm embedded/4.9 2015q1/bin/../lib/gcc/arm-none-eabi/4.9.3/../../../../arm-none-eabi/lib\libc.a
END GROUP
START GROUP
LOAD c:/program files (x86)/gnu tools arm embedded/4.9 2015q1/bin/../lib/gcc/arm-none-eabi/4.9.3\libgcc.a
LOAD c:/program files (x86)/gnu tools arm embedded/4.9 2015q1/bin/../lib/gcc/arm-none-eabi/4.9.3/../../../../arm-none-eabi/lib\libc.a
LOAD c:/program files (x86)/gnu tools arm embedded/4.9 2015q1/bin/../lib/gcc/arm-none-eabi/4.9.3/../../../../arm-none-eabi/lib\librdimon.a
END GROUP

.text           0x00010000     0x3350
 *(.text*)
 .text          0x00010000      0x5a4 ./src/Asetup.o
                0x00010000                asm_start
                0x00010078                MemoryBarrier
                0x0001008c                dummy
                0x00010590                exc_stack
                0x00010590                supervisor_sp
                0x00010594                _enable_interrupts
 .text          0x000105a4       0x2c ./src/Avectors.o
                0x000105a4                PUT32
                0x000105ac                PUT16
                0x000105b4                PUT8
                0x000105bc                GET32
                0x000105c4                GETPC
                0x000105cc                BRANCHTO
 .text          0x000105d0        0x0 ./src/FrameBuffer.o
 .text.InitialiseFrameBuffer
                0x000105d0      0x248 ./src/FrameBuffer.o
                0x000105d0                InitialiseFrameBuffer
 .text.TestPattern
                0x00010818       0x3c ./src/FrameBuffer.o
                0x00010818                TestPattern
 .text.DrawPixel
                0x00010854       0x20 ./src/FrameBuffer.o
                0x00010854                DrawPixel
 .text.DrawPixelK
                0x00010874       0x1c ./src/FrameBuffer.o
                0x00010874                DrawPixelK
 .text.DrawLine
                0x00010890       0xdc ./src/FrameBuffer.o
                0x00010890                DrawLine
 .text.DrawRectK
                0x0001096c       0x5c ./src/FrameBuffer.o
                0x0001096c                DrawRectK
 .text          0x000109c8        0x0 ./src/GPIO.o
 .text.SetPinFunction
                0x000109c8       0x60 ./src/GPIO.o
                0x000109c8                SetPinFunction
 .text.SetPin   0x00010a28       0x14 ./src/GPIO.o
                0x00010a28                SetPin
 .text.ClearPin
                0x00010a3c       0x14 ./src/GPIO.o
                0x00010a3c                ClearPin
 .text.ErrorFlash
                0x00010a50       0x6c ./src/GPIO.o
                0x00010a50                ErrorFlash
 .text          0x00010abc        0x0 ./src/Mailbox.o
 .text.MailboxWrite
                0x00010abc       0x40 ./src/Mailbox.o
                0x00010abc                MailboxWrite
 .text.MailboxRead
                0x00010afc       0x50 ./src/Mailbox.o
                0x00010afc                MailboxRead
 .text          0x00010b4c        0x0 ./src/SystemTimer.o
 .text.wait     0x00010b4c       0x4c ./src/SystemTimer.o
                0x00010b4c                wait
 .text          0x00010b98        0x0 ./src/armtimer.o
 .text.arm_timer_freerun_init
                0x00010b98       0x2c ./src/armtimer.o
                0x00010b98                arm_timer_freerun_init
 .text.arm_timer_freerun_tick
                0x00010bc4        0xc ./src/armtimer.o
                0x00010bc4                arm_timer_freerun_tick
 .text.RPI_GetIrqController
                0x00010bd0        0xc ./src/armtimer.o
                0x00010bd0                RPI_GetIrqController
 .text.RPI_GetArmTimer
                0x00010bdc        0xc ./src/armtimer.o
                0x00010bdc                RPI_GetArmTimer
 .text.arm_timer_init
                0x00010be8       0x14 ./src/armtimer.o
                0x00010be8                arm_timer_init
 .text.arm_timer_stop
                0x00010bfc       0x14 ./src/armtimer.o
                0x00010bfc                arm_timer_stop
 .text.arm_timer_restart
                0x00010c10       0x14 ./src/armtimer.o
                0x00010c10                arm_timer_restart
 .text.arm_timer_tick
                0x00010c24       0x10 ./src/armtimer.o
                0x00010c24                arm_timer_tick
 .text.interrupt_vector
                0x00010c34       0x28 ./src/armtimer.o
                0x00010c34                interrupt_vector
 .text          0x00010c5c        0x0 ./src/bcm2835.o
 .text.bcm2835_set_debug
                0x00010c5c       0x10 ./src/bcm2835.o
                0x00010c5c                bcm2835_set_debug
 .text.bcm2835_peri_read
                0x00010c6c       0x10 ./src/bcm2835.o
                0x00010c6c                bcm2835_peri_read
 .text.bcm2835_peri_read_nb
                0x00010c7c        0x8 ./src/bcm2835.o
                0x00010c7c                bcm2835_peri_read_nb
 .text.bcm2835_peri_write
                0x00010c84        0xc ./src/bcm2835.o
                0x00010c84                bcm2835_peri_write
 .text.bcm2835_peri_write_nb
                0x00010c90        0x8 ./src/bcm2835.o
                0x00010c90                bcm2835_peri_write_nb
 .text.bcm2835_peri_set_bits
                0x00010c98       0x20 ./src/bcm2835.o
                0x00010c98                bcm2835_peri_set_bits
 .text.bcm2835_gpio_fsel
                0x00010cb8       0x60 ./src/bcm2835.o
                0x00010cb8                bcm2835_gpio_fsel
 .text.bcm2835_gpio_set
                0x00010d18       0x2c ./src/bcm2835.o
                0x00010d18                bcm2835_gpio_set
 .text.bcm2835_gpio_clr
                0x00010d44       0x2c ./src/bcm2835.o
                0x00010d44                bcm2835_gpio_clr
 .text.bcm2835_gpio_set_multi
                0x00010d70       0x18 ./src/bcm2835.o
                0x00010d70                bcm2835_gpio_set_multi
 .text.bcm2835_gpio_clr_multi
                0x00010d88       0x18 ./src/bcm2835.o
                0x00010d88                bcm2835_gpio_clr_multi
 .text.bcm2835_gpio_lev
                0x00010da0       0x34 ./src/bcm2835.o
                0x00010da0                bcm2835_gpio_lev
 .text.bcm2835_gpio_eds
                0x00010dd4       0x34 ./src/bcm2835.o
                0x00010dd4                bcm2835_gpio_eds
 .text.bcm2835_gpio_set_eds
                0x00010e08       0x2c ./src/bcm2835.o
                0x00010e08                bcm2835_gpio_set_eds
 .text.bcm2835_gpio_ren
                0x00010e34       0x38 ./src/bcm2835.o
                0x00010e34                bcm2835_gpio_ren
 .text.bcm2835_gpio_clr_ren
                0x00010e6c       0x38 ./src/bcm2835.o
                0x00010e6c                bcm2835_gpio_clr_ren
 .text.bcm2835_gpio_fen
                0x00010ea4       0x38 ./src/bcm2835.o
                0x00010ea4                bcm2835_gpio_fen
 .text.bcm2835_gpio_clr_fen
                0x00010edc       0x38 ./src/bcm2835.o
                0x00010edc                bcm2835_gpio_clr_fen
 .text.bcm2835_gpio_hen
                0x00010f14       0x38 ./src/bcm2835.o
                0x00010f14                bcm2835_gpio_hen
 .text.bcm2835_gpio_clr_hen
                0x00010f4c       0x38 ./src/bcm2835.o
                0x00010f4c                bcm2835_gpio_clr_hen
 .text.bcm2835_gpio_len
                0x00010f84       0x38 ./src/bcm2835.o
                0x00010f84                bcm2835_gpio_len
 .text.bcm2835_gpio_clr_len
                0x00010fbc       0x38 ./src/bcm2835.o
                0x00010fbc                bcm2835_gpio_clr_len
 .text.bcm2835_gpio_aren
                0x00010ff4       0x38 ./src/bcm2835.o
                0x00010ff4                bcm2835_gpio_aren
 .text.bcm2835_gpio_clr_aren
                0x0001102c       0x38 ./src/bcm2835.o
                0x0001102c                bcm2835_gpio_clr_aren
 .text.bcm2835_gpio_afen
                0x00011064       0x38 ./src/bcm2835.o
                0x00011064                bcm2835_gpio_afen
 .text.bcm2835_gpio_clr_afen
                0x0001109c       0x38 ./src/bcm2835.o
                0x0001109c                bcm2835_gpio_clr_afen
 .text.bcm2835_gpio_pud
                0x000110d4       0x18 ./src/bcm2835.o
                0x000110d4                bcm2835_gpio_pud
 .text.bcm2835_gpio_pudclk
                0x000110ec       0x30 ./src/bcm2835.o
                0x000110ec                bcm2835_gpio_pudclk
 .text.bcm2835_gpio_pad
                0x0001111c       0x20 ./src/bcm2835.o
                0x0001111c                bcm2835_gpio_pad
 .text.bcm2835_gpio_set_pad
                0x0001113c       0x24 ./src/bcm2835.o
                0x0001113c                bcm2835_gpio_set_pad
 .text.bcm2835_delay
                0x00011160       0x74 ./src/bcm2835.o
                0x00011160                bcm2835_delay
 .text.bcm2835_delayMicroseconds
                0x000111d4       0x6c ./src/bcm2835.o
                0x000111d4                bcm2835_delayMicroseconds
 .text.bcm2835_gpio_write
                0x00011240       0x34 ./src/bcm2835.o
                0x00011240                bcm2835_gpio_write
 .text.bcm2835_gpio_write_multi
                0x00011274       0x24 ./src/bcm2835.o
                0x00011274                bcm2835_gpio_write_multi
 .text.bcm2835_gpio_write_mask
                0x00011298       0x28 ./src/bcm2835.o
                0x00011298                bcm2835_gpio_write_mask
 .text.bcm2835_gpio_set_pud
                0x000112c0      0x108 ./src/bcm2835.o
                0x000112c0                bcm2835_gpio_set_pud
 .text.bcm2835_spi_begin
                0x000113c8       0xac ./src/bcm2835.o
                0x000113c8                bcm2835_spi_begin
 .text.bcm2835_spi_end
                0x00011474       0x74 ./src/bcm2835.o
                0x00011474                bcm2835_spi_end
 .text.bcm2835_spi_setBitOrder
                0x000114e8        0x4 ./src/bcm2835.o
                0x000114e8                bcm2835_spi_setBitOrder
 .text.bcm2835_spi_setClockDivider
                0x000114ec       0x18 ./src/bcm2835.o
                0x000114ec                bcm2835_spi_setClockDivider
 .text.bcm2835_spi_setDataMode
                0x00011504       0x30 ./src/bcm2835.o
                0x00011504                bcm2835_spi_setDataMode
 .text.bcm2835_spi_transfer
                0x00011534       0x74 ./src/bcm2835.o
                0x00011534                bcm2835_spi_transfer
 .text.bcm2835_spi_transfernb
                0x000115a8      0x108 ./src/bcm2835.o
                0x000115a8                bcm2835_spi_transfernb
 .text.bcm2835_spi_writenb
                0x000116b0       0xc0 ./src/bcm2835.o
                0x000116b0                bcm2835_spi_writenb
 .text.bcm2835_spi_transfern
                0x00011770        0xc ./src/bcm2835.o
                0x00011770                bcm2835_spi_transfern
 .text.bcm2835_spi_chipSelect
                0x0001177c       0x2c ./src/bcm2835.o
                0x0001177c                bcm2835_spi_chipSelect
 .text.bcm2835_spi_setChipSelectPolarity
                0x000117a8       0x3c ./src/bcm2835.o
                0x000117a8                bcm2835_spi_setChipSelectPolarity
 .text.bcm2835_i2c_begin
                0x000117e4       0x94 ./src/bcm2835.o
                0x000117e4                bcm2835_i2c_begin
 .text.bcm2835_i2c_end
                0x00011878       0x38 ./src/bcm2835.o
                0x00011878                bcm2835_i2c_end
 .text.bcm2835_i2c_setSlaveAddress
                0x000118b0       0x18 ./src/bcm2835.o
                0x000118b0                bcm2835_i2c_setSlaveAddress
 .text.bcm2835_i2c_setClockDivider
                0x000118c8       0x54 ./src/bcm2835.o
                0x000118c8                bcm2835_i2c_setClockDivider
 .text.bcm2835_i2c_set_baudrate
                0x0001191c       0x68 ./src/bcm2835.o
                0x0001191c                bcm2835_i2c_set_baudrate
 .text.bcm2835_i2c_write
                0x00011984      0x11c ./src/bcm2835.o
                0x00011984                bcm2835_i2c_write
 .text.bcm2835_i2c_read
                0x00011aa0      0x10c ./src/bcm2835.o
                0x00011aa0                bcm2835_i2c_read
 .text.bcm2835_i2c_read_register_rs
                0x00011bac      0x1c8 ./src/bcm2835.o
                0x00011bac                bcm2835_i2c_read_register_rs
 .text.bcm2835_i2c_write_read_rs
                0x00011d74      0x1e8 ./src/bcm2835.o
                0x00011d74                bcm2835_i2c_write_read_rs
 .text.bcm2835_st_read
                0x00011f5c       0x2c ./src/bcm2835.o
                0x00011f5c                bcm2835_st_read
 .text.bcm2835_st_delay
                0x00011f88       0x48 ./src/bcm2835.o
                0x00011f88                bcm2835_st_delay
 .text.bcm2835_pwm_set_clock
                0x00011fd0      0x12c ./src/bcm2835.o
                0x00011fd0                bcm2835_pwm_set_clock
 .text.bcm2835_pwm_set_mode
                0x000120fc       0x68 ./src/bcm2835.o
                0x000120fc                bcm2835_pwm_set_mode
 .text.bcm2835_pwm_set_range
                0x00012164       0x34 ./src/bcm2835.o
                0x00012164                bcm2835_pwm_set_range
 .text.bcm2835_pwm_set_data
                0x00012198       0x34 ./src/bcm2835.o
                0x00012198                bcm2835_pwm_set_data
 .text.bcm2835_aux_muart_init
                0x000121cc       0x9c ./src/bcm2835.o
                0x000121cc                bcm2835_aux_muart_init
 .text.bcm2835_aux_muart_transfer
                0x00012268       0x24 ./src/bcm2835.o
                0x00012268                bcm2835_aux_muart_transfer
 .text.bcm2835_aux_muart_transfernb
                0x0001228c       0x70 ./src/bcm2835.o
                0x0001228c                bcm2835_aux_muart_transfernb
 .text.bcm2835_aux_muart_transfer_hex
                0x000122fc       0x68 ./src/bcm2835.o
                0x000122fc                bcm2835_aux_muart_transfer_hex
 .text.bcm2835_aux_muart_transfer_hexnl
                0x00012364       0x98 ./src/bcm2835.o
                0x00012364                bcm2835_aux_muart_transfer_hexnl
 .text.bcm2835_mail_write
                0x000123fc       0x30 ./src/bcm2835.o
                0x000123fc                bcm2835_mail_write
 .text.bcm2835_mail_read
                0x0001242c       0x30 ./src/bcm2835.o
                0x0001242c                bcm2835_mail_read
 .text.bcm2835_fb_init
                0x0001245c      0x164 ./src/bcm2835.o
                0x0001245c                bcm2835_fb_init
 .text.bcm2835_init
                0x000125c0       0xd4 ./src/bcm2835.o
                0x000125c0                bcm2835_init
 .text.bcm2835_close
                0x00012694        0x8 ./src/bcm2835.o
                0x00012694                bcm2835_close
 .text          0x0001269c        0x0 ./src/main.o
 .text.not_main
                0x0001269c      0x114 ./src/main.o
                0x0001269c                not_main
 .text          0x000127b0        0x0 ./src/periph.o
 .text.uart_lcr
                0x000127b0        0xc ./src/periph.o
                0x000127b0                uart_lcr
 .text.uart_recv
                0x000127bc       0x2c ./src/periph.o
                0x000127bc                uart_recv
 .text.uart_check
                0x000127e8       0x18 ./src/periph.o
                0x000127e8                uart_check
 .text.uart_send
                0x00012800       0x30 ./src/periph.o
                0x00012800                uart_send
 .text.uart_flush
                0x00012830       0x1c ./src/periph.o
                0x00012830                uart_flush
 .text.hexstrings
                0x0001284c       0x78 ./src/periph.o
                0x0001284c                hexstrings
 .text.hexstring
                0x000128c4       0xc0 ./src/periph.o
                0x000128c4                hexstring
 .text.uart_sendC
                0x00012984       0x94 ./src/periph.o
                0x00012984                uart_sendC
 .text.uart_init
                0x00012a18      0x118 ./src/periph.o
                0x00012a18                uart_init
 .text.prepare_led_act
                0x00012b30       0xb0 ./src/periph.o
                0x00012b30                prepare_led_act
 .text.prepare_led_pwr
                0x00012be0       0xb0 ./src/periph.o
                0x00012be0                prepare_led_pwr
 .text.led_act_ON
                0x00012c90       0x10 ./src/periph.o
                0x00012c90                led_act_ON
 .text.led_act_OFF
                0x00012ca0       0x10 ./src/periph.o
                0x00012ca0                led_act_OFF
 .text.led_pwr_ON
                0x00012cb0       0x10 ./src/periph.o
                0x00012cb0                led_pwr_ON
 .text.led_pwr_OFF
                0x00012cc0       0x10 ./src/periph.o
                0x00012cc0                led_pwr_OFF
 .text          0x00012cd0        0x0 ./src/raspi.o
 .text          0x00012cd0        0x0 ./src/rpi-mailbox-interface.o
 .text.RPI_PropertyInit
                0x00012cd0       0x30 ./src/rpi-mailbox-interface.o
                0x00012cd0                RPI_PropertyInit
 .text.RPI_PropertyAddTag
                0x00012d00      0x328 ./src/rpi-mailbox-interface.o
                0x00012d00                RPI_PropertyAddTag
 .text.RPI_PropertyProcess
                0x00013028       0x44 ./src/rpi-mailbox-interface.o
                0x00013028                RPI_PropertyProcess
 .text.RPI_PropertyGet
                0x0001306c       0x94 ./src/rpi-mailbox-interface.o
                0x0001306c                RPI_PropertyGet
 .text          0x00013100        0x0 ./src/rpi-mailbox.o
 .text.RPI_Mailbox0Write
                0x00013100       0x2c ./src/rpi-mailbox.o
                0x00013100                RPI_Mailbox0Write
 .text.RPI_Mailbox0Read
                0x0001312c       0x40 ./src/rpi-mailbox.o
                0x0001312c                RPI_Mailbox0Read
 .text          0x0001316c        0x0 c:/program files (x86)/gnu tools arm embedded/4.9 2015q1/bin/../lib/gcc/arm-none-eabi/4.9.3/../../../../arm-none-eabi/lib\libc.a(lib_a-memcpy.o)
 .text.memcpy   0x0001316c       0xf0 c:/program files (x86)/gnu tools arm embedded/4.9 2015q1/bin/../lib/gcc/arm-none-eabi/4.9.3/../../../../arm-none-eabi/lib\libc.a(lib_a-memcpy.o)
                0x0001316c                memcpy
 .text          0x0001325c        0x0 c:/program files (x86)/gnu tools arm embedded/4.9 2015q1/bin/../lib/gcc/arm-none-eabi/4.9.3/../../../../arm-none-eabi/lib\libc.a(lib_a-memset.o)
 .text.memset   0x0001325c       0xf4 c:/program files (x86)/gnu tools arm embedded/4.9 2015q1/bin/../lib/gcc/arm-none-eabi/4.9.3/../../../../arm-none-eabi/lib\libc.a(lib_a-memset.o)
                0x0001325c                memset

.rodata.str1.4  0x00013350       0xa0
 .rodata.str1.4
                0x00013350       0x18 ./src/armtimer.o
 .rodata.str1.4
                0x00013368       0x65 ./src/main.o
                                 0x68 (size before relaxing)
 *fill*         0x000133cd        0x3 
 .rodata.str1.4
                0x000133d0       0x20 ./src/periph.o

.data           0x000133f0        0x0
 .data          0x000133f0        0x0 ./src/Asetup.o
 .data          0x000133f0        0x0 ./src/Avectors.o
 .data          0x000133f0        0x0 ./src/FrameBuffer.o
 .data          0x000133f0        0x0 ./src/GPIO.o
 .data          0x000133f0        0x0 ./src/Mailbox.o
 .data          0x000133f0        0x0 ./src/SystemTimer.o
 .data          0x000133f0        0x0 ./src/armtimer.o
 .data          0x000133f0        0x0 ./src/bcm2835.o
 .data          0x000133f0        0x0 ./src/main.o
 .data          0x000133f0        0x0 ./src/periph.o
 .data          0x000133f0        0x0 ./src/raspi.o
 .data          0x000133f0        0x0 ./src/rpi-mailbox-interface.o
 .data          0x000133f0        0x0 ./src/rpi-mailbox.o
 .data          0x000133f0        0x0 c:/program files (x86)/gnu tools arm embedded/4.9 2015q1/bin/../lib/gcc/arm-none-eabi/4.9.3/../../../../arm-none-eabi/lib\libc.a(lib_a-memcpy.o)
 .data          0x000133f0        0x0 c:/program files (x86)/gnu tools arm embedded/4.9 2015q1/bin/../lib/gcc/arm-none-eabi/4.9.3/../../../../arm-none-eabi/lib\libc.a(lib_a-memset.o)

.igot.plt       0x000133f0        0x0
 .igot.plt      0x00000000        0x0 ./src/Asetup.o

.data.bcm2835_pads
                0x000133f0        0x4
 .data.bcm2835_pads
                0x000133f0        0x4 ./src/bcm2835.o
                0x000133f0                bcm2835_pads

.data.bcm2835_aux
                0x000133f4        0x4
 .data.bcm2835_aux
                0x000133f4        0x4 ./src/bcm2835.o
                0x000133f4                bcm2835_aux

.data.bcm2835_mail
                0x000133f8        0x4
 .data.bcm2835_mail
                0x000133f8        0x4 ./src/bcm2835.o
                0x000133f8                bcm2835_mail

.data.bcm2835_st
                0x000133fc        0x4
 .data.bcm2835_st
                0x000133fc        0x4 ./src/bcm2835.o
                0x000133fc                bcm2835_st

.data.bcm2835_gpio
                0x00013400        0x4
 .data.bcm2835_gpio
                0x00013400        0x4 ./src/bcm2835.o
                0x00013400                bcm2835_gpio

.data.bcm2835_clk
                0x00013404        0x4
 .data.bcm2835_clk
                0x00013404        0x4 ./src/bcm2835.o
                0x00013404                bcm2835_clk

.data.bcm2835_bsc0
                0x00013408        0x4
 .data.bcm2835_bsc0
                0x00013408        0x4 ./src/bcm2835.o
                0x00013408                bcm2835_bsc0

.data.bcm2835_bsc1
                0x0001340c        0x4
 .data.bcm2835_bsc1
                0x0001340c        0x4 ./src/bcm2835.o
                0x0001340c                bcm2835_bsc1

.data.bcm2835_spi0
                0x00013410        0x4
 .data.bcm2835_spi0
                0x00013410        0x4 ./src/bcm2835.o
                0x00013410                bcm2835_spi0

.data.bcm2835_pwm
                0x00013414        0x4
 .data.bcm2835_pwm
                0x00013414        0x4 ./src/bcm2835.o
                0x00013414                bcm2835_pwm

.glue_7         0x00013418        0x0
 .glue_7        0x00000000        0x0 linker stubs

.glue_7t        0x00013418        0x0
 .glue_7t       0x00000000        0x0 linker stubs

.vfp11_veneer   0x00013418        0x0
 .vfp11_veneer  0x00000000        0x0 linker stubs

.v4_bx          0x00013418        0x0
 .v4_bx         0x00000000        0x0 linker stubs

.iplt           0x00013418        0x0
 .iplt          0x00000000        0x0 ./src/Asetup.o

.rel.dyn        0x00013418        0x0
 .rel.iplt      0x00000000        0x0 ./src/Asetup.o

.bss            0x00013420     0x812c
 *(.bss*)
 .bss           0x00013420        0x0 ./src/Asetup.o
 .bss           0x00013420        0x0 ./src/Avectors.o
 .bss           0x00013420        0x0 ./src/FrameBuffer.o
 .bss           0x00013420        0x0 ./src/GPIO.o
 .bss           0x00013420        0x0 ./src/Mailbox.o
 .bss           0x00013420        0x0 ./src/SystemTimer.o
 .bss           0x00013420        0x0 ./src/armtimer.o
 .bss           0x00013420        0x0 ./src/bcm2835.o
 .bss.i2c_byte_wait_us
                0x00013420        0x4 ./src/bcm2835.o
 .bss.debug     0x00013424        0x1 ./src/bcm2835.o
 .bss           0x00013425        0x0 ./src/main.o
 .bss           0x00013425        0x0 ./src/periph.o
 .bss           0x00013425        0x0 ./src/raspi.o
 .bss           0x00013425        0x0 ./src/rpi-mailbox-interface.o
 *fill*         0x00013425        0x3 
 .bss.property.5368
                0x00013428      0x108 ./src/rpi-mailbox-interface.o
 .bss.pt        0x00013530     0x8000 ./src/rpi-mailbox-interface.o
 .bss.pt_index  0x0001b530        0x4 ./src/rpi-mailbox-interface.o
 .bss           0x0001b534        0x0 ./src/rpi-mailbox.o
 .bss           0x0001b534        0x0 c:/program files (x86)/gnu tools arm embedded/4.9 2015q1/bin/../lib/gcc/arm-none-eabi/4.9.3/../../../../arm-none-eabi/lib\libc.a(lib_a-memcpy.o)
 .bss           0x0001b534        0x0 c:/program files (x86)/gnu tools arm embedded/4.9 2015q1/bin/../lib/gcc/arm-none-eabi/4.9.3/../../../../arm-none-eabi/lib\libc.a(lib_a-memset.o)
 COMMON         0x0001b534       0x18 ./src/FrameBuffer.o
                0x0001b534                fb_info
OUTPUT(Radecki_V0.elf elf32-littlearm)

.ARM.attributes
                0x00000000       0x39
 .ARM.attributes
                0x00000000       0x29 ./src/Asetup.o
 .ARM.attributes
                0x00000029       0x29 ./src/Avectors.o
 .ARM.attributes
                0x00000052       0x3d ./src/FrameBuffer.o
 .ARM.attributes
                0x0000008f       0x3d ./src/GPIO.o
 .ARM.attributes
                0x000000cc       0x3d ./src/Mailbox.o
 .ARM.attributes
                0x00000109       0x3d ./src/SystemTimer.o
 .ARM.attributes
                0x00000146       0x3d ./src/armtimer.o
 .ARM.attributes
                0x00000183       0x3d ./src/bcm2835.o
 .ARM.attributes
                0x000001c0       0x3d ./src/main.o
 .ARM.attributes
                0x000001fd       0x3d ./src/periph.o
 .ARM.attributes
                0x0000023a       0x3d ./src/raspi.o
 .ARM.attributes
                0x00000277       0x3d ./src/rpi-mailbox-interface.o
 .ARM.attributes
                0x000002b4       0x3d ./src/rpi-mailbox.o
 .ARM.attributes
                0x000002f1       0x30 c:/program files (x86)/gnu tools arm embedded/4.9 2015q1/bin/../lib/gcc/arm-none-eabi/4.9.3/../../../../arm-none-eabi/lib\libc.a(lib_a-memcpy.o)
 .ARM.attributes
                0x00000321       0x30 c:/program files (x86)/gnu tools arm embedded/4.9 2015q1/bin/../lib/gcc/arm-none-eabi/4.9.3/../../../../arm-none-eabi/lib\libc.a(lib_a-memset.o)

.comment        0x00000000       0x70
 .comment       0x00000000       0x70 ./src/FrameBuffer.o
                                 0x71 (size before relaxing)
 .comment       0x00000000       0x71 ./src/GPIO.o
 .comment       0x00000000       0x71 ./src/Mailbox.o
 .comment       0x00000000       0x71 ./src/SystemTimer.o
 .comment       0x00000000       0x71 ./src/armtimer.o
 .comment       0x00000000       0x71 ./src/bcm2835.o
 .comment       0x00000000       0x71 ./src/main.o
 .comment       0x00000000       0x71 ./src/periph.o
 .comment       0x00000000       0x71 ./src/raspi.o
 .comment       0x00000000       0x71 ./src/rpi-mailbox-interface.o
 .comment       0x00000000       0x71 ./src/rpi-mailbox.o

.debug_line     0x00000000     0x1fee
 .debug_line    0x00000000       0x68 ./src/Asetup.o
 .debug_line    0x00000068       0x49 ./src/Avectors.o
 .debug_line    0x000000b1      0x218 ./src/FrameBuffer.o
 .debug_line    0x000002c9       0xcf ./src/GPIO.o
 .debug_line    0x00000398       0xaf ./src/Mailbox.o
 .debug_line    0x00000447       0x73 ./src/SystemTimer.o
 .debug_line    0x000004ba      0x100 ./src/armtimer.o
 .debug_line    0x000005ba     0x10b6 ./src/bcm2835.o
 .debug_line    0x00001670      0x2fb ./src/main.o
 .debug_line    0x0000196b      0x1f5 ./src/periph.o
 .debug_line    0x00001b60       0x49 ./src/raspi.o
 .debug_line    0x00001ba9      0x3c8 ./src/rpi-mailbox-interface.o
 .debug_line    0x00001f71       0x7d ./src/rpi-mailbox.o

.debug_info     0x00000000     0x81c5
 .debug_info    0x00000000       0x7c ./src/Asetup.o
 .debug_info    0x0000007c       0x7e ./src/Avectors.o
 .debug_info    0x000000fa      0x570 ./src/FrameBuffer.o
 .debug_info    0x0000066a      0x276 ./src/GPIO.o
 .debug_info    0x000008e0      0x18a ./src/Mailbox.o
 .debug_info    0x00000a6a       0xf9 ./src/SystemTimer.o
 .debug_info    0x00000b63      0x308 ./src/armtimer.o
 .debug_info    0x00000e6b     0x5f6b ./src/bcm2835.o
 .debug_info    0x00006dd6      0x475 ./src/main.o
 .debug_info    0x0000724b      0x7f5 ./src/periph.o
 .debug_info    0x00007a40       0x68 ./src/raspi.o
 .debug_info    0x00007aa8      0x55b ./src/rpi-mailbox-interface.o
 .debug_info    0x00008003      0x1c2 ./src/rpi-mailbox.o

.debug_abbrev   0x00000000     0x10fb
 .debug_abbrev  0x00000000       0x14 ./src/Asetup.o
 .debug_abbrev  0x00000014       0x14 ./src/Avectors.o
 .debug_abbrev  0x00000028      0x262 ./src/FrameBuffer.o
 .debug_abbrev  0x0000028a      0x16b ./src/GPIO.o
 .debug_abbrev  0x000003f5       0xe2 ./src/Mailbox.o
 .debug_abbrev  0x000004d7       0x97 ./src/SystemTimer.o
 .debug_abbrev  0x0000056e      0x168 ./src/armtimer.o
 .debug_abbrev  0x000006d6      0x3b5 ./src/bcm2835.o
 .debug_abbrev  0x00000a8b      0x167 ./src/main.o
 .debug_abbrev  0x00000bf2      0x1d9 ./src/periph.o
 .debug_abbrev  0x00000dcb       0x29 ./src/raspi.o
 .debug_abbrev  0x00000df4      0x200 ./src/rpi-mailbox-interface.o
 .debug_abbrev  0x00000ff4      0x107 ./src/rpi-mailbox.o

.debug_aranges  0x00000000      0x4e8
 .debug_aranges
                0x00000000       0x20 ./src/Asetup.o
 .debug_aranges
                0x00000020       0x20 ./src/Avectors.o
 .debug_aranges
                0x00000040       0x48 ./src/FrameBuffer.o
 .debug_aranges
                0x00000088       0x38 ./src/GPIO.o
 .debug_aranges
                0x000000c0       0x28 ./src/Mailbox.o
 .debug_aranges
                0x000000e8       0x20 ./src/SystemTimer.o
 .debug_aranges
                0x00000108       0x60 ./src/armtimer.o
 .debug_aranges
                0x00000168      0x258 ./src/bcm2835.o
 .debug_aranges
                0x000003c0       0x20 ./src/main.o
 .debug_aranges
                0x000003e0       0x90 ./src/periph.o
 .debug_aranges
                0x00000470       0x18 ./src/raspi.o
 .debug_aranges
                0x00000488       0x38 ./src/rpi-mailbox-interface.o
 .debug_aranges
                0x000004c0       0x28 ./src/rpi-mailbox.o

.debug_loc      0x00000000     0x38a1
 .debug_loc     0x00000000      0x605 ./src/FrameBuffer.o
 .debug_loc     0x00000605      0x17a ./src/GPIO.o
 .debug_loc     0x0000077f       0x83 ./src/Mailbox.o
 .debug_loc     0x00000802       0x7a ./src/SystemTimer.o
 .debug_loc     0x0000087c     0x2bbc ./src/bcm2835.o
 .debug_loc     0x00003438       0x1e ./src/main.o
 .debug_loc     0x00003456      0x307 ./src/periph.o
 .debug_loc     0x0000375d       0x93 ./src/rpi-mailbox-interface.o
 .debug_loc     0x000037f0       0xb1 ./src/rpi-mailbox.o

.debug_ranges   0x00000000     0x1060
 .debug_ranges  0x00000000       0x88 ./src/FrameBuffer.o
 .debug_ranges  0x00000088       0x40 ./src/GPIO.o
 .debug_ranges  0x000000c8       0x18 ./src/Mailbox.o
 .debug_ranges  0x000000e0       0x10 ./src/SystemTimer.o
 .debug_ranges  0x000000f0       0x50 ./src/armtimer.o
 .debug_ranges  0x00000140      0xda8 ./src/bcm2835.o
 .debug_ranges  0x00000ee8       0x10 ./src/main.o
 .debug_ranges  0x00000ef8      0x128 ./src/periph.o
 .debug_ranges  0x00001020       0x28 ./src/rpi-mailbox-interface.o
 .debug_ranges  0x00001048       0x18 ./src/rpi-mailbox.o

.debug_macro    0x00000000     0x244c
 .debug_macro   0x00000000       0x53 ./src/FrameBuffer.o
 .debug_macro   0x00000053      0x862 ./src/FrameBuffer.o
 .debug_macro   0x000008b5       0x76 ./src/FrameBuffer.o
 .debug_macro   0x0000092b       0x28 ./src/FrameBuffer.o
 .debug_macro   0x00000953       0x22 ./src/FrameBuffer.o
 .debug_macro   0x00000975      0x1c0 ./src/FrameBuffer.o
 .debug_macro   0x00000b35       0x3c ./src/GPIO.o
 .debug_macro   0x00000b71      0x1ba ./src/GPIO.o
 .debug_macro   0x00000d2b       0x4c ./src/GPIO.o
 .debug_macro   0x00000d77       0x45 ./src/Mailbox.o
 .debug_macro   0x00000dbc       0x1c ./src/Mailbox.o
 .debug_macro   0x00000dd8       0x2d ./src/SystemTimer.o
 .debug_macro   0x00000e05       0x3c ./src/armtimer.o
 .debug_macro   0x00000e41       0x82 ./src/armtimer.o
 .debug_macro   0x00000ec3       0x64 ./src/armtimer.o
 .debug_macro   0x00000f27       0x1a ./src/bcm2835.o
 .debug_macro   0x00000f41      0x4b8 ./src/bcm2835.o
 .debug_macro   0x000013f9      0x12c ./src/main.o
 .debug_macro   0x00001525       0x58 ./src/main.o
 .debug_macro   0x0000157d       0x22 ./src/main.o
 .debug_macro   0x0000159f       0x35 ./src/main.o
 .debug_macro   0x000015d4       0x9c ./src/main.o
 .debug_macro   0x00001670      0x16d ./src/main.o
 .debug_macro   0x000017dd       0x4a ./src/main.o
 .debug_macro   0x00001827       0x52 ./src/main.o
 .debug_macro   0x00001879       0x16 ./src/main.o
 .debug_macro   0x0000188f       0x43 ./src/main.o
 .debug_macro   0x000018d2      0x180 ./src/main.o
 .debug_macro   0x00001a52      0x27a ./src/main.o
 .debug_macro   0x00001ccc       0x10 ./src/main.o
 .debug_macro   0x00001cdc       0x35 ./src/main.o
 .debug_macro   0x00001d11       0x88 ./src/main.o
 .debug_macro   0x00001d99       0x33 ./src/periph.o
 .debug_macro   0x00001dcc       0x5e ./src/periph.o
 .debug_macro   0x00001e2a       0x24 ./src/raspi.o
 .debug_macro   0x00001e4e      0x128 ./src/rpi-mailbox-interface.o
 .debug_macro   0x00001f76       0x58 ./src/rpi-mailbox-interface.o
 .debug_macro   0x00001fce       0x16 ./src/rpi-mailbox-interface.o
 .debug_macro   0x00001fe4       0x97 ./src/rpi-mailbox-interface.o
 .debug_macro   0x0000207b       0xf6 ./src/rpi-mailbox-interface.o
 .debug_macro   0x00002171       0x10 ./src/rpi-mailbox-interface.o
 .debug_macro   0x00002181       0x22 ./src/rpi-mailbox-interface.o
 .debug_macro   0x000021a3       0xbd ./src/rpi-mailbox-interface.o
 .debug_macro   0x00002260       0x16 ./src/rpi-mailbox-interface.o
 .debug_macro   0x00002276      0x196 ./src/rpi-mailbox-interface.o
 .debug_macro   0x0000240c       0x16 ./src/rpi-mailbox-interface.o
 .debug_macro   0x00002422       0x10 ./src/rpi-mailbox-interface.o
 .debug_macro   0x00002432       0x1a ./src/rpi-mailbox.o

.debug_str      0x00000000     0x90c5
 .debug_str     0x00000000     0x2e36 ./src/FrameBuffer.o
                               0x2ed3 (size before relaxing)
 .debug_str     0x00002e36      0x149 ./src/GPIO.o
                               0x2d79 (size before relaxing)
 .debug_str     0x00002f7f       0x2f ./src/Mailbox.o
                               0x2e08 (size before relaxing)
 .debug_str     0x00002fae       0x35 ./src/SystemTimer.o
                               0x28d1 (size before relaxing)
 .debug_str     0x00002fe3      0x6d7 ./src/armtimer.o
                               0x2e9a (size before relaxing)
 .debug_str     0x000036ba     0x1f65 ./src/bcm2835.o
                               0x44b0 (size before relaxing)
 .debug_str     0x0000561f     0x2586 ./src/main.o
                               0x5a2d (size before relaxing)
 .debug_str     0x00007ba5       0x87 ./src/periph.o
                               0x2c46 (size before relaxing)
 .debug_str     0x00007c2c        0xf ./src/raspi.o
                               0x27ba (size before relaxing)
 .debug_str     0x00007c3b     0x13f6 ./src/rpi-mailbox-interface.o
                               0x5f35 (size before relaxing)
 .debug_str     0x00009031       0x94 ./src/rpi-mailbox.o
                               0x2654 (size before relaxing)

.debug_frame    0x00000000      0xb50
 .debug_frame   0x00000000       0xc4 ./src/FrameBuffer.o
 .debug_frame   0x000000c4       0x70 ./src/GPIO.o
 .debug_frame   0x00000134       0x48 ./src/Mailbox.o
 .debug_frame   0x0000017c       0x2c ./src/SystemTimer.o
 .debug_frame   0x000001a8       0xbc ./src/armtimer.o
 .debug_frame   0x00000264      0x5f0 ./src/bcm2835.o
 .debug_frame   0x00000854       0x38 ./src/main.o
 .debug_frame   0x0000088c      0x198 ./src/periph.o
 .debug_frame   0x00000a24       0x94 ./src/rpi-mailbox-interface.o
 .debug_frame   0x00000ab8       0x30 ./src/rpi-mailbox.o
 .debug_frame   0x00000ae8       0x38 c:/program files (x86)/gnu tools arm embedded/4.9 2015q1/bin/../lib/gcc/arm-none-eabi/4.9.3/../../../../arm-none-eabi/lib\libc.a(lib_a-memcpy.o)
 .debug_frame   0x00000b20       0x30 c:/program files (x86)/gnu tools arm embedded/4.9 2015q1/bin/../lib/gcc/arm-none-eabi/4.9.3/../../../../arm-none-eabi/lib\libc.a(lib_a-memset.o)
