Archive member included because of file (symbol)

c:/program files (x86)/gnu tools arm embedded/4.9 2015q1/bin/../lib/gcc/arm-none-eabi/4.9.3/../../../../arm-none-eabi/lib\libc.a(lib_a-memcpy.o)
                              ./src/rpi-mailbox-interface.o (memcpy)
c:/program files (x86)/gnu tools arm embedded/4.9 2015q1/bin/../lib/gcc/arm-none-eabi/4.9.3/../../../../arm-none-eabi/lib\libc.a(lib_a-memset.o)
                              ./src/FrameBuffer.o (memset)

Allocating common symbols
Common symbol       size              file

fb_info             0x18              ./src/FrameBuffer.o

Discarded input sections

 .group         0x00000000        0x8 ./src/FrameBuffer.o
 .group         0x00000000        0x8 ./src/FrameBuffer.o
 .group         0x00000000        0x8 ./src/FrameBuffer.o
 .group         0x00000000        0x8 ./src/FrameBuffer.o
 .group         0x00000000        0x8 ./src/FrameBuffer.o
 .group         0x00000000        0x8 ./src/FrameBuffer.o
 .group         0x00000000        0x8 ./src/GPIO.o
 .group         0x00000000        0x8 ./src/GPIO.o
 .group         0x00000000        0x8 ./src/GPIO.o
 .group         0x00000000        0x8 ./src/GPIO.o
 .debug_macro   0x00000000      0x862 ./src/GPIO.o
 .debug_macro   0x00000000       0x76 ./src/GPIO.o
 .group         0x00000000        0x8 ./src/Mailbox.o
 .group         0x00000000        0x8 ./src/Mailbox.o
 .group         0x00000000        0x8 ./src/Mailbox.o
 .group         0x00000000        0x8 ./src/Mailbox.o
 .group         0x00000000        0x8 ./src/Mailbox.o
 .debug_macro   0x00000000      0x862 ./src/Mailbox.o
 .debug_macro   0x00000000       0x76 ./src/Mailbox.o
 .debug_macro   0x00000000       0x4c ./src/Mailbox.o
 .debug_macro   0x00000000      0x1c0 ./src/Mailbox.o
 .group         0x00000000        0x8 ./src/SystemTimer.o
 .group         0x00000000        0x8 ./src/SystemTimer.o
 .group         0x00000000        0x8 ./src/SystemTimer.o
 .debug_macro   0x00000000      0x862 ./src/SystemTimer.o
 .debug_macro   0x00000000       0x4c ./src/SystemTimer.o
 .debug_macro   0x00000000       0x76 ./src/SystemTimer.o
 .group         0x00000000        0x8 ./src/armtimer.o
 .group         0x00000000        0x8 ./src/armtimer.o
 .group         0x00000000        0x8 ./src/armtimer.o
 .group         0x00000000        0x8 ./src/armtimer.o
 .debug_macro   0x00000000      0x862 ./src/armtimer.o
 .debug_macro   0x00000000       0x76 ./src/armtimer.o
 .debug_macro   0x00000000       0x64 ./src/armtimer.o
 .group         0x00000000        0x8 ./src/bcm2835.o
 .group         0x00000000        0x8 ./src/bcm2835.o
 .debug_macro   0x00000000      0x862 ./src/bcm2835.o
 .group         0x00000000        0x8 ./src/main.o
 .group         0x00000000        0x8 ./src/main.o
 .group         0x00000000        0x8 ./src/main.o
 .group         0x00000000        0x8 ./src/main.o
 .group         0x00000000        0x8 ./src/main.o
 .group         0x00000000        0x8 ./src/main.o
 .group         0x00000000        0x8 ./src/main.o
 .group         0x00000000        0x8 ./src/main.o
 .group         0x00000000        0x8 ./src/main.o
 .group         0x00000000        0x8 ./src/main.o
 .group         0x00000000        0x8 ./src/main.o
 .group         0x00000000        0x8 ./src/main.o
 .group         0x00000000        0x8 ./src/main.o
 .group         0x00000000        0x8 ./src/main.o
 .group         0x00000000        0x8 ./src/main.o
 .group         0x00000000        0x8 ./src/main.o
 .group         0x00000000        0x8 ./src/main.o
 .group         0x00000000        0x8 ./src/main.o
 .group         0x00000000        0x8 ./src/main.o
 .group         0x00000000        0x8 ./src/main.o
 .group         0x00000000        0x8 ./src/main.o
 .debug_macro   0x00000000      0x862 ./src/main.o
 .debug_macro   0x00000000      0x1c0 ./src/main.o
 .debug_macro   0x00000000       0x4c ./src/main.o
 .debug_macro   0x00000000       0x64 ./src/main.o
 .debug_macro   0x00000000       0x28 ./src/main.o
 .debug_macro   0x00000000       0x76 ./src/main.o
 .debug_macro   0x00000000       0x22 ./src/main.o
 .group         0x00000000        0x8 ./src/periph.o
 .group         0x00000000        0x8 ./src/periph.o
 .group         0x00000000        0x8 ./src/periph.o
 .debug_macro   0x00000000      0x862 ./src/periph.o
 .debug_macro   0x00000000      0x1c0 ./src/periph.o
 .group         0x00000000        0x8 ./src/raspi.o
 .group         0x00000000        0x8 ./src/raspi.o
 .debug_macro   0x00000000      0x862 ./src/raspi.o
 .debug_macro   0x00000000       0x76 ./src/raspi.o
 .group         0x00000000        0x8 ./src/rpi-mailbox-interface.o
 .group         0x00000000        0x8 ./src/rpi-mailbox-interface.o
 .group         0x00000000        0x8 ./src/rpi-mailbox-interface.o
 .group         0x00000000        0x8 ./src/rpi-mailbox-interface.o
 .group         0x00000000        0x8 ./src/rpi-mailbox-interface.o
 .group         0x00000000        0x8 ./src/rpi-mailbox-interface.o
 .group         0x00000000        0x8 ./src/rpi-mailbox-interface.o
 .group         0x00000000        0x8 ./src/rpi-mailbox-interface.o
 .group         0x00000000        0x8 ./src/rpi-mailbox-interface.o
 .group         0x00000000        0x8 ./src/rpi-mailbox-interface.o
 .group         0x00000000        0x8 ./src/rpi-mailbox-interface.o
 .group         0x00000000        0x8 ./src/rpi-mailbox-interface.o
 .group         0x00000000        0x8 ./src/rpi-mailbox-interface.o
 .group         0x00000000        0x8 ./src/rpi-mailbox-interface.o
 .group         0x00000000        0x8 ./src/rpi-mailbox-interface.o
 .group         0x00000000        0x8 ./src/rpi-mailbox-interface.o
 .group         0x00000000        0x8 ./src/rpi-mailbox-interface.o
 .group         0x00000000        0x8 ./src/rpi-mailbox-interface.o
 .group         0x00000000        0x8 ./src/rpi-mailbox-interface.o
 .group         0x00000000        0x8 ./src/rpi-mailbox-interface.o
 .group         0x00000000        0x8 ./src/rpi-mailbox-interface.o
 .group         0x00000000        0x8 ./src/rpi-mailbox-interface.o
 .group         0x00000000        0x8 ./src/rpi-mailbox-interface.o
 .debug_macro   0x00000000      0x862 ./src/rpi-mailbox-interface.o
 .debug_macro   0x00000000       0x58 ./src/rpi-mailbox-interface.o
 .debug_macro   0x00000000       0x22 ./src/rpi-mailbox-interface.o
 .debug_macro   0x00000000       0x35 ./src/rpi-mailbox-interface.o
 .debug_macro   0x00000000       0x9c ./src/rpi-mailbox-interface.o
 .debug_macro   0x00000000       0x4a ./src/rpi-mailbox-interface.o
 .debug_macro   0x00000000      0x27a ./src/rpi-mailbox-interface.o
 .debug_macro   0x00000000       0x52 ./src/rpi-mailbox-interface.o
 .debug_macro   0x00000000       0x16 ./src/rpi-mailbox-interface.o
 .debug_macro   0x00000000       0x43 ./src/rpi-mailbox-interface.o
 .debug_macro   0x00000000      0x180 ./src/rpi-mailbox-interface.o
 .debug_macro   0x00000000       0x35 ./src/rpi-mailbox-interface.o
 .group         0x00000000        0x8 ./src/rpi-mailbox.o
 .group         0x00000000        0x8 ./src/rpi-mailbox.o
 .debug_macro   0x00000000      0x862 ./src/rpi-mailbox.o
 .debug_macro   0x00000000       0x10 ./src/rpi-mailbox.o

Memory Configuration

Name             Origin             Length             Attributes
ram              0x00010000         0x01000000
*default*        0x00000000         0xffffffff

Linker script and memory map

START GROUP
LOAD c:/program files (x86)/gnu tools arm embedded/4.9 2015q1/bin/../lib/gcc/arm-none-eabi/4.9.3\libgcc.a
LOAD c:/program files (x86)/gnu tools arm embedded/4.9 2015q1/bin/../lib/gcc/arm-none-eabi/4.9.3/../../../../arm-none-eabi/lib\libc.a
LOAD c:/program files (x86)/gnu tools arm embedded/4.9 2015q1/bin/../lib/gcc/arm-none-eabi/4.9.3/../../../../arm-none-eabi/lib\librdimon.a
END GROUP
LOAD ./src/Asetup.o
LOAD ./src/Avectors.o
LOAD ./src/FrameBuffer.o
LOAD ./src/GPIO.o
LOAD ./src/Mailbox.o
LOAD ./src/SystemTimer.o
LOAD ./src/armtimer.o
LOAD ./src/bcm2835.o
LOAD ./src/main.o
LOAD ./src/periph.o
LOAD ./src/raspi.o
LOAD ./src/rpi-mailbox-interface.o
LOAD ./src/rpi-mailbox.o
LOAD c:/program files (x86)/gnu tools arm embedded/4.9 2015q1/bin/../lib/gcc/arm-none-eabi/4.9.3/../../../../arm-none-eabi/lib\libstdc++.a
LOAD c:/program files (x86)/gnu tools arm embedded/4.9 2015q1/bin/../lib/gcc/arm-none-eabi/4.9.3/../../../../arm-none-eabi/lib\libm.a
LOAD c:/program files (x86)/gnu tools arm embedded/4.9 2015q1/bin/../lib/gcc/arm-none-eabi/4.9.3/../../../../arm-none-eabi/lib\libc.a
START GROUP
LOAD c:/program files (x86)/gnu tools arm embedded/4.9 2015q1/bin/../lib/gcc/arm-none-eabi/4.9.3\libgcc.a
LOAD c:/program files (x86)/gnu tools arm embedded/4.9 2015q1/bin/../lib/gcc/arm-none-eabi/4.9.3/../../../../arm-none-eabi/lib\libg.a
LOAD c:/program files (x86)/gnu tools arm embedded/4.9 2015q1/bin/../lib/gcc/arm-none-eabi/4.9.3/../../../../arm-none-eabi/lib\libc.a
END GROUP
START GROUP
LOAD c:/program files (x86)/gnu tools arm embedded/4.9 2015q1/bin/../lib/gcc/arm-none-eabi/4.9.3\libgcc.a
LOAD c:/program files (x86)/gnu tools arm embedded/4.9 2015q1/bin/../lib/gcc/arm-none-eabi/4.9.3/../../../../arm-none-eabi/lib\libc.a
LOAD c:/program files (x86)/gnu tools arm embedded/4.9 2015q1/bin/../lib/gcc/arm-none-eabi/4.9.3/../../../../arm-none-eabi/lib\librdimon.a
END GROUP

.text           0x00010000     0x3640
 *(.text*)
 .text          0x00010000      0x5a4 ./src/Asetup.o
                0x00010000                asm_start
                0x00010078                MemoryBarrier
                0x0001008c                dummy
                0x00010590                exc_stack
                0x00010590                supervisor_sp
                0x00010594                _enable_interrupts
 .text          0x000105a4       0x2c ./src/Avectors.o
                0x000105a4                PUT32
                0x000105ac                PUT16
                0x000105b4                PUT8
                0x000105bc                GET32
                0x000105c4                GETPC
                0x000105cc                BRANCHTO
 .text          0x000105d0        0x0 ./src/FrameBuffer.o
 .text.InitialiseFrameBuffer
                0x000105d0      0x248 ./src/FrameBuffer.o
                0x000105d0                InitialiseFrameBuffer
 .text.TestPattern
                0x00010818       0x3c ./src/FrameBuffer.o
                0x00010818                TestPattern
 .text.DrawPixel
                0x00010854       0x20 ./src/FrameBuffer.o
                0x00010854                DrawPixel
 .text.DrawLine
                0x00010874       0xdc ./src/FrameBuffer.o
                0x00010874                DrawLine
 .text.DrawPixelK
                0x00010950       0x20 ./src/FrameBuffer.o
                0x00010950                DrawPixelK
 .text.DrawLineK
                0x00010970       0xa0 ./src/FrameBuffer.o
                0x00010970                DrawLineK
 .text.DrawRectK
                0x00010a10       0x58 ./src/FrameBuffer.o
                0x00010a10                DrawRectK
 .text.DrawRectKTesting
                0x00010a68       0x5c ./src/FrameBuffer.o
                0x00010a68                DrawRectKTesting
 .text.ClearScreen
                0x00010ac4       0x70 ./src/FrameBuffer.o
                0x00010ac4                ClearScreen
 .text.FillScreen
                0x00010b34       0x5c ./src/FrameBuffer.o
                0x00010b34                FillScreen
 .text          0x00010b90        0x0 ./src/GPIO.o
 .text.SetPinFunction
                0x00010b90       0x60 ./src/GPIO.o
                0x00010b90                SetPinFunction
 .text.SetPin   0x00010bf0       0x14 ./src/GPIO.o
                0x00010bf0                SetPin
 .text.ClearPin
                0x00010c04       0x14 ./src/GPIO.o
                0x00010c04                ClearPin
 .text.ErrorFlash
                0x00010c18       0x6c ./src/GPIO.o
                0x00010c18                ErrorFlash
 .text          0x00010c84        0x0 ./src/Mailbox.o
 .text.MailboxWrite
                0x00010c84       0x40 ./src/Mailbox.o
                0x00010c84                MailboxWrite
 .text.MailboxRead
                0x00010cc4       0x50 ./src/Mailbox.o
                0x00010cc4                MailboxRead
 .text          0x00010d14        0x0 ./src/SystemTimer.o
 .text.wait     0x00010d14       0x4c ./src/SystemTimer.o
                0x00010d14                wait
 .text          0x00010d60        0x0 ./src/armtimer.o
 .text.arm_timer_freerun_init
                0x00010d60       0x2c ./src/armtimer.o
                0x00010d60                arm_timer_freerun_init
 .text.arm_timer_freerun_tick
                0x00010d8c        0xc ./src/armtimer.o
                0x00010d8c                arm_timer_freerun_tick
 .text.RPI_GetIrqController
                0x00010d98        0xc ./src/armtimer.o
                0x00010d98                RPI_GetIrqController
 .text.RPI_GetArmTimer
                0x00010da4        0xc ./src/armtimer.o
                0x00010da4                RPI_GetArmTimer
 .text.arm_timer_init
                0x00010db0       0x14 ./src/armtimer.o
                0x00010db0                arm_timer_init
 .text.arm_timer_stop
                0x00010dc4       0x14 ./src/armtimer.o
                0x00010dc4                arm_timer_stop
 .text.arm_timer_restart
                0x00010dd8       0x14 ./src/armtimer.o
                0x00010dd8                arm_timer_restart
 .text.arm_timer_tick
                0x00010dec       0x10 ./src/armtimer.o
                0x00010dec                arm_timer_tick
 .text.interrupt_vector
                0x00010dfc       0x28 ./src/armtimer.o
                0x00010dfc                interrupt_vector
 .text          0x00010e24        0x0 ./src/bcm2835.o
 .text.bcm2835_set_debug
                0x00010e24       0x10 ./src/bcm2835.o
                0x00010e24                bcm2835_set_debug
 .text.bcm2835_peri_read
                0x00010e34       0x10 ./src/bcm2835.o
                0x00010e34                bcm2835_peri_read
 .text.bcm2835_peri_read_nb
                0x00010e44        0x8 ./src/bcm2835.o
                0x00010e44                bcm2835_peri_read_nb
 .text.bcm2835_peri_write
                0x00010e4c        0xc ./src/bcm2835.o
                0x00010e4c                bcm2835_peri_write
 .text.bcm2835_peri_write_nb
                0x00010e58        0x8 ./src/bcm2835.o
                0x00010e58                bcm2835_peri_write_nb
 .text.bcm2835_peri_set_bits
                0x00010e60       0x20 ./src/bcm2835.o
                0x00010e60                bcm2835_peri_set_bits
 .text.bcm2835_gpio_fsel
                0x00010e80       0x60 ./src/bcm2835.o
                0x00010e80                bcm2835_gpio_fsel
 .text.bcm2835_gpio_set
                0x00010ee0       0x2c ./src/bcm2835.o
                0x00010ee0                bcm2835_gpio_set
 .text.bcm2835_gpio_clr
                0x00010f0c       0x2c ./src/bcm2835.o
                0x00010f0c                bcm2835_gpio_clr
 .text.bcm2835_gpio_set_multi
                0x00010f38       0x18 ./src/bcm2835.o
                0x00010f38                bcm2835_gpio_set_multi
 .text.bcm2835_gpio_clr_multi
                0x00010f50       0x18 ./src/bcm2835.o
                0x00010f50                bcm2835_gpio_clr_multi
 .text.bcm2835_gpio_lev
                0x00010f68       0x34 ./src/bcm2835.o
                0x00010f68                bcm2835_gpio_lev
 .text.bcm2835_gpio_eds
                0x00010f9c       0x34 ./src/bcm2835.o
                0x00010f9c                bcm2835_gpio_eds
 .text.bcm2835_gpio_set_eds
                0x00010fd0       0x2c ./src/bcm2835.o
                0x00010fd0                bcm2835_gpio_set_eds
 .text.bcm2835_gpio_ren
                0x00010ffc       0x38 ./src/bcm2835.o
                0x00010ffc                bcm2835_gpio_ren
 .text.bcm2835_gpio_clr_ren
                0x00011034       0x38 ./src/bcm2835.o
                0x00011034                bcm2835_gpio_clr_ren
 .text.bcm2835_gpio_fen
                0x0001106c       0x38 ./src/bcm2835.o
                0x0001106c                bcm2835_gpio_fen
 .text.bcm2835_gpio_clr_fen
                0x000110a4       0x38 ./src/bcm2835.o
                0x000110a4                bcm2835_gpio_clr_fen
 .text.bcm2835_gpio_hen
                0x000110dc       0x38 ./src/bcm2835.o
                0x000110dc                bcm2835_gpio_hen
 .text.bcm2835_gpio_clr_hen
                0x00011114       0x38 ./src/bcm2835.o
                0x00011114                bcm2835_gpio_clr_hen
 .text.bcm2835_gpio_len
                0x0001114c       0x38 ./src/bcm2835.o
                0x0001114c                bcm2835_gpio_len
 .text.bcm2835_gpio_clr_len
                0x00011184       0x38 ./src/bcm2835.o
                0x00011184                bcm2835_gpio_clr_len
 .text.bcm2835_gpio_aren
                0x000111bc       0x38 ./src/bcm2835.o
                0x000111bc                bcm2835_gpio_aren
 .text.bcm2835_gpio_clr_aren
                0x000111f4       0x38 ./src/bcm2835.o
                0x000111f4                bcm2835_gpio_clr_aren
 .text.bcm2835_gpio_afen
                0x0001122c       0x38 ./src/bcm2835.o
                0x0001122c                bcm2835_gpio_afen
 .text.bcm2835_gpio_clr_afen
                0x00011264       0x38 ./src/bcm2835.o
                0x00011264                bcm2835_gpio_clr_afen
 .text.bcm2835_gpio_pud
                0x0001129c       0x18 ./src/bcm2835.o
                0x0001129c                bcm2835_gpio_pud
 .text.bcm2835_gpio_pudclk
                0x000112b4       0x30 ./src/bcm2835.o
                0x000112b4                bcm2835_gpio_pudclk
 .text.bcm2835_gpio_pad
                0x000112e4       0x20 ./src/bcm2835.o
                0x000112e4                bcm2835_gpio_pad
 .text.bcm2835_gpio_set_pad
                0x00011304       0x24 ./src/bcm2835.o
                0x00011304                bcm2835_gpio_set_pad
 .text.bcm2835_delay
                0x00011328       0x74 ./src/bcm2835.o
                0x00011328                bcm2835_delay
 .text.bcm2835_delayMicroseconds
                0x0001139c       0x6c ./src/bcm2835.o
                0x0001139c                bcm2835_delayMicroseconds
 .text.bcm2835_gpio_write
                0x00011408       0x34 ./src/bcm2835.o
                0x00011408                bcm2835_gpio_write
 .text.bcm2835_gpio_write_multi
                0x0001143c       0x24 ./src/bcm2835.o
                0x0001143c                bcm2835_gpio_write_multi
 .text.bcm2835_gpio_write_mask
                0x00011460       0x28 ./src/bcm2835.o
                0x00011460                bcm2835_gpio_write_mask
 .text.bcm2835_gpio_set_pud
                0x00011488      0x108 ./src/bcm2835.o
                0x00011488                bcm2835_gpio_set_pud
 .text.bcm2835_spi_begin
                0x00011590       0xac ./src/bcm2835.o
                0x00011590                bcm2835_spi_begin
 .text.bcm2835_spi_end
                0x0001163c       0x74 ./src/bcm2835.o
                0x0001163c                bcm2835_spi_end
 .text.bcm2835_spi_setBitOrder
                0x000116b0        0x4 ./src/bcm2835.o
                0x000116b0                bcm2835_spi_setBitOrder
 .text.bcm2835_spi_setClockDivider
                0x000116b4       0x18 ./src/bcm2835.o
                0x000116b4                bcm2835_spi_setClockDivider
 .text.bcm2835_spi_setDataMode
                0x000116cc       0x30 ./src/bcm2835.o
                0x000116cc                bcm2835_spi_setDataMode
 .text.bcm2835_spi_transfer
                0x000116fc       0x74 ./src/bcm2835.o
                0x000116fc                bcm2835_spi_transfer
 .text.bcm2835_spi_transfernb
                0x00011770      0x108 ./src/bcm2835.o
                0x00011770                bcm2835_spi_transfernb
 .text.bcm2835_spi_writenb
                0x00011878       0xc0 ./src/bcm2835.o
                0x00011878                bcm2835_spi_writenb
 .text.bcm2835_spi_transfern
                0x00011938        0xc ./src/bcm2835.o
                0x00011938                bcm2835_spi_transfern
 .text.bcm2835_spi_chipSelect
                0x00011944       0x2c ./src/bcm2835.o
                0x00011944                bcm2835_spi_chipSelect
 .text.bcm2835_spi_setChipSelectPolarity
                0x00011970       0x3c ./src/bcm2835.o
                0x00011970                bcm2835_spi_setChipSelectPolarity
 .text.bcm2835_i2c_begin
                0x000119ac       0x94 ./src/bcm2835.o
                0x000119ac                bcm2835_i2c_begin
 .text.bcm2835_i2c_end
                0x00011a40       0x38 ./src/bcm2835.o
                0x00011a40                bcm2835_i2c_end
 .text.bcm2835_i2c_setSlaveAddress
                0x00011a78       0x18 ./src/bcm2835.o
                0x00011a78                bcm2835_i2c_setSlaveAddress
 .text.bcm2835_i2c_setClockDivider
                0x00011a90       0x54 ./src/bcm2835.o
                0x00011a90                bcm2835_i2c_setClockDivider
 .text.bcm2835_i2c_set_baudrate
                0x00011ae4       0x68 ./src/bcm2835.o
                0x00011ae4                bcm2835_i2c_set_baudrate
 .text.bcm2835_i2c_write
                0x00011b4c      0x11c ./src/bcm2835.o
                0x00011b4c                bcm2835_i2c_write
 .text.bcm2835_i2c_read
                0x00011c68      0x10c ./src/bcm2835.o
                0x00011c68                bcm2835_i2c_read
 .text.bcm2835_i2c_read_register_rs
                0x00011d74      0x1c8 ./src/bcm2835.o
                0x00011d74                bcm2835_i2c_read_register_rs
 .text.bcm2835_i2c_write_read_rs
                0x00011f3c      0x1e8 ./src/bcm2835.o
                0x00011f3c                bcm2835_i2c_write_read_rs
 .text.bcm2835_st_read
                0x00012124       0x2c ./src/bcm2835.o
                0x00012124                bcm2835_st_read
 .text.bcm2835_st_delay
                0x00012150       0x48 ./src/bcm2835.o
                0x00012150                bcm2835_st_delay
 .text.bcm2835_pwm_set_clock
                0x00012198      0x12c ./src/bcm2835.o
                0x00012198                bcm2835_pwm_set_clock
 .text.bcm2835_pwm_set_mode
                0x000122c4       0x68 ./src/bcm2835.o
                0x000122c4                bcm2835_pwm_set_mode
 .text.bcm2835_pwm_set_range
                0x0001232c       0x34 ./src/bcm2835.o
                0x0001232c                bcm2835_pwm_set_range
 .text.bcm2835_pwm_set_data
                0x00012360       0x34 ./src/bcm2835.o
                0x00012360                bcm2835_pwm_set_data
 .text.bcm2835_aux_muart_init
                0x00012394       0x9c ./src/bcm2835.o
                0x00012394                bcm2835_aux_muart_init
 .text.bcm2835_aux_muart_transfer
                0x00012430       0x24 ./src/bcm2835.o
                0x00012430                bcm2835_aux_muart_transfer
 .text.bcm2835_aux_muart_transfernb
                0x00012454       0x70 ./src/bcm2835.o
                0x00012454                bcm2835_aux_muart_transfernb
 .text.bcm2835_aux_muart_transfer_hex
                0x000124c4       0x68 ./src/bcm2835.o
                0x000124c4                bcm2835_aux_muart_transfer_hex
 .text.bcm2835_aux_muart_transfer_hexnl
                0x0001252c       0x98 ./src/bcm2835.o
                0x0001252c                bcm2835_aux_muart_transfer_hexnl
 .text.bcm2835_mail_write
                0x000125c4       0x30 ./src/bcm2835.o
                0x000125c4                bcm2835_mail_write
 .text.bcm2835_mail_read
                0x000125f4       0x30 ./src/bcm2835.o
                0x000125f4                bcm2835_mail_read
 .text.bcm2835_fb_init
                0x00012624      0x164 ./src/bcm2835.o
                0x00012624                bcm2835_fb_init
 .text.bcm2835_init
                0x00012788       0xd4 ./src/bcm2835.o
                0x00012788                bcm2835_init
 .text.bcm2835_close
                0x0001285c        0x8 ./src/bcm2835.o
                0x0001285c                bcm2835_close
 .text          0x00012864        0x0 ./src/main.o
 .text.not_main
                0x00012864      0x23c ./src/main.o
                0x00012864                not_main
 .text          0x00012aa0        0x0 ./src/periph.o
 .text.uart_lcr
                0x00012aa0        0xc ./src/periph.o
                0x00012aa0                uart_lcr
 .text.uart_recv
                0x00012aac       0x2c ./src/periph.o
                0x00012aac                uart_recv
 .text.uart_check
                0x00012ad8       0x18 ./src/periph.o
                0x00012ad8                uart_check
 .text.uart_send
                0x00012af0       0x30 ./src/periph.o
                0x00012af0                uart_send
 .text.uart_flush
                0x00012b20       0x1c ./src/periph.o
                0x00012b20                uart_flush
 .text.hexstrings
                0x00012b3c       0x78 ./src/periph.o
                0x00012b3c                hexstrings
 .text.hexstring
                0x00012bb4       0xc0 ./src/periph.o
                0x00012bb4                hexstring
 .text.uart_sendC
                0x00012c74       0x94 ./src/periph.o
                0x00012c74                uart_sendC
 .text.uart_init
                0x00012d08      0x118 ./src/periph.o
                0x00012d08                uart_init
 .text.prepare_led_act
                0x00012e20       0xb0 ./src/periph.o
                0x00012e20                prepare_led_act
 .text.prepare_led_pwr
                0x00012ed0       0xb0 ./src/periph.o
                0x00012ed0                prepare_led_pwr
 .text.led_act_ON
                0x00012f80       0x10 ./src/periph.o
                0x00012f80                led_act_ON
 .text.led_act_OFF
                0x00012f90       0x10 ./src/periph.o
                0x00012f90                led_act_OFF
 .text.led_pwr_ON
                0x00012fa0       0x10 ./src/periph.o
                0x00012fa0                led_pwr_ON
 .text.led_pwr_OFF
                0x00012fb0       0x10 ./src/periph.o
                0x00012fb0                led_pwr_OFF
 .text          0x00012fc0        0x0 ./src/raspi.o
 .text          0x00012fc0        0x0 ./src/rpi-mailbox-interface.o
 .text.RPI_PropertyInit
                0x00012fc0       0x30 ./src/rpi-mailbox-interface.o
                0x00012fc0                RPI_PropertyInit
 .text.RPI_PropertyAddTag
                0x00012ff0      0x328 ./src/rpi-mailbox-interface.o
                0x00012ff0                RPI_PropertyAddTag
 .text.RPI_PropertyProcess
                0x00013318       0x44 ./src/rpi-mailbox-interface.o
                0x00013318                RPI_PropertyProcess
 .text.RPI_PropertyGet
                0x0001335c       0x94 ./src/rpi-mailbox-interface.o
                0x0001335c                RPI_PropertyGet
 .text          0x000133f0        0x0 ./src/rpi-mailbox.o
 .text.RPI_Mailbox0Write
                0x000133f0       0x2c ./src/rpi-mailbox.o
                0x000133f0                RPI_Mailbox0Write
 .text.RPI_Mailbox0Read
                0x0001341c       0x40 ./src/rpi-mailbox.o
                0x0001341c                RPI_Mailbox0Read
 .text          0x0001345c        0x0 c:/program files (x86)/gnu tools arm embedded/4.9 2015q1/bin/../lib/gcc/arm-none-eabi/4.9.3/../../../../arm-none-eabi/lib\libc.a(lib_a-memcpy.o)
 .text.memcpy   0x0001345c       0xf0 c:/program files (x86)/gnu tools arm embedded/4.9 2015q1/bin/../lib/gcc/arm-none-eabi/4.9.3/../../../../arm-none-eabi/lib\libc.a(lib_a-memcpy.o)
                0x0001345c                memcpy
 .text          0x0001354c        0x0 c:/program files (x86)/gnu tools arm embedded/4.9 2015q1/bin/../lib/gcc/arm-none-eabi/4.9.3/../../../../arm-none-eabi/lib\libc.a(lib_a-memset.o)
 .text.memset   0x0001354c       0xf4 c:/program files (x86)/gnu tools arm embedded/4.9 2015q1/bin/../lib/gcc/arm-none-eabi/4.9.3/../../../../arm-none-eabi/lib\libc.a(lib_a-memset.o)
                0x0001354c                memset

.rodata.str1.4  0x00013640       0xd0
 .rodata.str1.4
                0x00013640       0x2e ./src/FrameBuffer.o
                                 0x30 (size before relaxing)
 *fill*         0x0001366e        0x2 
 .rodata.str1.4
                0x00013670       0x18 ./src/armtimer.o
 .rodata.str1.4
                0x00013688       0x65 ./src/main.o
                                 0x68 (size before relaxing)
 *fill*         0x000136ed        0x3 
 .rodata.str1.4
                0x000136f0       0x20 ./src/periph.o

.data           0x00013710        0x0
 .data          0x00013710        0x0 ./src/Asetup.o
 .data          0x00013710        0x0 ./src/Avectors.o
 .data          0x00013710        0x0 ./src/FrameBuffer.o
 .data          0x00013710        0x0 ./src/GPIO.o
 .data          0x00013710        0x0 ./src/Mailbox.o
 .data          0x00013710        0x0 ./src/SystemTimer.o
 .data          0x00013710        0x0 ./src/armtimer.o
 .data          0x00013710        0x0 ./src/bcm2835.o
 .data          0x00013710        0x0 ./src/main.o
 .data          0x00013710        0x0 ./src/periph.o
 .data          0x00013710        0x0 ./src/raspi.o
 .data          0x00013710        0x0 ./src/rpi-mailbox-interface.o
 .data          0x00013710        0x0 ./src/rpi-mailbox.o
 .data          0x00013710        0x0 c:/program files (x86)/gnu tools arm embedded/4.9 2015q1/bin/../lib/gcc/arm-none-eabi/4.9.3/../../../../arm-none-eabi/lib\libc.a(lib_a-memcpy.o)
 .data          0x00013710        0x0 c:/program files (x86)/gnu tools arm embedded/4.9 2015q1/bin/../lib/gcc/arm-none-eabi/4.9.3/../../../../arm-none-eabi/lib\libc.a(lib_a-memset.o)

.igot.plt       0x00013710        0x0
 .igot.plt      0x00000000        0x0 ./src/Asetup.o

.data.bcm2835_pads
                0x00013710        0x4
 .data.bcm2835_pads
                0x00013710        0x4 ./src/bcm2835.o
                0x00013710                bcm2835_pads

.data.bcm2835_aux
                0x00013714        0x4
 .data.bcm2835_aux
                0x00013714        0x4 ./src/bcm2835.o
                0x00013714                bcm2835_aux

.data.bcm2835_mail
                0x00013718        0x4
 .data.bcm2835_mail
                0x00013718        0x4 ./src/bcm2835.o
                0x00013718                bcm2835_mail

.data.bcm2835_st
                0x0001371c        0x4
 .data.bcm2835_st
                0x0001371c        0x4 ./src/bcm2835.o
                0x0001371c                bcm2835_st

.data.bcm2835_gpio
                0x00013720        0x4
 .data.bcm2835_gpio
                0x00013720        0x4 ./src/bcm2835.o
                0x00013720                bcm2835_gpio

.data.bcm2835_clk
                0x00013724        0x4
 .data.bcm2835_clk
                0x00013724        0x4 ./src/bcm2835.o
                0x00013724                bcm2835_clk

.data.bcm2835_bsc0
                0x00013728        0x4
 .data.bcm2835_bsc0
                0x00013728        0x4 ./src/bcm2835.o
                0x00013728                bcm2835_bsc0

.data.bcm2835_bsc1
                0x0001372c        0x4
 .data.bcm2835_bsc1
                0x0001372c        0x4 ./src/bcm2835.o
                0x0001372c                bcm2835_bsc1

.data.bcm2835_spi0
                0x00013730        0x4
 .data.bcm2835_spi0
                0x00013730        0x4 ./src/bcm2835.o
                0x00013730                bcm2835_spi0

.data.bcm2835_pwm
                0x00013734        0x4
 .data.bcm2835_pwm
                0x00013734        0x4 ./src/bcm2835.o
                0x00013734                bcm2835_pwm

.glue_7         0x00013738        0x0
 .glue_7        0x00000000        0x0 linker stubs

.glue_7t        0x00013738        0x0
 .glue_7t       0x00000000        0x0 linker stubs

.vfp11_veneer   0x00013738        0x0
 .vfp11_veneer  0x00000000        0x0 linker stubs

.v4_bx          0x00013738        0x0
 .v4_bx         0x00000000        0x0 linker stubs

.iplt           0x00013738        0x0
 .iplt          0x00000000        0x0 ./src/Asetup.o

.rel.dyn        0x00013738        0x0
 .rel.iplt      0x00000000        0x0 ./src/Asetup.o

.bss            0x00013740     0x812c
 *(.bss*)
 .bss           0x00013740        0x0 ./src/Asetup.o
 .bss           0x00013740        0x0 ./src/Avectors.o
 .bss           0x00013740        0x0 ./src/FrameBuffer.o
 .bss           0x00013740        0x0 ./src/GPIO.o
 .bss           0x00013740        0x0 ./src/Mailbox.o
 .bss           0x00013740        0x0 ./src/SystemTimer.o
 .bss           0x00013740        0x0 ./src/armtimer.o
 .bss           0x00013740        0x0 ./src/bcm2835.o
 .bss.i2c_byte_wait_us
                0x00013740        0x4 ./src/bcm2835.o
 .bss.debug     0x00013744        0x1 ./src/bcm2835.o
 .bss           0x00013745        0x0 ./src/main.o
 .bss           0x00013745        0x0 ./src/periph.o
 .bss           0x00013745        0x0 ./src/raspi.o
 .bss           0x00013745        0x0 ./src/rpi-mailbox-interface.o
 *fill*         0x00013745        0x3 
 .bss.property.5368
                0x00013748      0x108 ./src/rpi-mailbox-interface.o
 .bss.pt        0x00013850     0x8000 ./src/rpi-mailbox-interface.o
 .bss.pt_index  0x0001b850        0x4 ./src/rpi-mailbox-interface.o
 .bss           0x0001b854        0x0 ./src/rpi-mailbox.o
 .bss           0x0001b854        0x0 c:/program files (x86)/gnu tools arm embedded/4.9 2015q1/bin/../lib/gcc/arm-none-eabi/4.9.3/../../../../arm-none-eabi/lib\libc.a(lib_a-memcpy.o)
 .bss           0x0001b854        0x0 c:/program files (x86)/gnu tools arm embedded/4.9 2015q1/bin/../lib/gcc/arm-none-eabi/4.9.3/../../../../arm-none-eabi/lib\libc.a(lib_a-memset.o)
 COMMON         0x0001b854       0x18 ./src/FrameBuffer.o
                0x0001b854                fb_info
OUTPUT(Radecki_V0.elf elf32-littlearm)

.ARM.attributes
                0x00000000       0x39
 .ARM.attributes
                0x00000000       0x29 ./src/Asetup.o
 .ARM.attributes
                0x00000029       0x29 ./src/Avectors.o
 .ARM.attributes
                0x00000052       0x3d ./src/FrameBuffer.o
 .ARM.attributes
                0x0000008f       0x3d ./src/GPIO.o
 .ARM.attributes
                0x000000cc       0x3d ./src/Mailbox.o
 .ARM.attributes
                0x00000109       0x3d ./src/SystemTimer.o
 .ARM.attributes
                0x00000146       0x3d ./src/armtimer.o
 .ARM.attributes
                0x00000183       0x3d ./src/bcm2835.o
 .ARM.attributes
                0x000001c0       0x3d ./src/main.o
 .ARM.attributes
                0x000001fd       0x3d ./src/periph.o
 .ARM.attributes
                0x0000023a       0x3d ./src/raspi.o
 .ARM.attributes
                0x00000277       0x3d ./src/rpi-mailbox-interface.o
 .ARM.attributes
                0x000002b4       0x3d ./src/rpi-mailbox.o
 .ARM.attributes
                0x000002f1       0x30 c:/program files (x86)/gnu tools arm embedded/4.9 2015q1/bin/../lib/gcc/arm-none-eabi/4.9.3/../../../../arm-none-eabi/lib\libc.a(lib_a-memcpy.o)
 .ARM.attributes
                0x00000321       0x30 c:/program files (x86)/gnu tools arm embedded/4.9 2015q1/bin/../lib/gcc/arm-none-eabi/4.9.3/../../../../arm-none-eabi/lib\libc.a(lib_a-memset.o)

.comment        0x00000000       0x70
 .comment       0x00000000       0x70 ./src/FrameBuffer.o
                                 0x71 (size before relaxing)
 .comment       0x00000000       0x71 ./src/GPIO.o
 .comment       0x00000000       0x71 ./src/Mailbox.o
 .comment       0x00000000       0x71 ./src/SystemTimer.o
 .comment       0x00000000       0x71 ./src/armtimer.o
 .comment       0x00000000       0x71 ./src/bcm2835.o
 .comment       0x00000000       0x71 ./src/main.o
 .comment       0x00000000       0x71 ./src/periph.o
 .comment       0x00000000       0x71 ./src/raspi.o
 .comment       0x00000000       0x71 ./src/rpi-mailbox-interface.o
 .comment       0x00000000       0x71 ./src/rpi-mailbox.o

.debug_line     0x00000000     0x20ce
 .debug_line    0x00000000       0x68 ./src/Asetup.o
 .debug_line    0x00000068       0x49 ./src/Avectors.o
 .debug_line    0x000000b1      0x2c9 ./src/FrameBuffer.o
 .debug_line    0x0000037a       0xcf ./src/GPIO.o
 .debug_line    0x00000449       0xaf ./src/Mailbox.o
 .debug_line    0x000004f8       0x73 ./src/SystemTimer.o
 .debug_line    0x0000056b      0x100 ./src/armtimer.o
 .debug_line    0x0000066b     0x10b6 ./src/bcm2835.o
 .debug_line    0x00001721      0x32a ./src/main.o
 .debug_line    0x00001a4b      0x1f5 ./src/periph.o
 .debug_line    0x00001c40       0x49 ./src/raspi.o
 .debug_line    0x00001c89      0x3c8 ./src/rpi-mailbox-interface.o
 .debug_line    0x00002051       0x7d ./src/rpi-mailbox.o

.debug_info     0x00000000     0x89a7
 .debug_info    0x00000000       0x7c ./src/Asetup.o
 .debug_info    0x0000007c       0x7e ./src/Avectors.o
 .debug_info    0x000000fa      0xb05 ./src/FrameBuffer.o
 .debug_info    0x00000bff      0x276 ./src/GPIO.o
 .debug_info    0x00000e75      0x18a ./src/Mailbox.o
 .debug_info    0x00000fff       0xf9 ./src/SystemTimer.o
 .debug_info    0x000010f8      0x308 ./src/armtimer.o
 .debug_info    0x00001400     0x5f6b ./src/bcm2835.o
 .debug_info    0x0000736b      0x6c2 ./src/main.o
 .debug_info    0x00007a2d      0x7f5 ./src/periph.o
 .debug_info    0x00008222       0x68 ./src/raspi.o
 .debug_info    0x0000828a      0x55b ./src/rpi-mailbox-interface.o
 .debug_info    0x000087e5      0x1c2 ./src/rpi-mailbox.o

.debug_abbrev   0x00000000     0x11c2
 .debug_abbrev  0x00000000       0x14 ./src/Asetup.o
 .debug_abbrev  0x00000014       0x14 ./src/Avectors.o
 .debug_abbrev  0x00000028      0x314 ./src/FrameBuffer.o
 .debug_abbrev  0x0000033c      0x16b ./src/GPIO.o
 .debug_abbrev  0x000004a7       0xe2 ./src/Mailbox.o
 .debug_abbrev  0x00000589       0x97 ./src/SystemTimer.o
 .debug_abbrev  0x00000620      0x168 ./src/armtimer.o
 .debug_abbrev  0x00000788      0x3b5 ./src/bcm2835.o
 .debug_abbrev  0x00000b3d      0x17c ./src/main.o
 .debug_abbrev  0x00000cb9      0x1d9 ./src/periph.o
 .debug_abbrev  0x00000e92       0x29 ./src/raspi.o
 .debug_abbrev  0x00000ebb      0x200 ./src/rpi-mailbox-interface.o
 .debug_abbrev  0x000010bb      0x107 ./src/rpi-mailbox.o

.debug_aranges  0x00000000      0x508
 .debug_aranges
                0x00000000       0x20 ./src/Asetup.o
 .debug_aranges
                0x00000020       0x20 ./src/Avectors.o
 .debug_aranges
                0x00000040       0x68 ./src/FrameBuffer.o
 .debug_aranges
                0x000000a8       0x38 ./src/GPIO.o
 .debug_aranges
                0x000000e0       0x28 ./src/Mailbox.o
 .debug_aranges
                0x00000108       0x20 ./src/SystemTimer.o
 .debug_aranges
                0x00000128       0x60 ./src/armtimer.o
 .debug_aranges
                0x00000188      0x258 ./src/bcm2835.o
 .debug_aranges
                0x000003e0       0x20 ./src/main.o
 .debug_aranges
                0x00000400       0x90 ./src/periph.o
 .debug_aranges
                0x00000490       0x18 ./src/raspi.o
 .debug_aranges
                0x000004a8       0x38 ./src/rpi-mailbox-interface.o
 .debug_aranges
                0x000004e0       0x28 ./src/rpi-mailbox.o

.debug_loc      0x00000000     0x3c80
 .debug_loc     0x00000000      0x9e4 ./src/FrameBuffer.o
 .debug_loc     0x000009e4      0x17a ./src/GPIO.o
 .debug_loc     0x00000b5e       0x83 ./src/Mailbox.o
 .debug_loc     0x00000be1       0x7a ./src/SystemTimer.o
 .debug_loc     0x00000c5b     0x2bbc ./src/bcm2835.o
 .debug_loc     0x00003817       0x1e ./src/main.o
 .debug_loc     0x00003835      0x307 ./src/periph.o
 .debug_loc     0x00003b3c       0x93 ./src/rpi-mailbox-interface.o
 .debug_loc     0x00003bcf       0xb1 ./src/rpi-mailbox.o

.debug_ranges   0x00000000     0x1098
 .debug_ranges  0x00000000       0xc0 ./src/FrameBuffer.o
 .debug_ranges  0x000000c0       0x40 ./src/GPIO.o
 .debug_ranges  0x00000100       0x18 ./src/Mailbox.o
 .debug_ranges  0x00000118       0x10 ./src/SystemTimer.o
 .debug_ranges  0x00000128       0x50 ./src/armtimer.o
 .debug_ranges  0x00000178      0xda8 ./src/bcm2835.o
 .debug_ranges  0x00000f20       0x10 ./src/main.o
 .debug_ranges  0x00000f30      0x128 ./src/periph.o
 .debug_ranges  0x00001058       0x28 ./src/rpi-mailbox-interface.o
 .debug_ranges  0x00001080       0x18 ./src/rpi-mailbox.o

.debug_macro    0x00000000     0x2455
 .debug_macro   0x00000000       0x5c ./src/FrameBuffer.o
 .debug_macro   0x0000005c      0x862 ./src/FrameBuffer.o
 .debug_macro   0x000008be       0x76 ./src/FrameBuffer.o
 .debug_macro   0x00000934       0x64 ./src/FrameBuffer.o
 .debug_macro   0x00000998       0x28 ./src/FrameBuffer.o
 .debug_macro   0x000009c0       0x22 ./src/FrameBuffer.o
 .debug_macro   0x000009e2      0x1c0 ./src/FrameBuffer.o
 .debug_macro   0x00000ba2       0x3c ./src/GPIO.o
 .debug_macro   0x00000bde      0x1ba ./src/GPIO.o
 .debug_macro   0x00000d98       0x4c ./src/GPIO.o
 .debug_macro   0x00000de4       0x45 ./src/Mailbox.o
 .debug_macro   0x00000e29       0x1c ./src/Mailbox.o
 .debug_macro   0x00000e45       0x2d ./src/SystemTimer.o
 .debug_macro   0x00000e72       0x3c ./src/armtimer.o
 .debug_macro   0x00000eae       0x82 ./src/armtimer.o
 .debug_macro   0x00000f30       0x1a ./src/bcm2835.o
 .debug_macro   0x00000f4a      0x4b8 ./src/bcm2835.o
 .debug_macro   0x00001402      0x12c ./src/main.o
 .debug_macro   0x0000152e       0x58 ./src/main.o
 .debug_macro   0x00001586       0x22 ./src/main.o
 .debug_macro   0x000015a8       0x35 ./src/main.o
 .debug_macro   0x000015dd       0x9c ./src/main.o
 .debug_macro   0x00001679      0x16d ./src/main.o
 .debug_macro   0x000017e6       0x4a ./src/main.o
 .debug_macro   0x00001830       0x52 ./src/main.o
 .debug_macro   0x00001882       0x16 ./src/main.o
 .debug_macro   0x00001898       0x43 ./src/main.o
 .debug_macro   0x000018db      0x180 ./src/main.o
 .debug_macro   0x00001a5b      0x27a ./src/main.o
 .debug_macro   0x00001cd5       0x10 ./src/main.o
 .debug_macro   0x00001ce5       0x35 ./src/main.o
 .debug_macro   0x00001d1a       0x88 ./src/main.o
 .debug_macro   0x00001da2       0x33 ./src/periph.o
 .debug_macro   0x00001dd5       0x5e ./src/periph.o
 .debug_macro   0x00001e33       0x24 ./src/raspi.o
 .debug_macro   0x00001e57      0x128 ./src/rpi-mailbox-interface.o
 .debug_macro   0x00001f7f       0x58 ./src/rpi-mailbox-interface.o
 .debug_macro   0x00001fd7       0x16 ./src/rpi-mailbox-interface.o
 .debug_macro   0x00001fed       0x97 ./src/rpi-mailbox-interface.o
 .debug_macro   0x00002084       0xf6 ./src/rpi-mailbox-interface.o
 .debug_macro   0x0000217a       0x10 ./src/rpi-mailbox-interface.o
 .debug_macro   0x0000218a       0x22 ./src/rpi-mailbox-interface.o
 .debug_macro   0x000021ac       0xbd ./src/rpi-mailbox-interface.o
 .debug_macro   0x00002269       0x16 ./src/rpi-mailbox-interface.o
 .debug_macro   0x0000227f      0x196 ./src/rpi-mailbox-interface.o
 .debug_macro   0x00002415       0x16 ./src/rpi-mailbox-interface.o
 .debug_macro   0x0000242b       0x10 ./src/rpi-mailbox-interface.o
 .debug_macro   0x0000243b       0x1a ./src/rpi-mailbox.o

.debug_str      0x00000000     0x9163
 .debug_str     0x00000000     0x30d8 ./src/FrameBuffer.o
                               0x3172 (size before relaxing)
 .debug_str     0x000030d8      0x149 ./src/GPIO.o
                               0x2d79 (size before relaxing)
 .debug_str     0x00003221       0x2f ./src/Mailbox.o
                               0x2e08 (size before relaxing)
 .debug_str     0x00003250       0x35 ./src/SystemTimer.o
                               0x28d1 (size before relaxing)
 .debug_str     0x00003285      0x4e3 ./src/armtimer.o
                               0x2e9a (size before relaxing)
 .debug_str     0x00003768     0x1f65 ./src/bcm2835.o
                               0x44b0 (size before relaxing)
 .debug_str     0x000056cd     0x2576 ./src/main.o
                               0x5a8d (size before relaxing)
 .debug_str     0x00007c43       0x87 ./src/periph.o
                               0x2c46 (size before relaxing)
 .debug_str     0x00007cca        0xf ./src/raspi.o
                               0x27ba (size before relaxing)
 .debug_str     0x00007cd9     0x13f6 ./src/rpi-mailbox-interface.o
                               0x5f35 (size before relaxing)
 .debug_str     0x000090cf       0x94 ./src/rpi-mailbox.o
                               0x2654 (size before relaxing)

.debug_frame    0x00000000      0xbe0
 .debug_frame   0x00000000      0x140 ./src/FrameBuffer.o
 .debug_frame   0x00000140       0x70 ./src/GPIO.o
 .debug_frame   0x000001b0       0x48 ./src/Mailbox.o
 .debug_frame   0x000001f8       0x2c ./src/SystemTimer.o
 .debug_frame   0x00000224       0xbc ./src/armtimer.o
 .debug_frame   0x000002e0      0x5f0 ./src/bcm2835.o
 .debug_frame   0x000008d0       0x4c ./src/main.o
 .debug_frame   0x0000091c      0x198 ./src/periph.o
 .debug_frame   0x00000ab4       0x94 ./src/rpi-mailbox-interface.o
 .debug_frame   0x00000b48       0x30 ./src/rpi-mailbox.o
 .debug_frame   0x00000b78       0x38 c:/program files (x86)/gnu tools arm embedded/4.9 2015q1/bin/../lib/gcc/arm-none-eabi/4.9.3/../../../../arm-none-eabi/lib\libc.a(lib_a-memcpy.o)
 .debug_frame   0x00000bb0       0x30 c:/program files (x86)/gnu tools arm embedded/4.9 2015q1/bin/../lib/gcc/arm-none-eabi/4.9.3/../../../../arm-none-eabi/lib\libc.a(lib_a-memset.o)
