
Allocating common symbols
Common symbol       size              file

fb_info             0x18              ./src/FrameBuffer.o

Discarded input sections

 .group         0x00000000        0x8 ./src/FrameBuffer.o
 .group         0x00000000        0x8 ./src/FrameBuffer.o
 .group         0x00000000        0x8 ./src/FrameBuffer.o
 .group         0x00000000        0x8 ./src/FrameBuffer.o
 .group         0x00000000        0x8 ./src/FrameBuffer.o
 .group         0x00000000        0x8 ./src/GPIO.o
 .group         0x00000000        0x8 ./src/GPIO.o
 .group         0x00000000        0x8 ./src/GPIO.o
 .group         0x00000000        0x8 ./src/GPIO.o
 .debug_macro   0x00000000      0x862 ./src/GPIO.o
 .debug_macro   0x00000000       0x76 ./src/GPIO.o
 .group         0x00000000        0x8 ./src/Mailbox.o
 .group         0x00000000        0x8 ./src/Mailbox.o
 .group         0x00000000        0x8 ./src/Mailbox.o
 .group         0x00000000        0x8 ./src/Mailbox.o
 .group         0x00000000        0x8 ./src/Mailbox.o
 .debug_macro   0x00000000      0x862 ./src/Mailbox.o
 .debug_macro   0x00000000       0x76 ./src/Mailbox.o
 .debug_macro   0x00000000       0x4c ./src/Mailbox.o
 .debug_macro   0x00000000      0x1c0 ./src/Mailbox.o
 .group         0x00000000        0x8 ./src/SystemTimer.o
 .group         0x00000000        0x8 ./src/SystemTimer.o
 .group         0x00000000        0x8 ./src/SystemTimer.o
 .debug_macro   0x00000000      0x862 ./src/SystemTimer.o
 .debug_macro   0x00000000       0x4c ./src/SystemTimer.o
 .debug_macro   0x00000000       0x76 ./src/SystemTimer.o
 .group         0x00000000        0x8 ./src/armtimer.o
 .group         0x00000000        0x8 ./src/armtimer.o
 .group         0x00000000        0x8 ./src/armtimer.o
 .group         0x00000000        0x8 ./src/armtimer.o
 .debug_macro   0x00000000      0x862 ./src/armtimer.o
 .debug_macro   0x00000000       0x76 ./src/armtimer.o
 .group         0x00000000        0x8 ./src/bcm2835.o
 .group         0x00000000        0x8 ./src/bcm2835.o
 .debug_macro   0x00000000      0x862 ./src/bcm2835.o
 .group         0x00000000        0x8 ./src/main.o
 .group         0x00000000        0x8 ./src/main.o
 .group         0x00000000        0x8 ./src/main.o
 .group         0x00000000        0x8 ./src/main.o
 .group         0x00000000        0x8 ./src/main.o
 .group         0x00000000        0x8 ./src/main.o
 .group         0x00000000        0x8 ./src/main.o
 .group         0x00000000        0x8 ./src/main.o
 .group         0x00000000        0x8 ./src/main.o
 .group         0x00000000        0x8 ./src/main.o
 .group         0x00000000        0x8 ./src/main.o
 .group         0x00000000        0x8 ./src/main.o
 .group         0x00000000        0x8 ./src/main.o
 .group         0x00000000        0x8 ./src/main.o
 .group         0x00000000        0x8 ./src/main.o
 .group         0x00000000        0x8 ./src/main.o
 .group         0x00000000        0x8 ./src/main.o
 .group         0x00000000        0x8 ./src/main.o
 .group         0x00000000        0x8 ./src/main.o
 .group         0x00000000        0x8 ./src/main.o
 .group         0x00000000        0x8 ./src/main.o
 .debug_macro   0x00000000      0x862 ./src/main.o
 .debug_macro   0x00000000      0x1c0 ./src/main.o
 .debug_macro   0x00000000       0x4c ./src/main.o
 .debug_macro   0x00000000       0x28 ./src/main.o
 .debug_macro   0x00000000       0x76 ./src/main.o
 .debug_macro   0x00000000       0x22 ./src/main.o
 .debug_macro   0x00000000       0x64 ./src/main.o
 .group         0x00000000        0x8 ./src/periph.o
 .group         0x00000000        0x8 ./src/periph.o
 .group         0x00000000        0x8 ./src/periph.o
 .debug_macro   0x00000000      0x862 ./src/periph.o
 .debug_macro   0x00000000      0x1c0 ./src/periph.o
 .group         0x00000000        0x8 ./src/raspi.o
 .group         0x00000000        0x8 ./src/raspi.o
 .debug_macro   0x00000000      0x862 ./src/raspi.o
 .debug_macro   0x00000000       0x76 ./src/raspi.o

Memory Configuration

Name             Origin             Length             Attributes
ram              0x00010000         0x01000000
*default*        0x00000000         0xffffffff

Linker script and memory map

START GROUP
LOAD c:/program files (x86)/gnu tools arm embedded/4.9 2015q1/bin/../lib/gcc/arm-none-eabi/4.9.3\libgcc.a
LOAD c:/program files (x86)/gnu tools arm embedded/4.9 2015q1/bin/../lib/gcc/arm-none-eabi/4.9.3/../../../../arm-none-eabi/lib\libc.a
LOAD c:/program files (x86)/gnu tools arm embedded/4.9 2015q1/bin/../lib/gcc/arm-none-eabi/4.9.3/../../../../arm-none-eabi/lib\librdimon.a
END GROUP
LOAD ./src/Asetup.o
LOAD ./src/Avectors.o
LOAD ./src/FrameBuffer.o
LOAD ./src/GPIO.o
LOAD ./src/Mailbox.o
LOAD ./src/SystemTimer.o
LOAD ./src/armtimer.o
LOAD ./src/bcm2835.o
LOAD ./src/main.o
LOAD ./src/periph.o
LOAD ./src/raspi.o
LOAD c:/program files (x86)/gnu tools arm embedded/4.9 2015q1/bin/../lib/gcc/arm-none-eabi/4.9.3/../../../../arm-none-eabi/lib\libstdc++.a
LOAD c:/program files (x86)/gnu tools arm embedded/4.9 2015q1/bin/../lib/gcc/arm-none-eabi/4.9.3/../../../../arm-none-eabi/lib\libm.a
LOAD c:/program files (x86)/gnu tools arm embedded/4.9 2015q1/bin/../lib/gcc/arm-none-eabi/4.9.3/../../../../arm-none-eabi/lib\libc.a
START GROUP
LOAD c:/program files (x86)/gnu tools arm embedded/4.9 2015q1/bin/../lib/gcc/arm-none-eabi/4.9.3\libgcc.a
LOAD c:/program files (x86)/gnu tools arm embedded/4.9 2015q1/bin/../lib/gcc/arm-none-eabi/4.9.3/../../../../arm-none-eabi/lib\libg.a
LOAD c:/program files (x86)/gnu tools arm embedded/4.9 2015q1/bin/../lib/gcc/arm-none-eabi/4.9.3/../../../../arm-none-eabi/lib\libc.a
END GROUP
START GROUP
LOAD c:/program files (x86)/gnu tools arm embedded/4.9 2015q1/bin/../lib/gcc/arm-none-eabi/4.9.3\libgcc.a
LOAD c:/program files (x86)/gnu tools arm embedded/4.9 2015q1/bin/../lib/gcc/arm-none-eabi/4.9.3/../../../../arm-none-eabi/lib\libc.a
LOAD c:/program files (x86)/gnu tools arm embedded/4.9 2015q1/bin/../lib/gcc/arm-none-eabi/4.9.3/../../../../arm-none-eabi/lib\librdimon.a
END GROUP

.text           0x00010000     0x2cac
 *(.text*)
 .text          0x00010000      0x5cc ./src/Asetup.o
                0x00010000                asm_start
                0x000100a0                MemoryBarrier
                0x000100b4                dummy
                0x000105b8                exc_stack
                0x000105b8                supervisor_sp
                0x000105bc                _enable_interrupts
 .text          0x000105cc       0x2c ./src/Avectors.o
                0x000105cc                PUT32
                0x000105d4                PUT16
                0x000105dc                PUT8
                0x000105e4                GET32
                0x000105ec                GETPC
                0x000105f4                BRANCHTO
 .text          0x000105f8        0x0 ./src/FrameBuffer.o
 .text.InitialiseFrameBuffer
                0x000105f8      0x248 ./src/FrameBuffer.o
                0x000105f8                InitialiseFrameBuffer
 .text.TestPattern
                0x00010840       0x3c ./src/FrameBuffer.o
                0x00010840                TestPattern
 .text.DrawPixel
                0x0001087c       0x20 ./src/FrameBuffer.o
                0x0001087c                DrawPixel
 .text.DrawLine
                0x0001089c       0xdc ./src/FrameBuffer.o
                0x0001089c                DrawLine
 .text          0x00010978        0x0 ./src/GPIO.o
 .text.SetPinFunction
                0x00010978       0x60 ./src/GPIO.o
                0x00010978                SetPinFunction
 .text.SetPin   0x000109d8       0x14 ./src/GPIO.o
                0x000109d8                SetPin
 .text.ClearPin
                0x000109ec       0x14 ./src/GPIO.o
                0x000109ec                ClearPin
 .text.ErrorFlash
                0x00010a00       0x6c ./src/GPIO.o
                0x00010a00                ErrorFlash
 .text          0x00010a6c        0x0 ./src/Mailbox.o
 .text.MailboxWrite
                0x00010a6c       0x40 ./src/Mailbox.o
                0x00010a6c                MailboxWrite
 .text.MailboxRead
                0x00010aac       0x50 ./src/Mailbox.o
                0x00010aac                MailboxRead
 .text          0x00010afc        0x0 ./src/SystemTimer.o
 .text.wait     0x00010afc       0x4c ./src/SystemTimer.o
                0x00010afc                wait
 .text          0x00010b48        0x0 ./src/armtimer.o
 .text.arm_timer_freerun_init
                0x00010b48       0x2c ./src/armtimer.o
                0x00010b48                arm_timer_freerun_init
 .text.arm_timer_freerun_tick
                0x00010b74        0xc ./src/armtimer.o
                0x00010b74                arm_timer_freerun_tick
 .text.RPI_GetIrqController
                0x00010b80        0xc ./src/armtimer.o
                0x00010b80                RPI_GetIrqController
 .text.RPI_GetArmTimer
                0x00010b8c        0xc ./src/armtimer.o
                0x00010b8c                RPI_GetArmTimer
 .text.arm_timer_init
                0x00010b98       0x14 ./src/armtimer.o
                0x00010b98                arm_timer_init
 .text.arm_timer_stop
                0x00010bac       0x14 ./src/armtimer.o
                0x00010bac                arm_timer_stop
 .text.arm_timer_restart
                0x00010bc0       0x14 ./src/armtimer.o
                0x00010bc0                arm_timer_restart
 .text.arm_timer_tick
                0x00010bd4       0x10 ./src/armtimer.o
                0x00010bd4                arm_timer_tick
 .text.interrupt_vector
                0x00010be4       0x24 ./src/armtimer.o
                0x00010be4                interrupt_vector
 .text          0x00010c08        0x0 ./src/bcm2835.o
 .text.bcm2835_set_debug
                0x00010c08       0x10 ./src/bcm2835.o
                0x00010c08                bcm2835_set_debug
 .text.bcm2835_peri_read
                0x00010c18       0x10 ./src/bcm2835.o
                0x00010c18                bcm2835_peri_read
 .text.bcm2835_peri_read_nb
                0x00010c28        0x8 ./src/bcm2835.o
                0x00010c28                bcm2835_peri_read_nb
 .text.bcm2835_peri_write
                0x00010c30        0xc ./src/bcm2835.o
                0x00010c30                bcm2835_peri_write
 .text.bcm2835_peri_write_nb
                0x00010c3c        0x8 ./src/bcm2835.o
                0x00010c3c                bcm2835_peri_write_nb
 .text.bcm2835_peri_set_bits
                0x00010c44       0x20 ./src/bcm2835.o
                0x00010c44                bcm2835_peri_set_bits
 .text.bcm2835_gpio_fsel
                0x00010c64       0x60 ./src/bcm2835.o
                0x00010c64                bcm2835_gpio_fsel
 .text.bcm2835_gpio_set
                0x00010cc4       0x2c ./src/bcm2835.o
                0x00010cc4                bcm2835_gpio_set
 .text.bcm2835_gpio_clr
                0x00010cf0       0x2c ./src/bcm2835.o
                0x00010cf0                bcm2835_gpio_clr
 .text.bcm2835_gpio_set_multi
                0x00010d1c       0x18 ./src/bcm2835.o
                0x00010d1c                bcm2835_gpio_set_multi
 .text.bcm2835_gpio_clr_multi
                0x00010d34       0x18 ./src/bcm2835.o
                0x00010d34                bcm2835_gpio_clr_multi
 .text.bcm2835_gpio_lev
                0x00010d4c       0x34 ./src/bcm2835.o
                0x00010d4c                bcm2835_gpio_lev
 .text.bcm2835_gpio_eds
                0x00010d80       0x34 ./src/bcm2835.o
                0x00010d80                bcm2835_gpio_eds
 .text.bcm2835_gpio_set_eds
                0x00010db4       0x2c ./src/bcm2835.o
                0x00010db4                bcm2835_gpio_set_eds
 .text.bcm2835_gpio_ren
                0x00010de0       0x38 ./src/bcm2835.o
                0x00010de0                bcm2835_gpio_ren
 .text.bcm2835_gpio_clr_ren
                0x00010e18       0x38 ./src/bcm2835.o
                0x00010e18                bcm2835_gpio_clr_ren
 .text.bcm2835_gpio_fen
                0x00010e50       0x38 ./src/bcm2835.o
                0x00010e50                bcm2835_gpio_fen
 .text.bcm2835_gpio_clr_fen
                0x00010e88       0x38 ./src/bcm2835.o
                0x00010e88                bcm2835_gpio_clr_fen
 .text.bcm2835_gpio_hen
                0x00010ec0       0x38 ./src/bcm2835.o
                0x00010ec0                bcm2835_gpio_hen
 .text.bcm2835_gpio_clr_hen
                0x00010ef8       0x38 ./src/bcm2835.o
                0x00010ef8                bcm2835_gpio_clr_hen
 .text.bcm2835_gpio_len
                0x00010f30       0x38 ./src/bcm2835.o
                0x00010f30                bcm2835_gpio_len
 .text.bcm2835_gpio_clr_len
                0x00010f68       0x38 ./src/bcm2835.o
                0x00010f68                bcm2835_gpio_clr_len
 .text.bcm2835_gpio_aren
                0x00010fa0       0x38 ./src/bcm2835.o
                0x00010fa0                bcm2835_gpio_aren
 .text.bcm2835_gpio_clr_aren
                0x00010fd8       0x38 ./src/bcm2835.o
                0x00010fd8                bcm2835_gpio_clr_aren
 .text.bcm2835_gpio_afen
                0x00011010       0x38 ./src/bcm2835.o
                0x00011010                bcm2835_gpio_afen
 .text.bcm2835_gpio_clr_afen
                0x00011048       0x38 ./src/bcm2835.o
                0x00011048                bcm2835_gpio_clr_afen
 .text.bcm2835_gpio_pud
                0x00011080       0x18 ./src/bcm2835.o
                0x00011080                bcm2835_gpio_pud
 .text.bcm2835_gpio_pudclk
                0x00011098       0x30 ./src/bcm2835.o
                0x00011098                bcm2835_gpio_pudclk
 .text.bcm2835_gpio_pad
                0x000110c8       0x20 ./src/bcm2835.o
                0x000110c8                bcm2835_gpio_pad
 .text.bcm2835_gpio_set_pad
                0x000110e8       0x24 ./src/bcm2835.o
                0x000110e8                bcm2835_gpio_set_pad
 .text.bcm2835_delay
                0x0001110c       0x74 ./src/bcm2835.o
                0x0001110c                bcm2835_delay
 .text.bcm2835_delayMicroseconds
                0x00011180       0x6c ./src/bcm2835.o
                0x00011180                bcm2835_delayMicroseconds
 .text.bcm2835_gpio_write
                0x000111ec       0x34 ./src/bcm2835.o
                0x000111ec                bcm2835_gpio_write
 .text.bcm2835_gpio_write_multi
                0x00011220       0x24 ./src/bcm2835.o
                0x00011220                bcm2835_gpio_write_multi
 .text.bcm2835_gpio_write_mask
                0x00011244       0x28 ./src/bcm2835.o
                0x00011244                bcm2835_gpio_write_mask
 .text.bcm2835_gpio_set_pud
                0x0001126c      0x108 ./src/bcm2835.o
                0x0001126c                bcm2835_gpio_set_pud
 .text.bcm2835_spi_begin
                0x00011374       0xac ./src/bcm2835.o
                0x00011374                bcm2835_spi_begin
 .text.bcm2835_spi_end
                0x00011420       0x74 ./src/bcm2835.o
                0x00011420                bcm2835_spi_end
 .text.bcm2835_spi_setBitOrder
                0x00011494        0x4 ./src/bcm2835.o
                0x00011494                bcm2835_spi_setBitOrder
 .text.bcm2835_spi_setClockDivider
                0x00011498       0x18 ./src/bcm2835.o
                0x00011498                bcm2835_spi_setClockDivider
 .text.bcm2835_spi_setDataMode
                0x000114b0       0x30 ./src/bcm2835.o
                0x000114b0                bcm2835_spi_setDataMode
 .text.bcm2835_spi_transfer
                0x000114e0       0x74 ./src/bcm2835.o
                0x000114e0                bcm2835_spi_transfer
 .text.bcm2835_spi_transfernb
                0x00011554      0x108 ./src/bcm2835.o
                0x00011554                bcm2835_spi_transfernb
 .text.bcm2835_spi_writenb
                0x0001165c       0xc0 ./src/bcm2835.o
                0x0001165c                bcm2835_spi_writenb
 .text.bcm2835_spi_transfern
                0x0001171c        0xc ./src/bcm2835.o
                0x0001171c                bcm2835_spi_transfern
 .text.bcm2835_spi_chipSelect
                0x00011728       0x2c ./src/bcm2835.o
                0x00011728                bcm2835_spi_chipSelect
 .text.bcm2835_spi_setChipSelectPolarity
                0x00011754       0x3c ./src/bcm2835.o
                0x00011754                bcm2835_spi_setChipSelectPolarity
 .text.bcm2835_i2c_begin
                0x00011790       0x94 ./src/bcm2835.o
                0x00011790                bcm2835_i2c_begin
 .text.bcm2835_i2c_end
                0x00011824       0x38 ./src/bcm2835.o
                0x00011824                bcm2835_i2c_end
 .text.bcm2835_i2c_setSlaveAddress
                0x0001185c       0x18 ./src/bcm2835.o
                0x0001185c                bcm2835_i2c_setSlaveAddress
 .text.bcm2835_i2c_setClockDivider
                0x00011874       0x54 ./src/bcm2835.o
                0x00011874                bcm2835_i2c_setClockDivider
 .text.bcm2835_i2c_set_baudrate
                0x000118c8       0x68 ./src/bcm2835.o
                0x000118c8                bcm2835_i2c_set_baudrate
 .text.bcm2835_i2c_write
                0x00011930      0x11c ./src/bcm2835.o
                0x00011930                bcm2835_i2c_write
 .text.bcm2835_i2c_read
                0x00011a4c      0x10c ./src/bcm2835.o
                0x00011a4c                bcm2835_i2c_read
 .text.bcm2835_i2c_read_register_rs
                0x00011b58      0x1c8 ./src/bcm2835.o
                0x00011b58                bcm2835_i2c_read_register_rs
 .text.bcm2835_i2c_write_read_rs
                0x00011d20      0x1e8 ./src/bcm2835.o
                0x00011d20                bcm2835_i2c_write_read_rs
 .text.bcm2835_st_read
                0x00011f08       0x2c ./src/bcm2835.o
                0x00011f08                bcm2835_st_read
 .text.bcm2835_st_delay
                0x00011f34       0x48 ./src/bcm2835.o
                0x00011f34                bcm2835_st_delay
 .text.bcm2835_pwm_set_clock
                0x00011f7c      0x12c ./src/bcm2835.o
                0x00011f7c                bcm2835_pwm_set_clock
 .text.bcm2835_pwm_set_mode
                0x000120a8       0x68 ./src/bcm2835.o
                0x000120a8                bcm2835_pwm_set_mode
 .text.bcm2835_pwm_set_range
                0x00012110       0x34 ./src/bcm2835.o
                0x00012110                bcm2835_pwm_set_range
 .text.bcm2835_pwm_set_data
                0x00012144       0x34 ./src/bcm2835.o
                0x00012144                bcm2835_pwm_set_data
 .text.bcm2835_aux_muart_init
                0x00012178       0x9c ./src/bcm2835.o
                0x00012178                bcm2835_aux_muart_init
 .text.bcm2835_aux_muart_transfer
                0x00012214       0x24 ./src/bcm2835.o
                0x00012214                bcm2835_aux_muart_transfer
 .text.bcm2835_aux_muart_transfernb
                0x00012238       0x70 ./src/bcm2835.o
                0x00012238                bcm2835_aux_muart_transfernb
 .text.bcm2835_aux_muart_transfer_hex
                0x000122a8       0x68 ./src/bcm2835.o
                0x000122a8                bcm2835_aux_muart_transfer_hex
 .text.bcm2835_aux_muart_transfer_hexnl
                0x00012310       0x98 ./src/bcm2835.o
                0x00012310                bcm2835_aux_muart_transfer_hexnl
 .text.bcm2835_mail_write
                0x000123a8       0x30 ./src/bcm2835.o
                0x000123a8                bcm2835_mail_write
 .text.bcm2835_mail_read
                0x000123d8       0x30 ./src/bcm2835.o
                0x000123d8                bcm2835_mail_read
 .text.bcm2835_fb_init
                0x00012408      0x164 ./src/bcm2835.o
                0x00012408                bcm2835_fb_init
 .text.bcm2835_init
                0x0001256c       0xd4 ./src/bcm2835.o
                0x0001256c                bcm2835_init
 .text.bcm2835_close
                0x00012640        0x8 ./src/bcm2835.o
                0x00012640                bcm2835_close
 .text          0x00012648        0x0 ./src/main.o
 .text.c_irq_handler
                0x00012648       0x2c ./src/main.o
                0x00012648                c_irq_handler
 .text.not_main
                0x00012674      0x118 ./src/main.o
                0x00012674                not_main
 .text          0x0001278c        0x0 ./src/periph.o
 .text.uart_lcr
                0x0001278c        0xc ./src/periph.o
                0x0001278c                uart_lcr
 .text.uart_recv
                0x00012798       0x2c ./src/periph.o
                0x00012798                uart_recv
 .text.uart_check
                0x000127c4       0x18 ./src/periph.o
                0x000127c4                uart_check
 .text.uart_send
                0x000127dc       0x30 ./src/periph.o
                0x000127dc                uart_send
 .text.uart_flush
                0x0001280c       0x1c ./src/periph.o
                0x0001280c                uart_flush
 .text.hexstrings
                0x00012828       0x78 ./src/periph.o
                0x00012828                hexstrings
 .text.hexstring
                0x000128a0       0xc0 ./src/periph.o
                0x000128a0                hexstring
 .text.uart_sendC
                0x00012960       0x94 ./src/periph.o
                0x00012960                uart_sendC
 .text.uart_init
                0x000129f4      0x118 ./src/periph.o
                0x000129f4                uart_init
 .text.prepare_led_act
                0x00012b0c       0xb0 ./src/periph.o
                0x00012b0c                prepare_led_act
 .text.prepare_led_pwr
                0x00012bbc       0xb0 ./src/periph.o
                0x00012bbc                prepare_led_pwr
 .text.led_act_ON
                0x00012c6c       0x10 ./src/periph.o
                0x00012c6c                led_act_ON
 .text.led_act_OFF
                0x00012c7c       0x10 ./src/periph.o
                0x00012c7c                led_act_OFF
 .text.led_pwr_ON
                0x00012c8c       0x10 ./src/periph.o
                0x00012c8c                led_pwr_ON
 .text.led_pwr_OFF
                0x00012c9c       0x10 ./src/periph.o
                0x00012c9c                led_pwr_OFF
 .text          0x00012cac        0x0 ./src/raspi.o

.rodata.str1.4  0x00012cac       0x70
 .rodata.str1.4
                0x00012cac       0x4d ./src/main.o
                                 0x50 (size before relaxing)
 *fill*         0x00012cf9        0x3 
 .rodata.str1.4
                0x00012cfc       0x20 ./src/periph.o

.data           0x00012d1c        0x0
 .data          0x00012d1c        0x0 ./src/Asetup.o
 .data          0x00012d1c        0x0 ./src/Avectors.o
 .data          0x00012d1c        0x0 ./src/FrameBuffer.o
 .data          0x00012d1c        0x0 ./src/GPIO.o
 .data          0x00012d1c        0x0 ./src/Mailbox.o
 .data          0x00012d1c        0x0 ./src/SystemTimer.o
 .data          0x00012d1c        0x0 ./src/armtimer.o
 .data          0x00012d1c        0x0 ./src/bcm2835.o
 .data          0x00012d1c        0x0 ./src/main.o
 .data          0x00012d1c        0x0 ./src/periph.o
 .data          0x00012d1c        0x0 ./src/raspi.o

.igot.plt       0x00012d1c        0x0
 .igot.plt      0x00000000        0x0 ./src/Asetup.o

.data.bcm2835_pads
                0x00012d1c        0x4
 .data.bcm2835_pads
                0x00012d1c        0x4 ./src/bcm2835.o
                0x00012d1c                bcm2835_pads

.data.bcm2835_aux
                0x00012d20        0x4
 .data.bcm2835_aux
                0x00012d20        0x4 ./src/bcm2835.o
                0x00012d20                bcm2835_aux

.data.bcm2835_mail
                0x00012d24        0x4
 .data.bcm2835_mail
                0x00012d24        0x4 ./src/bcm2835.o
                0x00012d24                bcm2835_mail

.data.bcm2835_st
                0x00012d28        0x4
 .data.bcm2835_st
                0x00012d28        0x4 ./src/bcm2835.o
                0x00012d28                bcm2835_st

.data.bcm2835_gpio
                0x00012d2c        0x4
 .data.bcm2835_gpio
                0x00012d2c        0x4 ./src/bcm2835.o
                0x00012d2c                bcm2835_gpio

.data.bcm2835_clk
                0x00012d30        0x4
 .data.bcm2835_clk
                0x00012d30        0x4 ./src/bcm2835.o
                0x00012d30                bcm2835_clk

.data.bcm2835_bsc0
                0x00012d34        0x4
 .data.bcm2835_bsc0
                0x00012d34        0x4 ./src/bcm2835.o
                0x00012d34                bcm2835_bsc0

.data.bcm2835_bsc1
                0x00012d38        0x4
 .data.bcm2835_bsc1
                0x00012d38        0x4 ./src/bcm2835.o
                0x00012d38                bcm2835_bsc1

.data.bcm2835_spi0
                0x00012d3c        0x4
 .data.bcm2835_spi0
                0x00012d3c        0x4 ./src/bcm2835.o
                0x00012d3c                bcm2835_spi0

.data.bcm2835_pwm
                0x00012d40        0x4
 .data.bcm2835_pwm
                0x00012d40        0x4 ./src/bcm2835.o
                0x00012d40                bcm2835_pwm

.glue_7         0x00012d44        0x0
 .glue_7        0x00000000        0x0 linker stubs

.glue_7t        0x00012d44        0x0
 .glue_7t       0x00000000        0x0 linker stubs

.vfp11_veneer   0x00012d44        0x0
 .vfp11_veneer  0x00000000        0x0 linker stubs

.v4_bx          0x00012d44        0x0
 .v4_bx         0x00000000        0x0 linker stubs

.iplt           0x00012d44        0x0
 .iplt          0x00000000        0x0 ./src/Asetup.o

.rel.dyn        0x00012d44        0x0
 .rel.iplt      0x00000000        0x0 ./src/Asetup.o

.bss            0x00012d44       0x20
 *(.bss*)
 .bss           0x00012d44        0x0 ./src/Asetup.o
 .bss           0x00012d44        0x0 ./src/Avectors.o
 .bss           0x00012d44        0x0 ./src/FrameBuffer.o
 .bss           0x00012d44        0x0 ./src/GPIO.o
 .bss           0x00012d44        0x0 ./src/Mailbox.o
 .bss           0x00012d44        0x0 ./src/SystemTimer.o
 .bss           0x00012d44        0x0 ./src/armtimer.o
 .bss           0x00012d44        0x0 ./src/bcm2835.o
 .bss.i2c_byte_wait_us
                0x00012d44        0x4 ./src/bcm2835.o
 .bss.debug     0x00012d48        0x1 ./src/bcm2835.o
 .bss           0x00012d49        0x0 ./src/main.o
 .bss           0x00012d49        0x0 ./src/periph.o
 .bss           0x00012d49        0x0 ./src/raspi.o
 *fill*         0x00012d49        0x3 
 COMMON         0x00012d4c       0x18 ./src/FrameBuffer.o
                0x00012d4c                fb_info
OUTPUT(Radecki_V0.elf elf32-littlearm)

.ARM.attributes
                0x00000000       0x39
 .ARM.attributes
                0x00000000       0x29 ./src/Asetup.o
 .ARM.attributes
                0x00000029       0x29 ./src/Avectors.o
 .ARM.attributes
                0x00000052       0x3d ./src/FrameBuffer.o
 .ARM.attributes
                0x0000008f       0x3d ./src/GPIO.o
 .ARM.attributes
                0x000000cc       0x3d ./src/Mailbox.o
 .ARM.attributes
                0x00000109       0x3d ./src/SystemTimer.o
 .ARM.attributes
                0x00000146       0x3d ./src/armtimer.o
 .ARM.attributes
                0x00000183       0x3d ./src/bcm2835.o
 .ARM.attributes
                0x000001c0       0x3d ./src/main.o
 .ARM.attributes
                0x000001fd       0x3d ./src/periph.o
 .ARM.attributes
                0x0000023a       0x3d ./src/raspi.o

.comment        0x00000000       0x70
 .comment       0x00000000       0x70 ./src/FrameBuffer.o
                                 0x71 (size before relaxing)
 .comment       0x00000000       0x71 ./src/GPIO.o
 .comment       0x00000000       0x71 ./src/Mailbox.o
 .comment       0x00000000       0x71 ./src/SystemTimer.o
 .comment       0x00000000       0x71 ./src/armtimer.o
 .comment       0x00000000       0x71 ./src/bcm2835.o
 .comment       0x00000000       0x71 ./src/main.o
 .comment       0x00000000       0x71 ./src/periph.o
 .comment       0x00000000       0x71 ./src/raspi.o

.debug_line     0x00000000     0x1bb5
 .debug_line    0x00000000       0x70 ./src/Asetup.o
 .debug_line    0x00000070       0x49 ./src/Avectors.o
 .debug_line    0x000000b9      0x1ce ./src/FrameBuffer.o
 .debug_line    0x00000287       0xcf ./src/GPIO.o
 .debug_line    0x00000356       0xaf ./src/Mailbox.o
 .debug_line    0x00000405       0x73 ./src/SystemTimer.o
 .debug_line    0x00000478      0x100 ./src/armtimer.o
 .debug_line    0x00000578     0x10b6 ./src/bcm2835.o
 .debug_line    0x0000162e      0x349 ./src/main.o
 .debug_line    0x00001977      0x1f5 ./src/periph.o
 .debug_line    0x00001b6c       0x49 ./src/raspi.o

.debug_info     0x00000000     0x798c
 .debug_info    0x00000000       0x7c ./src/Asetup.o
 .debug_info    0x0000007c       0x7e ./src/Avectors.o
 .debug_info    0x000000fa      0x42f ./src/FrameBuffer.o
 .debug_info    0x00000529      0x276 ./src/GPIO.o
 .debug_info    0x0000079f      0x18a ./src/Mailbox.o
 .debug_info    0x00000929       0xf9 ./src/SystemTimer.o
 .debug_info    0x00000a22      0x2f5 ./src/armtimer.o
 .debug_info    0x00000d17     0x5f6b ./src/bcm2835.o
 .debug_info    0x00006c82      0x4ad ./src/main.o
 .debug_info    0x0000712f      0x7f5 ./src/periph.o
 .debug_info    0x00007924       0x68 ./src/raspi.o

.debug_abbrev   0x00000000      0xdbe
 .debug_abbrev  0x00000000       0x14 ./src/Asetup.o
 .debug_abbrev  0x00000014       0x14 ./src/Avectors.o
 .debug_abbrev  0x00000028      0x214 ./src/FrameBuffer.o
 .debug_abbrev  0x0000023c      0x16b ./src/GPIO.o
 .debug_abbrev  0x000003a7       0xe2 ./src/Mailbox.o
 .debug_abbrev  0x00000489       0x97 ./src/SystemTimer.o
 .debug_abbrev  0x00000520      0x179 ./src/armtimer.o
 .debug_abbrev  0x00000699      0x3b5 ./src/bcm2835.o
 .debug_abbrev  0x00000a4e      0x16e ./src/main.o
 .debug_abbrev  0x00000bbc      0x1d9 ./src/periph.o
 .debug_abbrev  0x00000d95       0x29 ./src/raspi.o

.debug_aranges  0x00000000      0x480
 .debug_aranges
                0x00000000       0x20 ./src/Asetup.o
 .debug_aranges
                0x00000020       0x20 ./src/Avectors.o
 .debug_aranges
                0x00000040       0x38 ./src/FrameBuffer.o
 .debug_aranges
                0x00000078       0x38 ./src/GPIO.o
 .debug_aranges
                0x000000b0       0x28 ./src/Mailbox.o
 .debug_aranges
                0x000000d8       0x20 ./src/SystemTimer.o
 .debug_aranges
                0x000000f8       0x60 ./src/armtimer.o
 .debug_aranges
                0x00000158      0x258 ./src/bcm2835.o
 .debug_aranges
                0x000003b0       0x28 ./src/main.o
 .debug_aranges
                0x000003d8       0x90 ./src/periph.o
 .debug_aranges
                0x00000468       0x18 ./src/raspi.o

.debug_loc      0x00000000     0x3680
 .debug_loc     0x00000000      0x510 ./src/FrameBuffer.o
 .debug_loc     0x00000510      0x17a ./src/GPIO.o
 .debug_loc     0x0000068a       0x83 ./src/Mailbox.o
 .debug_loc     0x0000070d       0x7a ./src/SystemTimer.o
 .debug_loc     0x00000787     0x2bbc ./src/bcm2835.o
 .debug_loc     0x00003343       0x36 ./src/main.o
 .debug_loc     0x00003379      0x307 ./src/periph.o

.debug_ranges   0x00000000     0x1018
 .debug_ranges  0x00000000       0x60 ./src/FrameBuffer.o
 .debug_ranges  0x00000060       0x40 ./src/GPIO.o
 .debug_ranges  0x000000a0       0x18 ./src/Mailbox.o
 .debug_ranges  0x000000b8       0x10 ./src/SystemTimer.o
 .debug_ranges  0x000000c8       0x50 ./src/armtimer.o
 .debug_ranges  0x00000118      0xda8 ./src/bcm2835.o
 .debug_ranges  0x00000ec0       0x30 ./src/main.o
 .debug_ranges  0x00000ef0      0x128 ./src/periph.o

.debug_macro    0x00000000     0x1e3a
 .debug_macro   0x00000000       0x49 ./src/FrameBuffer.o
 .debug_macro   0x00000049      0x862 ./src/FrameBuffer.o
 .debug_macro   0x000008ab       0x76 ./src/FrameBuffer.o
 .debug_macro   0x00000921       0x28 ./src/FrameBuffer.o
 .debug_macro   0x00000949       0x22 ./src/FrameBuffer.o
 .debug_macro   0x0000096b      0x1c0 ./src/FrameBuffer.o
 .debug_macro   0x00000b2b       0x3c ./src/GPIO.o
 .debug_macro   0x00000b67      0x1ba ./src/GPIO.o
 .debug_macro   0x00000d21       0x4c ./src/GPIO.o
 .debug_macro   0x00000d6d       0x45 ./src/Mailbox.o
 .debug_macro   0x00000db2       0x1c ./src/Mailbox.o
 .debug_macro   0x00000dce       0x2d ./src/SystemTimer.o
 .debug_macro   0x00000dfb       0x3c ./src/armtimer.o
 .debug_macro   0x00000e37       0x82 ./src/armtimer.o
 .debug_macro   0x00000eb9       0x64 ./src/armtimer.o
 .debug_macro   0x00000f1d       0x1a ./src/bcm2835.o
 .debug_macro   0x00000f37      0x4b8 ./src/bcm2835.o
 .debug_macro   0x000013ef      0x122 ./src/main.o
 .debug_macro   0x00001511       0x58 ./src/main.o
 .debug_macro   0x00001569       0x22 ./src/main.o
 .debug_macro   0x0000158b       0x35 ./src/main.o
 .debug_macro   0x000015c0       0x9c ./src/main.o
 .debug_macro   0x0000165c      0x16d ./src/main.o
 .debug_macro   0x000017c9       0x4a ./src/main.o
 .debug_macro   0x00001813       0x52 ./src/main.o
 .debug_macro   0x00001865       0x16 ./src/main.o
 .debug_macro   0x0000187b       0x43 ./src/main.o
 .debug_macro   0x000018be      0x180 ./src/main.o
 .debug_macro   0x00001a3e      0x27a ./src/main.o
 .debug_macro   0x00001cb8       0x10 ./src/main.o
 .debug_macro   0x00001cc8       0x35 ./src/main.o
 .debug_macro   0x00001cfd       0x88 ./src/main.o
 .debug_macro   0x00001d85       0x33 ./src/periph.o
 .debug_macro   0x00001db8       0x5e ./src/periph.o
 .debug_macro   0x00001e16       0x24 ./src/raspi.o

.debug_str      0x00000000     0x7bfb
 .debug_str     0x00000000     0x2ddc ./src/FrameBuffer.o
                               0x2e68 (size before relaxing)
 .debug_str     0x00002ddc      0x149 ./src/GPIO.o
                               0x2d79 (size before relaxing)
 .debug_str     0x00002f25       0x2f ./src/Mailbox.o
                               0x2e08 (size before relaxing)
 .debug_str     0x00002f54       0x35 ./src/SystemTimer.o
                               0x28d1 (size before relaxing)
 .debug_str     0x00002f89      0x6d6 ./src/armtimer.o
                               0x2e94 (size before relaxing)
 .debug_str     0x0000365f     0x1f65 ./src/bcm2835.o
                               0x44b0 (size before relaxing)
 .debug_str     0x000055c4     0x25cf ./src/main.o
                               0x5af8 (size before relaxing)
 .debug_str     0x00007b93       0x59 ./src/periph.o
                               0x2c46 (size before relaxing)
 .debug_str     0x00007bec        0xf ./src/raspi.o
                               0x27ba (size before relaxing)

.debug_frame    0x00000000      0xa08
 .debug_frame   0x00000000       0x94 ./src/FrameBuffer.o
 .debug_frame   0x00000094       0x70 ./src/GPIO.o
 .debug_frame   0x00000104       0x48 ./src/Mailbox.o
 .debug_frame   0x0000014c       0x2c ./src/SystemTimer.o
 .debug_frame   0x00000178       0xbc ./src/armtimer.o
 .debug_frame   0x00000234      0x5f0 ./src/bcm2835.o
 .debug_frame   0x00000824       0x4c ./src/main.o
 .debug_frame   0x00000870      0x198 ./src/periph.o
