
Allocating common symbols
Common symbol       size              file

fb_info             0x18              ./src/FrameBuffer.o

Discarded input sections

 .group         0x00000000        0x8 ./src/FrameBuffer.o
 .group         0x00000000        0x8 ./src/FrameBuffer.o
 .group         0x00000000        0x8 ./src/FrameBuffer.o
 .group         0x00000000        0x8 ./src/FrameBuffer.o
 .group         0x00000000        0x8 ./src/FrameBuffer.o
 .group         0x00000000        0x8 ./src/GPIO.o
 .group         0x00000000        0x8 ./src/GPIO.o
 .group         0x00000000        0x8 ./src/GPIO.o
 .group         0x00000000        0x8 ./src/GPIO.o
 .debug_macro   0x00000000      0x862 ./src/GPIO.o
 .debug_macro   0x00000000       0x76 ./src/GPIO.o
 .group         0x00000000        0x8 ./src/Mailbox.o
 .group         0x00000000        0x8 ./src/Mailbox.o
 .group         0x00000000        0x8 ./src/Mailbox.o
 .group         0x00000000        0x8 ./src/Mailbox.o
 .group         0x00000000        0x8 ./src/Mailbox.o
 .debug_macro   0x00000000      0x862 ./src/Mailbox.o
 .debug_macro   0x00000000       0x76 ./src/Mailbox.o
 .debug_macro   0x00000000       0x46 ./src/Mailbox.o
 .debug_macro   0x00000000      0x1c0 ./src/Mailbox.o
 .group         0x00000000        0x8 ./src/SystemTimer.o
 .group         0x00000000        0x8 ./src/SystemTimer.o
 .group         0x00000000        0x8 ./src/SystemTimer.o
 .debug_macro   0x00000000      0x862 ./src/SystemTimer.o
 .debug_macro   0x00000000       0x46 ./src/SystemTimer.o
 .debug_macro   0x00000000       0x76 ./src/SystemTimer.o
 .group         0x00000000        0x8 ./src/main.o
 .group         0x00000000        0x8 ./src/main.o
 .group         0x00000000        0x8 ./src/main.o
 .group         0x00000000        0x8 ./src/main.o
 .group         0x00000000        0x8 ./src/main.o
 .group         0x00000000        0x8 ./src/main.o
 .group         0x00000000        0x8 ./src/main.o
 .group         0x00000000        0x8 ./src/main.o
 .group         0x00000000        0x8 ./src/main.o
 .group         0x00000000        0x8 ./src/main.o
 .group         0x00000000        0x8 ./src/main.o
 .group         0x00000000        0x8 ./src/main.o
 .group         0x00000000        0x8 ./src/main.o
 .group         0x00000000        0x8 ./src/main.o
 .group         0x00000000        0x8 ./src/main.o
 .group         0x00000000        0x8 ./src/main.o
 .group         0x00000000        0x8 ./src/main.o
 .group         0x00000000        0x8 ./src/main.o
 .group         0x00000000        0x8 ./src/main.o
 .group         0x00000000        0x8 ./src/main.o
 .debug_macro   0x00000000      0x862 ./src/main.o
 .debug_macro   0x00000000      0x1c0 ./src/main.o
 .debug_macro   0x00000000       0x46 ./src/main.o
 .debug_macro   0x00000000       0x28 ./src/main.o
 .debug_macro   0x00000000       0x76 ./src/main.o
 .debug_macro   0x00000000       0x22 ./src/main.o
 .group         0x00000000        0x8 ./src/periph.o
 .group         0x00000000        0x8 ./src/periph.o
 .group         0x00000000        0x8 ./src/periph.o
 .debug_macro   0x00000000      0x862 ./src/periph.o
 .debug_macro   0x00000000      0x1c0 ./src/periph.o
 .group         0x00000000        0x8 ./src/raspi.o
 .group         0x00000000        0x8 ./src/raspi.o
 .debug_macro   0x00000000      0x862 ./src/raspi.o
 .debug_macro   0x00000000       0x76 ./src/raspi.o

Memory Configuration

Name             Origin             Length             Attributes
ram              0x00010000         0x01000000
*default*        0x00000000         0xffffffff

Linker script and memory map

START GROUP
LOAD c:/program files (x86)/gnu tools arm embedded/4.9 2015q1/bin/../lib/gcc/arm-none-eabi/4.9.3\libgcc.a
LOAD c:/program files (x86)/gnu tools arm embedded/4.9 2015q1/bin/../lib/gcc/arm-none-eabi/4.9.3/../../../../arm-none-eabi/lib\libc.a
LOAD c:/program files (x86)/gnu tools arm embedded/4.9 2015q1/bin/../lib/gcc/arm-none-eabi/4.9.3/../../../../arm-none-eabi/lib\librdimon.a
END GROUP
LOAD ./src/Asetup.o
LOAD ./src/Avectors.o
LOAD ./src/FrameBuffer.o
LOAD ./src/GPIO.o
LOAD ./src/Mailbox.o
LOAD ./src/SystemTimer.o
LOAD ./src/main.o
LOAD ./src/periph.o
LOAD ./src/raspi.o
LOAD c:/program files (x86)/gnu tools arm embedded/4.9 2015q1/bin/../lib/gcc/arm-none-eabi/4.9.3/../../../../arm-none-eabi/lib\libstdc++.a
LOAD c:/program files (x86)/gnu tools arm embedded/4.9 2015q1/bin/../lib/gcc/arm-none-eabi/4.9.3/../../../../arm-none-eabi/lib\libm.a
LOAD c:/program files (x86)/gnu tools arm embedded/4.9 2015q1/bin/../lib/gcc/arm-none-eabi/4.9.3/../../../../arm-none-eabi/lib\libc.a
START GROUP
LOAD c:/program files (x86)/gnu tools arm embedded/4.9 2015q1/bin/../lib/gcc/arm-none-eabi/4.9.3\libgcc.a
LOAD c:/program files (x86)/gnu tools arm embedded/4.9 2015q1/bin/../lib/gcc/arm-none-eabi/4.9.3/../../../../arm-none-eabi/lib\libg.a
LOAD c:/program files (x86)/gnu tools arm embedded/4.9 2015q1/bin/../lib/gcc/arm-none-eabi/4.9.3/../../../../arm-none-eabi/lib\libc.a
END GROUP
START GROUP
LOAD c:/program files (x86)/gnu tools arm embedded/4.9 2015q1/bin/../lib/gcc/arm-none-eabi/4.9.3\libgcc.a
LOAD c:/program files (x86)/gnu tools arm embedded/4.9 2015q1/bin/../lib/gcc/arm-none-eabi/4.9.3/../../../../arm-none-eabi/lib\libc.a
LOAD c:/program files (x86)/gnu tools arm embedded/4.9 2015q1/bin/../lib/gcc/arm-none-eabi/4.9.3/../../../../arm-none-eabi/lib\librdimon.a
END GROUP

.text           0x00010000      0xfd4
 *(.text*)
 .text          0x00010000      0x590 ./src/Asetup.o
                0x00010000                asm_start
                0x0001005c                MemoryBarrier
                0x00010070                dummy
                0x00010574                exc_stack
                0x00010574                supervisor_sp
                0x00010578                _enable_interrupts
 .text          0x00010590       0x2c ./src/Avectors.o
                0x00010590                PUT32
                0x00010598                PUT16
                0x000105a0                PUT8
                0x000105a8                GET32
                0x000105b0                GETPC
                0x000105b8                BRANCHTO
 .text          0x000105bc        0x0 ./src/FrameBuffer.o
 .text.InitialiseFrameBuffer
                0x000105bc      0x248 ./src/FrameBuffer.o
                0x000105bc                InitialiseFrameBuffer
 .text.TestPattern
                0x00010804       0x3c ./src/FrameBuffer.o
                0x00010804                TestPattern
 .text.DrawPixel
                0x00010840       0x20 ./src/FrameBuffer.o
                0x00010840                DrawPixel
 .text.DrawLine
                0x00010860       0xdc ./src/FrameBuffer.o
                0x00010860                DrawLine
 .text          0x0001093c        0x0 ./src/GPIO.o
 .text.SetPinFunction
                0x0001093c       0x60 ./src/GPIO.o
                0x0001093c                SetPinFunction
 .text.SetPin   0x0001099c       0x14 ./src/GPIO.o
                0x0001099c                SetPin
 .text.ClearPin
                0x000109b0       0x14 ./src/GPIO.o
                0x000109b0                ClearPin
 .text.ErrorFlash
                0x000109c4       0x6c ./src/GPIO.o
                0x000109c4                ErrorFlash
 .text          0x00010a30        0x0 ./src/Mailbox.o
 .text.MailboxWrite
                0x00010a30       0x40 ./src/Mailbox.o
                0x00010a30                MailboxWrite
 .text.MailboxRead
                0x00010a70       0x50 ./src/Mailbox.o
                0x00010a70                MailboxRead
 .text          0x00010ac0        0x0 ./src/SystemTimer.o
 .text.wait     0x00010ac0       0x4c ./src/SystemTimer.o
                0x00010ac0                wait
 .text          0x00010b0c        0x0 ./src/main.o
 .text.not_main
                0x00010b0c       0x98 ./src/main.o
                0x00010b0c                not_main
 .text          0x00010ba4        0x0 ./src/periph.o
 .text.uart_lcr
                0x00010ba4        0xc ./src/periph.o
                0x00010ba4                uart_lcr
 .text.uart_recv
                0x00010bb0       0x2c ./src/periph.o
                0x00010bb0                uart_recv
 .text.uart_check
                0x00010bdc       0x18 ./src/periph.o
                0x00010bdc                uart_check
 .text.uart_send
                0x00010bf4       0x30 ./src/periph.o
                0x00010bf4                uart_send
 .text.uart_flush
                0x00010c24       0x1c ./src/periph.o
                0x00010c24                uart_flush
 .text.hexstrings
                0x00010c40       0x78 ./src/periph.o
                0x00010c40                hexstrings
 .text.hexstring
                0x00010cb8       0xc0 ./src/periph.o
                0x00010cb8                hexstring
 .text.uart_init
                0x00010d78      0x118 ./src/periph.o
                0x00010d78                uart_init
 .text.arm_timer_freerun_init
                0x00010e90       0x2c ./src/periph.o
                0x00010e90                arm_timer_freerun_init
 .text.arm_timer_freerun_tick
                0x00010ebc        0xc ./src/periph.o
                0x00010ebc                arm_timer_freerun_tick
 .text.RPI_GetArmTimer
                0x00010ec8        0xc ./src/periph.o
                0x00010ec8                RPI_GetArmTimer
 .text.arm_timer_init
                0x00010ed4       0x1c ./src/periph.o
                0x00010ed4                arm_timer_init
 .text.arm_timer_tick
                0x00010ef0       0x10 ./src/periph.o
                0x00010ef0                arm_timer_tick
 .text.interrupt_vector
                0x00010f00       0xd4 ./src/periph.o
                0x00010f00                interrupt_vector
 .text          0x00010fd4        0x0 ./src/raspi.o

.data           0x00010fd4        0x0
 .data          0x00010fd4        0x0 ./src/Asetup.o
 .data          0x00010fd4        0x0 ./src/Avectors.o
 .data          0x00010fd4        0x0 ./src/FrameBuffer.o
 .data          0x00010fd4        0x0 ./src/GPIO.o
 .data          0x00010fd4        0x0 ./src/Mailbox.o
 .data          0x00010fd4        0x0 ./src/SystemTimer.o
 .data          0x00010fd4        0x0 ./src/main.o
 .data          0x00010fd4        0x0 ./src/periph.o
 .data          0x00010fd4        0x0 ./src/raspi.o

.igot.plt       0x00010fd4        0x0
 .igot.plt      0x00000000        0x0 ./src/Asetup.o

.glue_7         0x00010fd4        0x0
 .glue_7        0x00000000        0x0 linker stubs

.glue_7t        0x00010fd4        0x0
 .glue_7t       0x00000000        0x0 linker stubs

.vfp11_veneer   0x00010fd4        0x0
 .vfp11_veneer  0x00000000        0x0 linker stubs

.v4_bx          0x00010fd4        0x0
 .v4_bx         0x00000000        0x0 linker stubs

.iplt           0x00010fd4        0x0
 .iplt          0x00000000        0x0 ./src/Asetup.o

.rel.dyn        0x00010fd4        0x0
 .rel.iplt      0x00000000        0x0 ./src/Asetup.o

.bss            0x00010fd4       0x18
 *(.bss*)
 .bss           0x00010fd4        0x0 ./src/Asetup.o
 .bss           0x00010fd4        0x0 ./src/Avectors.o
 .bss           0x00010fd4        0x0 ./src/FrameBuffer.o
 .bss           0x00010fd4        0x0 ./src/GPIO.o
 .bss           0x00010fd4        0x0 ./src/Mailbox.o
 .bss           0x00010fd4        0x0 ./src/SystemTimer.o
 .bss           0x00010fd4        0x0 ./src/main.o
 .bss           0x00010fd4        0x0 ./src/periph.o
 .bss           0x00010fd4        0x0 ./src/raspi.o
 COMMON         0x00010fd4       0x18 ./src/FrameBuffer.o
                0x00010fd4                fb_info
OUTPUT(Radecki_V0.elf elf32-littlearm)

.ARM.attributes
                0x00000000       0x39
 .ARM.attributes
                0x00000000       0x29 ./src/Asetup.o
 .ARM.attributes
                0x00000029       0x29 ./src/Avectors.o
 .ARM.attributes
                0x00000052       0x3d ./src/FrameBuffer.o
 .ARM.attributes
                0x0000008f       0x3d ./src/GPIO.o
 .ARM.attributes
                0x000000cc       0x3d ./src/Mailbox.o
 .ARM.attributes
                0x00000109       0x3d ./src/SystemTimer.o
 .ARM.attributes
                0x00000146       0x3d ./src/main.o
 .ARM.attributes
                0x00000183       0x3d ./src/periph.o
 .ARM.attributes
                0x000001c0       0x3d ./src/raspi.o

.comment        0x00000000       0x70
 .comment       0x00000000       0x70 ./src/FrameBuffer.o
                                 0x71 (size before relaxing)
 .comment       0x00000000       0x71 ./src/GPIO.o
 .comment       0x00000000       0x71 ./src/Mailbox.o
 .comment       0x00000000       0x71 ./src/SystemTimer.o
 .comment       0x00000000       0x71 ./src/main.o
 .comment       0x00000000       0x71 ./src/periph.o
 .comment       0x00000000       0x71 ./src/raspi.o

.debug_line     0x00000000      0x964
 .debug_line    0x00000000       0x6a ./src/Asetup.o
 .debug_line    0x0000006a       0x49 ./src/Avectors.o
 .debug_line    0x000000b3      0x1ce ./src/FrameBuffer.o
 .debug_line    0x00000281       0xcf ./src/GPIO.o
 .debug_line    0x00000350       0xaf ./src/Mailbox.o
 .debug_line    0x000003ff       0x73 ./src/SystemTimer.o
 .debug_line    0x00000472      0x2ed ./src/main.o
 .debug_line    0x0000075f      0x1bc ./src/periph.o
 .debug_line    0x0000091b       0x49 ./src/raspi.o

.debug_info     0x00000000     0x14a1
 .debug_info    0x00000000       0x7c ./src/Asetup.o
 .debug_info    0x0000007c       0x7e ./src/Avectors.o
 .debug_info    0x000000fa      0x42f ./src/FrameBuffer.o
 .debug_info    0x00000529      0x276 ./src/GPIO.o
 .debug_info    0x0000079f      0x18a ./src/Mailbox.o
 .debug_info    0x00000929       0xf9 ./src/SystemTimer.o
 .debug_info    0x00000a22      0x2e7 ./src/main.o
 .debug_info    0x00000d09      0x730 ./src/periph.o
 .debug_info    0x00001439       0x68 ./src/raspi.o

.debug_abbrev   0x00000000      0x933
 .debug_abbrev  0x00000000       0x14 ./src/Asetup.o
 .debug_abbrev  0x00000014       0x14 ./src/Avectors.o
 .debug_abbrev  0x00000028      0x214 ./src/FrameBuffer.o
 .debug_abbrev  0x0000023c      0x16b ./src/GPIO.o
 .debug_abbrev  0x000003a7       0xe2 ./src/Mailbox.o
 .debug_abbrev  0x00000489       0x97 ./src/SystemTimer.o
 .debug_abbrev  0x00000520      0x16e ./src/main.o
 .debug_abbrev  0x0000068e      0x27c ./src/periph.o
 .debug_abbrev  0x0000090a       0x29 ./src/raspi.o

.debug_aranges  0x00000000      0x1b8
 .debug_aranges
                0x00000000       0x20 ./src/Asetup.o
 .debug_aranges
                0x00000020       0x20 ./src/Avectors.o
 .debug_aranges
                0x00000040       0x38 ./src/FrameBuffer.o
 .debug_aranges
                0x00000078       0x38 ./src/GPIO.o
 .debug_aranges
                0x000000b0       0x28 ./src/Mailbox.o
 .debug_aranges
                0x000000d8       0x20 ./src/SystemTimer.o
 .debug_aranges
                0x000000f8       0x20 ./src/main.o
 .debug_aranges
                0x00000118       0x88 ./src/periph.o
 .debug_aranges
                0x000001a0       0x18 ./src/raspi.o

.debug_loc      0x00000000      0x9d7
 .debug_loc     0x00000000      0x510 ./src/FrameBuffer.o
 .debug_loc     0x00000510      0x17a ./src/GPIO.o
 .debug_loc     0x0000068a       0x83 ./src/Mailbox.o
 .debug_loc     0x0000070d       0x7a ./src/SystemTimer.o
 .debug_loc     0x00000787       0x4d ./src/main.o
 .debug_loc     0x000007d4      0x203 ./src/periph.o

.debug_ranges   0x00000000      0x1b0
 .debug_ranges  0x00000000       0x60 ./src/FrameBuffer.o
 .debug_ranges  0x00000060       0x40 ./src/GPIO.o
 .debug_ranges  0x000000a0       0x18 ./src/Mailbox.o
 .debug_ranges  0x000000b8       0x10 ./src/SystemTimer.o
 .debug_ranges  0x000000c8       0x10 ./src/main.o
 .debug_ranges  0x000000d8       0xd8 ./src/periph.o

.debug_macro    0x00000000     0x1903
 .debug_macro   0x00000000       0x49 ./src/FrameBuffer.o
 .debug_macro   0x00000049      0x862 ./src/FrameBuffer.o
 .debug_macro   0x000008ab       0x76 ./src/FrameBuffer.o
 .debug_macro   0x00000921       0x28 ./src/FrameBuffer.o
 .debug_macro   0x00000949       0x22 ./src/FrameBuffer.o
 .debug_macro   0x0000096b      0x1c0 ./src/FrameBuffer.o
 .debug_macro   0x00000b2b       0x3c ./src/GPIO.o
 .debug_macro   0x00000b67      0x1ba ./src/GPIO.o
 .debug_macro   0x00000d21       0x46 ./src/GPIO.o
 .debug_macro   0x00000d67       0x45 ./src/Mailbox.o
 .debug_macro   0x00000dac       0x1c ./src/Mailbox.o
 .debug_macro   0x00000dc8       0x2d ./src/SystemTimer.o
 .debug_macro   0x00000df5      0x119 ./src/main.o
 .debug_macro   0x00000f0e       0x58 ./src/main.o
 .debug_macro   0x00000f66       0x22 ./src/main.o
 .debug_macro   0x00000f88       0x35 ./src/main.o
 .debug_macro   0x00000fbd       0x9c ./src/main.o
 .debug_macro   0x00001059      0x16d ./src/main.o
 .debug_macro   0x000011c6       0x4a ./src/main.o
 .debug_macro   0x00001210       0x52 ./src/main.o
 .debug_macro   0x00001262       0x16 ./src/main.o
 .debug_macro   0x00001278       0x43 ./src/main.o
 .debug_macro   0x000012bb      0x180 ./src/main.o
 .debug_macro   0x0000143b      0x27a ./src/main.o
 .debug_macro   0x000016b5       0x10 ./src/main.o
 .debug_macro   0x000016c5       0x35 ./src/main.o
 .debug_macro   0x000016fa       0xdc ./src/main.o
 .debug_macro   0x000017d6       0x33 ./src/periph.o
 .debug_macro   0x00001809       0xd6 ./src/periph.o
 .debug_macro   0x000018df       0x24 ./src/raspi.o

.debug_str      0x00000000     0x5b17
 .debug_str     0x00000000     0x2de3 ./src/FrameBuffer.o
                               0x2e68 (size before relaxing)
 .debug_str     0x00002de3      0x13c ./src/GPIO.o
                               0x2d67 (size before relaxing)
 .debug_str     0x00002f1f       0x2f ./src/Mailbox.o
                               0x2df6 (size before relaxing)
 .debug_str     0x00002f4e       0x3b ./src/SystemTimer.o
                               0x28bf (size before relaxing)
 .debug_str     0x00002f89     0x2a72 ./src/main.o
                               0x59a0 (size before relaxing)
 .debug_str     0x000059fb      0x10d ./src/periph.o
                               0x2fb2 (size before relaxing)
 .debug_str     0x00005b08        0xf ./src/raspi.o
                               0x27ba (size before relaxing)

.debug_frame    0x00000000      0x314
 .debug_frame   0x00000000       0x94 ./src/FrameBuffer.o
 .debug_frame   0x00000094       0x70 ./src/GPIO.o
 .debug_frame   0x00000104       0x48 ./src/Mailbox.o
 .debug_frame   0x0000014c       0x2c ./src/SystemTimer.o
 .debug_frame   0x00000178       0x2c ./src/main.o
 .debug_frame   0x000001a4      0x170 ./src/periph.o
