Archive member included because of file (symbol)

c:/program files (x86)/gnu tools arm embedded/4.9 2015q1/bin/../lib/gcc/arm-none-eabi/4.9.3/../../../../arm-none-eabi/lib\libc.a(lib_a-memset.o)
                              ./src/main.o (memset)

Allocating common symbols
Common symbol       size              file

fb_info             0x18              ./src/FrameBuffer.o

Discarded input sections

 .group         0x00000000        0x8 ./src/FrameBuffer.o
 .group         0x00000000        0x8 ./src/FrameBuffer.o
 .group         0x00000000        0x8 ./src/FrameBuffer.o
 .group         0x00000000        0x8 ./src/FrameBuffer.o
 .group         0x00000000        0x8 ./src/FrameBuffer.o
 .group         0x00000000        0x8 ./src/GPIO.o
 .group         0x00000000        0x8 ./src/GPIO.o
 .group         0x00000000        0x8 ./src/GPIO.o
 .group         0x00000000        0x8 ./src/GPIO.o
 .debug_macro   0x00000000      0x862 ./src/GPIO.o
 .debug_macro   0x00000000       0x76 ./src/GPIO.o
 .group         0x00000000        0x8 ./src/Mailbox.o
 .group         0x00000000        0x8 ./src/Mailbox.o
 .group         0x00000000        0x8 ./src/Mailbox.o
 .group         0x00000000        0x8 ./src/Mailbox.o
 .group         0x00000000        0x8 ./src/Mailbox.o
 .debug_macro   0x00000000      0x862 ./src/Mailbox.o
 .debug_macro   0x00000000       0x76 ./src/Mailbox.o
 .debug_macro   0x00000000       0x46 ./src/Mailbox.o
 .debug_macro   0x00000000      0x1c0 ./src/Mailbox.o
 .group         0x00000000        0x8 ./src/SystemTimer.o
 .group         0x00000000        0x8 ./src/SystemTimer.o
 .group         0x00000000        0x8 ./src/SystemTimer.o
 .debug_macro   0x00000000      0x862 ./src/SystemTimer.o
 .debug_macro   0x00000000       0x46 ./src/SystemTimer.o
 .debug_macro   0x00000000       0x76 ./src/SystemTimer.o
 .group         0x00000000        0x8 ./src/main.o
 .group         0x00000000        0x8 ./src/main.o
 .group         0x00000000        0x8 ./src/main.o
 .group         0x00000000        0x8 ./src/main.o
 .group         0x00000000        0x8 ./src/main.o
 .group         0x00000000        0x8 ./src/main.o
 .group         0x00000000        0x8 ./src/main.o
 .group         0x00000000        0x8 ./src/main.o
 .group         0x00000000        0x8 ./src/main.o
 .group         0x00000000        0x8 ./src/main.o
 .group         0x00000000        0x8 ./src/main.o
 .group         0x00000000        0x8 ./src/main.o
 .group         0x00000000        0x8 ./src/main.o
 .group         0x00000000        0x8 ./src/main.o
 .group         0x00000000        0x8 ./src/main.o
 .group         0x00000000        0x8 ./src/main.o
 .group         0x00000000        0x8 ./src/main.o
 .group         0x00000000        0x8 ./src/main.o
 .group         0x00000000        0x8 ./src/main.o
 .group         0x00000000        0x8 ./src/main.o
 .debug_macro   0x00000000      0x862 ./src/main.o
 .debug_macro   0x00000000      0x1c0 ./src/main.o
 .debug_macro   0x00000000       0x46 ./src/main.o
 .debug_macro   0x00000000       0x28 ./src/main.o
 .debug_macro   0x00000000       0x76 ./src/main.o
 .debug_macro   0x00000000       0x22 ./src/main.o
 .group         0x00000000        0x8 ./src/periph.o
 .group         0x00000000        0x8 ./src/periph.o
 .group         0x00000000        0x8 ./src/periph.o
 .debug_macro   0x00000000      0x862 ./src/periph.o
 .debug_macro   0x00000000       0x70 ./src/periph.o
 .debug_macro   0x00000000      0x1ba ./src/periph.o
 .group         0x00000000        0x8 ./src/raspi.o
 .group         0x00000000        0x8 ./src/raspi.o
 .debug_macro   0x00000000      0x862 ./src/raspi.o
 .debug_macro   0x00000000       0x76 ./src/raspi.o

Memory Configuration

Name             Origin             Length             Attributes
ram              0x00010000         0x01000000
*default*        0x00000000         0xffffffff

Linker script and memory map

START GROUP
LOAD c:/program files (x86)/gnu tools arm embedded/4.9 2015q1/bin/../lib/gcc/arm-none-eabi/4.9.3\libgcc.a
LOAD c:/program files (x86)/gnu tools arm embedded/4.9 2015q1/bin/../lib/gcc/arm-none-eabi/4.9.3/../../../../arm-none-eabi/lib\libc.a
LOAD c:/program files (x86)/gnu tools arm embedded/4.9 2015q1/bin/../lib/gcc/arm-none-eabi/4.9.3/../../../../arm-none-eabi/lib\librdimon.a
END GROUP
LOAD ./src/Asetup.o
LOAD ./src/Avectors.o
LOAD ./src/FrameBuffer.o
LOAD ./src/GPIO.o
LOAD ./src/Mailbox.o
LOAD ./src/SystemTimer.o
LOAD ./src/main.o
LOAD ./src/periph.o
LOAD ./src/raspi.o
LOAD c:/program files (x86)/gnu tools arm embedded/4.9 2015q1/bin/../lib/gcc/arm-none-eabi/4.9.3/../../../../arm-none-eabi/lib\libstdc++.a
LOAD c:/program files (x86)/gnu tools arm embedded/4.9 2015q1/bin/../lib/gcc/arm-none-eabi/4.9.3/../../../../arm-none-eabi/lib\libm.a
LOAD c:/program files (x86)/gnu tools arm embedded/4.9 2015q1/bin/../lib/gcc/arm-none-eabi/4.9.3/../../../../arm-none-eabi/lib\libc.a
START GROUP
LOAD c:/program files (x86)/gnu tools arm embedded/4.9 2015q1/bin/../lib/gcc/arm-none-eabi/4.9.3\libgcc.a
LOAD c:/program files (x86)/gnu tools arm embedded/4.9 2015q1/bin/../lib/gcc/arm-none-eabi/4.9.3/../../../../arm-none-eabi/lib\libg.a
LOAD c:/program files (x86)/gnu tools arm embedded/4.9 2015q1/bin/../lib/gcc/arm-none-eabi/4.9.3/../../../../arm-none-eabi/lib\libc.a
END GROUP
START GROUP
LOAD c:/program files (x86)/gnu tools arm embedded/4.9 2015q1/bin/../lib/gcc/arm-none-eabi/4.9.3\libgcc.a
LOAD c:/program files (x86)/gnu tools arm embedded/4.9 2015q1/bin/../lib/gcc/arm-none-eabi/4.9.3/../../../../arm-none-eabi/lib\libc.a
LOAD c:/program files (x86)/gnu tools arm embedded/4.9 2015q1/bin/../lib/gcc/arm-none-eabi/4.9.3/../../../../arm-none-eabi/lib\librdimon.a
END GROUP

.text           0x00010000      0xffc
 *(.text*)
 .text          0x00010000      0x580 ./src/Asetup.o
                0x00010000                asm_start
                0x0001005c                MemoryBarrier
                0x00010070                dummy
                0x00010574                exc_stack
                0x00010574                supervisor_sp
 .text          0x00010580       0x2c ./src/Avectors.o
                0x00010580                PUT32
                0x00010588                PUT16
                0x00010590                PUT8
                0x00010598                GET32
                0x000105a0                GETPC
                0x000105a8                BRANCHTO
 .text          0x000105ac        0x0 ./src/FrameBuffer.o
 .text.InitialiseFrameBuffer
                0x000105ac      0x248 ./src/FrameBuffer.o
                0x000105ac                InitialiseFrameBuffer
 .text.TestPattern
                0x000107f4       0x3c ./src/FrameBuffer.o
                0x000107f4                TestPattern
 .text.DrawPixel
                0x00010830       0x20 ./src/FrameBuffer.o
                0x00010830                DrawPixel
 .text.DrawLine
                0x00010850       0xdc ./src/FrameBuffer.o
                0x00010850                DrawLine
 .text          0x0001092c        0x0 ./src/GPIO.o
 .text.SetPinFunction
                0x0001092c       0x60 ./src/GPIO.o
                0x0001092c                SetPinFunction
 .text.SetPin   0x0001098c       0x14 ./src/GPIO.o
                0x0001098c                SetPin
 .text.ClearPin
                0x000109a0       0x14 ./src/GPIO.o
                0x000109a0                ClearPin
 .text.ErrorFlash
                0x000109b4       0x6c ./src/GPIO.o
                0x000109b4                ErrorFlash
 .text          0x00010a20        0x0 ./src/Mailbox.o
 .text.MailboxWrite
                0x00010a20       0x40 ./src/Mailbox.o
                0x00010a20                MailboxWrite
 .text.MailboxRead
                0x00010a60       0x50 ./src/Mailbox.o
                0x00010a60                MailboxRead
 .text          0x00010ab0        0x0 ./src/SystemTimer.o
 .text.wait     0x00010ab0       0x4c ./src/SystemTimer.o
                0x00010ab0                wait
 .text          0x00010afc        0x0 ./src/main.o
 .text.not_main
                0x00010afc       0xe8 ./src/main.o
                0x00010afc                not_main
 .text          0x00010be4        0x0 ./src/periph.o
 .text.uart_lcr
                0x00010be4        0xc ./src/periph.o
                0x00010be4                uart_lcr
 .text.uart_recv
                0x00010bf0       0x2c ./src/periph.o
                0x00010bf0                uart_recv
 .text.uart_check
                0x00010c1c       0x18 ./src/periph.o
                0x00010c1c                uart_check
 .text.uart_send
                0x00010c34       0x30 ./src/periph.o
                0x00010c34                uart_send
 .text.uart_flush
                0x00010c64       0x1c ./src/periph.o
                0x00010c64                uart_flush
 .text.hexstrings
                0x00010c80       0x78 ./src/periph.o
                0x00010c80                hexstrings
 .text.hexstring
                0x00010cf8       0xc0 ./src/periph.o
                0x00010cf8                hexstring
 .text.uart_init
                0x00010db8      0x118 ./src/periph.o
                0x00010db8                uart_init
 .text.timer_init
                0x00010ed0       0x2c ./src/periph.o
                0x00010ed0                timer_init
 .text.timer_tick
                0x00010efc        0xc ./src/periph.o
                0x00010efc                timer_tick
 .text          0x00010f08        0x0 ./src/raspi.o
 .text          0x00010f08        0x0 c:/program files (x86)/gnu tools arm embedded/4.9 2015q1/bin/../lib/gcc/arm-none-eabi/4.9.3/../../../../arm-none-eabi/lib\libc.a(lib_a-memset.o)
 .text.memset   0x00010f08       0xf4 c:/program files (x86)/gnu tools arm embedded/4.9 2015q1/bin/../lib/gcc/arm-none-eabi/4.9.3/../../../../arm-none-eabi/lib\libc.a(lib_a-memset.o)
                0x00010f08                memset

.data           0x00010ffc        0x0
 .data          0x00010ffc        0x0 ./src/Asetup.o
 .data          0x00010ffc        0x0 ./src/Avectors.o
 .data          0x00010ffc        0x0 ./src/FrameBuffer.o
 .data          0x00010ffc        0x0 ./src/GPIO.o
 .data          0x00010ffc        0x0 ./src/Mailbox.o
 .data          0x00010ffc        0x0 ./src/SystemTimer.o
 .data          0x00010ffc        0x0 ./src/main.o
 .data          0x00010ffc        0x0 ./src/periph.o
 .data          0x00010ffc        0x0 ./src/raspi.o
 .data          0x00010ffc        0x0 c:/program files (x86)/gnu tools arm embedded/4.9 2015q1/bin/../lib/gcc/arm-none-eabi/4.9.3/../../../../arm-none-eabi/lib\libc.a(lib_a-memset.o)

.igot.plt       0x00010ffc        0x0
 .igot.plt      0x00000000        0x0 ./src/Asetup.o

.glue_7         0x00010ffc        0x0
 .glue_7        0x00000000        0x0 linker stubs

.glue_7t        0x00010ffc        0x0
 .glue_7t       0x00000000        0x0 linker stubs

.vfp11_veneer   0x00010ffc        0x0
 .vfp11_veneer  0x00000000        0x0 linker stubs

.v4_bx          0x00010ffc        0x0
 .v4_bx         0x00000000        0x0 linker stubs

.iplt           0x00010ffc        0x0
 .iplt          0x00000000        0x0 ./src/Asetup.o

.rel.dyn        0x00010ffc        0x0
 .rel.iplt      0x00000000        0x0 ./src/Asetup.o

.bss            0x00010ffc       0x18
 *(.bss*)
 .bss           0x00010ffc        0x0 ./src/Asetup.o
 .bss           0x00010ffc        0x0 ./src/Avectors.o
 .bss           0x00010ffc        0x0 ./src/FrameBuffer.o
 .bss           0x00010ffc        0x0 ./src/GPIO.o
 .bss           0x00010ffc        0x0 ./src/Mailbox.o
 .bss           0x00010ffc        0x0 ./src/SystemTimer.o
 .bss           0x00010ffc        0x0 ./src/main.o
 .bss           0x00010ffc        0x0 ./src/periph.o
 .bss           0x00010ffc        0x0 ./src/raspi.o
 .bss           0x00010ffc        0x0 c:/program files (x86)/gnu tools arm embedded/4.9 2015q1/bin/../lib/gcc/arm-none-eabi/4.9.3/../../../../arm-none-eabi/lib\libc.a(lib_a-memset.o)
 COMMON         0x00010ffc       0x18 ./src/FrameBuffer.o
                0x00010ffc                fb_info
OUTPUT(Radecki_V0.elf elf32-littlearm)

.ARM.attributes
                0x00000000       0x39
 .ARM.attributes
                0x00000000       0x29 ./src/Asetup.o
 .ARM.attributes
                0x00000029       0x29 ./src/Avectors.o
 .ARM.attributes
                0x00000052       0x3d ./src/FrameBuffer.o
 .ARM.attributes
                0x0000008f       0x3d ./src/GPIO.o
 .ARM.attributes
                0x000000cc       0x3d ./src/Mailbox.o
 .ARM.attributes
                0x00000109       0x3d ./src/SystemTimer.o
 .ARM.attributes
                0x00000146       0x3d ./src/main.o
 .ARM.attributes
                0x00000183       0x3d ./src/periph.o
 .ARM.attributes
                0x000001c0       0x3d ./src/raspi.o
 .ARM.attributes
                0x000001fd       0x30 c:/program files (x86)/gnu tools arm embedded/4.9 2015q1/bin/../lib/gcc/arm-none-eabi/4.9.3/../../../../arm-none-eabi/lib\libc.a(lib_a-memset.o)

.comment        0x00000000       0x70
 .comment       0x00000000       0x70 ./src/FrameBuffer.o
                                 0x71 (size before relaxing)
 .comment       0x00000000       0x71 ./src/GPIO.o
 .comment       0x00000000       0x71 ./src/Mailbox.o
 .comment       0x00000000       0x71 ./src/SystemTimer.o
 .comment       0x00000000       0x71 ./src/main.o
 .comment       0x00000000       0x71 ./src/periph.o
 .comment       0x00000000       0x71 ./src/raspi.o

.debug_line     0x00000000      0x90d
 .debug_line    0x00000000       0x64 ./src/Asetup.o
 .debug_line    0x00000064       0x49 ./src/Avectors.o
 .debug_line    0x000000ad      0x1ce ./src/FrameBuffer.o
 .debug_line    0x0000027b       0xcf ./src/GPIO.o
 .debug_line    0x0000034a       0xaf ./src/Mailbox.o
 .debug_line    0x000003f9       0x73 ./src/SystemTimer.o
 .debug_line    0x0000046c      0x302 ./src/main.o
 .debug_line    0x0000076e      0x156 ./src/periph.o
 .debug_line    0x000008c4       0x49 ./src/raspi.o

.debug_info     0x00000000     0x12d0
 .debug_info    0x00000000       0x7c ./src/Asetup.o
 .debug_info    0x0000007c       0x7e ./src/Avectors.o
 .debug_info    0x000000fa      0x42f ./src/FrameBuffer.o
 .debug_info    0x00000529      0x276 ./src/GPIO.o
 .debug_info    0x0000079f      0x18a ./src/Mailbox.o
 .debug_info    0x00000929       0xf9 ./src/SystemTimer.o
 .debug_info    0x00000a22      0x33d ./src/main.o
 .debug_info    0x00000d5f      0x509 ./src/periph.o
 .debug_info    0x00001268       0x68 ./src/raspi.o

.debug_abbrev   0x00000000      0x871
 .debug_abbrev  0x00000000       0x14 ./src/Asetup.o
 .debug_abbrev  0x00000014       0x14 ./src/Avectors.o
 .debug_abbrev  0x00000028      0x214 ./src/FrameBuffer.o
 .debug_abbrev  0x0000023c      0x16b ./src/GPIO.o
 .debug_abbrev  0x000003a7       0xe2 ./src/Mailbox.o
 .debug_abbrev  0x00000489       0x97 ./src/SystemTimer.o
 .debug_abbrev  0x00000520      0x183 ./src/main.o
 .debug_abbrev  0x000006a3      0x1a5 ./src/periph.o
 .debug_abbrev  0x00000848       0x29 ./src/raspi.o

.debug_aranges  0x00000000      0x198
 .debug_aranges
                0x00000000       0x20 ./src/Asetup.o
 .debug_aranges
                0x00000020       0x20 ./src/Avectors.o
 .debug_aranges
                0x00000040       0x38 ./src/FrameBuffer.o
 .debug_aranges
                0x00000078       0x38 ./src/GPIO.o
 .debug_aranges
                0x000000b0       0x28 ./src/Mailbox.o
 .debug_aranges
                0x000000d8       0x20 ./src/SystemTimer.o
 .debug_aranges
                0x000000f8       0x20 ./src/main.o
 .debug_aranges
                0x00000118       0x68 ./src/periph.o
 .debug_aranges
                0x00000180       0x18 ./src/raspi.o

.debug_loc      0x00000000      0x9f8
 .debug_loc     0x00000000      0x510 ./src/FrameBuffer.o
 .debug_loc     0x00000510      0x17a ./src/GPIO.o
 .debug_loc     0x0000068a       0x83 ./src/Mailbox.o
 .debug_loc     0x0000070d       0x7a ./src/SystemTimer.o
 .debug_loc     0x00000787       0x8c ./src/main.o
 .debug_loc     0x00000813      0x1e5 ./src/periph.o

.debug_ranges   0x00000000      0x160
 .debug_ranges  0x00000000       0x60 ./src/FrameBuffer.o
 .debug_ranges  0x00000060       0x40 ./src/GPIO.o
 .debug_ranges  0x000000a0       0x18 ./src/Mailbox.o
 .debug_ranges  0x000000b8       0x10 ./src/SystemTimer.o
 .debug_ranges  0x000000c8       0x10 ./src/main.o
 .debug_ranges  0x000000d8       0x88 ./src/periph.o

.debug_macro    0x00000000     0x17c1
 .debug_macro   0x00000000       0x49 ./src/FrameBuffer.o
 .debug_macro   0x00000049      0x862 ./src/FrameBuffer.o
 .debug_macro   0x000008ab       0x76 ./src/FrameBuffer.o
 .debug_macro   0x00000921       0x28 ./src/FrameBuffer.o
 .debug_macro   0x00000949       0x22 ./src/FrameBuffer.o
 .debug_macro   0x0000096b      0x1c0 ./src/FrameBuffer.o
 .debug_macro   0x00000b2b       0x3c ./src/GPIO.o
 .debug_macro   0x00000b67      0x1ba ./src/GPIO.o
 .debug_macro   0x00000d21       0x46 ./src/GPIO.o
 .debug_macro   0x00000d67       0x45 ./src/Mailbox.o
 .debug_macro   0x00000dac       0x1c ./src/Mailbox.o
 .debug_macro   0x00000dc8       0x2d ./src/SystemTimer.o
 .debug_macro   0x00000df5      0x119 ./src/main.o
 .debug_macro   0x00000f0e       0x58 ./src/main.o
 .debug_macro   0x00000f66       0x22 ./src/main.o
 .debug_macro   0x00000f88       0x35 ./src/main.o
 .debug_macro   0x00000fbd       0x9c ./src/main.o
 .debug_macro   0x00001059      0x16d ./src/main.o
 .debug_macro   0x000011c6       0x4a ./src/main.o
 .debug_macro   0x00001210       0x52 ./src/main.o
 .debug_macro   0x00001262       0x16 ./src/main.o
 .debug_macro   0x00001278       0x43 ./src/main.o
 .debug_macro   0x000012bb      0x180 ./src/main.o
 .debug_macro   0x0000143b      0x27a ./src/main.o
 .debug_macro   0x000016b5       0x10 ./src/main.o
 .debug_macro   0x000016c5       0x35 ./src/main.o
 .debug_macro   0x000016fa       0x70 ./src/main.o
 .debug_macro   0x0000176a       0x33 ./src/periph.o
 .debug_macro   0x0000179d       0x24 ./src/raspi.o

.debug_str      0x00000000     0x579d
 .debug_str     0x00000000     0x2de3 ./src/FrameBuffer.o
                               0x2e68 (size before relaxing)
 .debug_str     0x00002de3      0x13c ./src/GPIO.o
                               0x2d67 (size before relaxing)
 .debug_str     0x00002f1f       0x2f ./src/Mailbox.o
                               0x2df6 (size before relaxing)
 .debug_str     0x00002f4e       0x3b ./src/SystemTimer.o
                               0x28bf (size before relaxing)
 .debug_str     0x00002f89     0x279b ./src/main.o
                               0x56ce (size before relaxing)
 .debug_str     0x00005724       0x6a ./src/periph.o
                               0x2c34 (size before relaxing)
 .debug_str     0x0000578e        0xf ./src/raspi.o
                               0x27ba (size before relaxing)

.debug_frame    0x00000000      0x2ec
 .debug_frame   0x00000000       0x94 ./src/FrameBuffer.o
 .debug_frame   0x00000094       0x70 ./src/GPIO.o
 .debug_frame   0x00000104       0x48 ./src/Mailbox.o
 .debug_frame   0x0000014c       0x2c ./src/SystemTimer.o
 .debug_frame   0x00000178       0x2c ./src/main.o
 .debug_frame   0x000001a4      0x118 ./src/periph.o
 .debug_frame   0x000002bc       0x30 c:/program files (x86)/gnu tools arm embedded/4.9 2015q1/bin/../lib/gcc/arm-none-eabi/4.9.3/../../../../arm-none-eabi/lib\libc.a(lib_a-memset.o)
