Archive member included because of file (symbol)

c:/program files (x86)/gnu tools arm embedded/4.9 2015q1/bin/../lib/gcc/arm-none-eabi/4.9.3/../../../../arm-none-eabi/lib\libc.a(lib_a-rand.o)
                              ./src/armtimer.o (rand)
c:/program files (x86)/gnu tools arm embedded/4.9 2015q1/bin/../lib/gcc/arm-none-eabi/4.9.3/../../../../arm-none-eabi/lib\libc.a(lib_a-impure.o)
                              c:/program files (x86)/gnu tools arm embedded/4.9 2015q1/bin/../lib/gcc/arm-none-eabi/4.9.3/../../../../arm-none-eabi/lib\libc.a(lib_a-rand.o) (_impure_ptr)
c:/program files (x86)/gnu tools arm embedded/4.9 2015q1/bin/../lib/gcc/arm-none-eabi/4.9.3\libgcc.a(_aeabi_ldivmod.o)
                              ./src/armtimer.o (__aeabi_ldivmod)
c:/program files (x86)/gnu tools arm embedded/4.9 2015q1/bin/../lib/gcc/arm-none-eabi/4.9.3\libgcc.a(bpabi.o)
                              c:/program files (x86)/gnu tools arm embedded/4.9 2015q1/bin/../lib/gcc/arm-none-eabi/4.9.3\libgcc.a(_aeabi_ldivmod.o) (__gnu_ldivmod_helper)
c:/program files (x86)/gnu tools arm embedded/4.9 2015q1/bin/../lib/gcc/arm-none-eabi/4.9.3\libgcc.a(_dvmd_tls.o)
                              c:/program files (x86)/gnu tools arm embedded/4.9 2015q1/bin/../lib/gcc/arm-none-eabi/4.9.3\libgcc.a(_aeabi_ldivmod.o) (__aeabi_ldiv0)
c:/program files (x86)/gnu tools arm embedded/4.9 2015q1/bin/../lib/gcc/arm-none-eabi/4.9.3\libgcc.a(_divdi3.o)
                              c:/program files (x86)/gnu tools arm embedded/4.9 2015q1/bin/../lib/gcc/arm-none-eabi/4.9.3\libgcc.a(bpabi.o) (__divdi3)
c:/program files (x86)/gnu tools arm embedded/4.9 2015q1/bin/../lib/gcc/arm-none-eabi/4.9.3\libgcc.a(_udivdi3.o)
                              c:/program files (x86)/gnu tools arm embedded/4.9 2015q1/bin/../lib/gcc/arm-none-eabi/4.9.3\libgcc.a(bpabi.o) (__udivdi3)
c:/program files (x86)/gnu tools arm embedded/4.9 2015q1/bin/../lib/gcc/arm-none-eabi/4.9.3\libgcc.a(_clzdi2.o)
                              c:/program files (x86)/gnu tools arm embedded/4.9 2015q1/bin/../lib/gcc/arm-none-eabi/4.9.3\libgcc.a(_divdi3.o) (__clzdi2)
c:/program files (x86)/gnu tools arm embedded/4.9 2015q1/bin/../lib/gcc/arm-none-eabi/4.9.3\libgcc.a(_clzsi2.o)
                              c:/program files (x86)/gnu tools arm embedded/4.9 2015q1/bin/../lib/gcc/arm-none-eabi/4.9.3\libgcc.a(_clzdi2.o) (__clzsi2)

Allocating common symbols
Common symbol       size              file

fb_info             0x18              ./src/FrameBuffer.o
globalCounter       0x2               ./src/armtimer.o

Discarded input sections

 .group         0x00000000        0x8 ./src/lib/alloc.o
 .group         0x00000000        0x8 ./src/lib/alloc.o
 .group         0x00000000        0x8 ./src/lib/alloc.o
 .group         0x00000000        0x8 ./src/lib/alloc.o
 .group         0x00000000        0x8 ./src/lib/alloc.o
 .group         0x00000000        0x8 ./src/lib/alloc.o
 .group         0x00000000        0x8 ./src/lib/alloc.o
 .group         0x00000000        0x8 ./src/lib/assert.o
 .group         0x00000000        0x8 ./src/lib/assert.o
 .group         0x00000000        0x8 ./src/lib/assert.o
 .group         0x00000000        0x8 ./src/lib/assert.o
 .group         0x00000000        0x8 ./src/lib/assert.o
 .group         0x00000000        0x8 ./src/lib/assert.o
 .group         0x00000000        0x8 ./src/lib/assert.o
 .group         0x00000000        0x8 ./src/lib/assert.o
 .group         0x00000000        0x8 ./src/lib/assert.o
 .group         0x00000000        0x8 ./src/lib/assert.o
 .group         0x00000000        0x8 ./src/lib/assert.o
 .debug_macro   0x00000000      0x862 ./src/lib/assert.o
 .debug_macro   0x00000000       0x10 ./src/lib/assert.o
 .debug_macro   0x00000000       0x76 ./src/lib/assert.o
 .debug_macro   0x00000000       0x16 ./src/lib/assert.o
 .debug_macro   0x00000000       0x28 ./src/lib/assert.o
 .group         0x00000000        0x8 ./src/lib/bcmframebuffer.o
 .group         0x00000000        0x8 ./src/lib/bcmframebuffer.o
 .group         0x00000000        0x8 ./src/lib/bcmframebuffer.o
 .group         0x00000000        0x8 ./src/lib/bcmframebuffer.o
 .group         0x00000000        0x8 ./src/lib/bcmframebuffer.o
 .group         0x00000000        0x8 ./src/lib/bcmframebuffer.o
 .group         0x00000000        0x8 ./src/lib/bcmframebuffer.o
 .group         0x00000000        0x8 ./src/lib/bcmframebuffer.o
 .group         0x00000000        0x8 ./src/lib/bcmframebuffer.o
 .debug_macro   0x00000000      0x862 ./src/lib/bcmframebuffer.o
 .debug_macro   0x00000000       0x76 ./src/lib/bcmframebuffer.o
 .debug_macro   0x00000000      0x25b ./src/lib/bcmframebuffer.o
 .debug_macro   0x00000000       0x16 ./src/lib/bcmframebuffer.o
 .debug_macro   0x00000000       0x28 ./src/lib/bcmframebuffer.o
 .debug_macro   0x00000000       0x40 ./src/lib/bcmframebuffer.o
[...]
Memory Configuration

Name             Origin             Length             Attributes
*default*        0x00000000         0xffffffff

Linker script and memory map

START GROUP
LOAD c:/program files (x86)/gnu tools arm embedded/4.9 2015q1/bin/../lib/gcc/arm-none-eabi/4.9.3\libgcc.a
LOAD c:/program files (x86)/gnu tools arm embedded/4.9 2015q1/bin/../lib/gcc/arm-none-eabi/4.9.3/../../../../arm-none-eabi/lib\libc.a
LOAD c:/program files (x86)/gnu tools arm embedded/4.9 2015q1/bin/../lib/gcc/arm-none-eabi/4.9.3/../../../../arm-none-eabi/lib\librdimon.a
END GROUP
LOAD ./src/lib/alloc.o
LOAD ./src/lib/assert.o
LOAD ./src/lib/bcmframebuffer.o
LOAD ./src/lib/bcmmailbox.o
LOAD ./src/lib/bcmpropertytags.o
LOAD ./src/lib/chargenerator.o
LOAD ./src/lib/debug.o
LOAD ./src/lib/exceptionhandler.o
LOAD ./src/lib/interrupt.o
LOAD ./src/lib/libhelper.o
LOAD ./src/lib/logger.o
LOAD ./src/lib/memio.o
LOAD ./src/lib/memory.o
LOAD ./src/lib/pagetable.o
LOAD ./src/lib/screen.o
LOAD ./src/lib/string.o
LOAD ./src/lib/synchronize.o
LOAD ./src/lib/sysinit.o
LOAD ./src/lib/timer.o
LOAD ./src/lib/uspibind.o
LOAD ./src/lib/uspienv.o
LOAD ./src/lib/util.o
LOAD ./src/Asetup.o
LOAD ./src/Avectors.o
LOAD ./src/FrameBuffer.o
LOAD ./src/GPIO.o
LOAD ./src/Mailbox.o
LOAD ./src/SystemTimer.o
LOAD ./src/armtimer.o
LOAD ./src/bcm2835.o
LOAD ./src/devicenameservice.o
LOAD ./src/dwhcidevice.o
LOAD ./src/dwhciframeschednper.o
LOAD ./src/dwhciframeschednsplit.o
LOAD ./src/dwhciframeschedper.o
LOAD ./src/dwhciregister.o
LOAD ./src/dwhcirootport.o
LOAD ./src/dwhcixferstagedata.o
LOAD ./src/keymap.o
LOAD ./src/macaddress.o
LOAD ./src/main.o
LOAD ./src/periph.o
LOAD ./src/raspi.o
LOAD ./src/smsc951x.o
LOAD ./src/synchronize.o
LOAD ./src/usbconfigparser.o
LOAD ./src/usbdevice.o
LOAD ./src/usbdevicefactory.o
LOAD ./src/usbendpoint.o
LOAD ./src/usbgamepad.o
LOAD ./src/usbkeyboard.o
LOAD ./src/usbmassdevice.o
LOAD ./src/usbmouse.o
LOAD ./src/usbrequest.o
LOAD ./src/usbstandardhub.o
LOAD ./src/usbstring.o
LOAD ./src/uspilibrary.o
LOAD ./src/util.o
LOAD c:/program files (x86)/gnu tools arm embedded/4.9 2015q1/bin/../lib/gcc/arm-none-eabi/4.9.3/../../../../arm-none-eabi/lib\libstdc++.a
LOAD c:/program files (x86)/gnu tools arm embedded/4.9 2015q1/bin/../lib/gcc/arm-none-eabi/4.9.3/../../../../arm-none-eabi/lib\libm.a
LOAD c:/program files (x86)/gnu tools arm embedded/4.9 2015q1/bin/../lib/gcc/arm-none-eabi/4.9.3/../../../../arm-none-eabi/lib\libc.a
START GROUP
LOAD c:/program files (x86)/gnu tools arm embedded/4.9 2015q1/bin/../lib/gcc/arm-none-eabi/4.9.3\libgcc.a
LOAD c:/program files (x86)/gnu tools arm embedded/4.9 2015q1/bin/../lib/gcc/arm-none-eabi/4.9.3/../../../../arm-none-eabi/lib\libg.a
LOAD c:/program files (x86)/gnu tools arm embedded/4.9 2015q1/bin/../lib/gcc/arm-none-eabi/4.9.3/../../../../arm-none-eabi/lib\libc.a
END GROUP
START GROUP
LOAD c:/program files (x86)/gnu tools arm embedded/4.9 2015q1/bin/../lib/gcc/arm-none-eabi/4.9.3\libgcc.a
LOAD c:/program files (x86)/gnu tools arm embedded/4.9 2015q1/bin/../lib/gcc/arm-none-eabi/4.9.3/../../../../arm-none-eabi/lib\libc.a
LOAD c:/program files (x86)/gnu tools arm embedded/4.9 2015q1/bin/../lib/gcc/arm-none-eabi/4.9.3/../../../../arm-none-eabi/lib\librdimon.a
END GROUP
                0x00010000                . = 0x10000
                0x00010000                __start = .
                0x00010000                __text_start = .

.text           0x00010000      0xa24
 *(.text)
 .text          0x00010000        0x0 ./src/lib/alloc.o
 .text          0x00010000        0x0 ./src/lib/assert.o
 .text          0x00010000        0x0 ./src/lib/bcmframebuffer.o
 .text          0x00010000        0x0 ./src/lib/bcmmailbox.o
 .text          0x00010000        0x0 ./src/lib/bcmpropertytags.o
 .text          0x00010000        0x0 ./src/lib/chargenerator.o
 .text          0x00010000        0x0 ./src/lib/debug.o
 .text          0x00010000        0x0 ./src/lib/exceptionhandler.o
 .text          0x00010000        0x0 ./src/lib/interrupt.o
 .text          0x00010000        0x0 ./src/lib/libhelper.o
 .text          0x00010000        0x0 ./src/lib/logger.o
 .text          0x00010000        0x0 ./src/lib/memio.o
 .text          0x00010000        0x0 ./src/lib/memory.o
 .text          0x00010000        0x0 ./src/lib/pagetable.o
 .text          0x00010000        0x0 ./src/lib/screen.o
 .text          0x00010000        0x0 ./src/lib/string.o
 .text          0x00010000        0x0 ./src/lib/synchronize.o
 .text          0x00010000        0x0 ./src/lib/sysinit.o
 .text          0x00010000        0x0 ./src/lib/timer.o
 .text          0x00010000        0x0 ./src/lib/uspibind.o
 .text          0x00010000        0x0 ./src/lib/uspienv.o
 .text          0x00010000        0x0 ./src/lib/util.o
 .text          0x00010000      0x620 ./src/Asetup.o
                0x00010000                asm_start
                0x00010078                MemoryBarrier
                0x0001008c                dummy
                0x00010590                exc_stack
                0x00010590                supervisor_sp
                0x00010594                _enable_interrupts
                0x000105a8                DelayLoop
                0x000105b4                _start
                0x000105f0                _start_secondary
                0x000105fc                memcpyblk
 .text          0x00010620       0x2c ./src/Avectors.o
                0x00010620                PUT32
                0x00010628                PUT16
                0x00010630                PUT8
                0x00010638                GET32
                0x00010640                GETPC
                0x00010648                BRANCHTO
 .text          0x0001064c        0x0 ./src/FrameBuffer.o
 .text          0x0001064c        0x0 ./src/GPIO.o
 .text          0x0001064c        0x0 ./src/Mailbox.o
 .text          0x0001064c        0x0 ./src/SystemTimer.o
 .text          0x0001064c        0x0 ./src/armtimer.o
 .text          0x0001064c        0x0 ./src/bcm2835.o
 .text          0x0001064c        0x0 ./src/devicenameservice.o
 .text          0x0001064c        0x0 ./src/dwhcidevice.o
 .text          0x0001064c        0x0 ./src/dwhciframeschednper.o
 .text          0x0001064c        0x0 ./src/dwhciframeschednsplit.o
 .text          0x0001064c        0x0 ./src/dwhciframeschedper.o
 .text          0x0001064c        0x0 ./src/dwhciregister.o
 .text          0x0001064c        0x0 ./src/dwhcirootport.o
 .text          0x0001064c        0x0 ./src/dwhcixferstagedata.o
 .text          0x0001064c        0x0 ./src/keymap.o
 .text          0x0001064c        0x0 ./src/macaddress.o
 .text          0x0001064c        0x0 ./src/main.o
 .text          0x0001064c        0x0 ./src/periph.o
 .text          0x0001064c        0x0 ./src/raspi.o
 .text          0x0001064c        0x0 ./src/smsc951x.o
 .text          0x0001064c        0x0 ./src/synchronize.o
 .text          0x0001064c        0x0 ./src/usbconfigparser.o
 .text          0x0001064c        0x0 ./src/usbdevice.o
 .text          0x0001064c        0x0 ./src/usbdevicefactory.o
 .text          0x0001064c        0x0 ./src/usbendpoint.o
 .text          0x0001064c        0x0 ./src/usbgamepad.o
 .text          0x0001064c        0x0 ./src/usbkeyboard.o
 .text          0x0001064c        0x0 ./src/usbmassdevice.o
 .text          0x0001064c        0x0 ./src/usbmouse.o
 .text          0x0001064c        0x0 ./src/usbrequest.o
 .text          0x0001064c        0x0 ./src/usbstandardhub.o
 .text          0x0001064c        0x0 ./src/usbstring.o
 .text          0x0001064c        0x0 ./src/uspilibrary.o
 .text          0x0001064c        0x0 ./src/util.o
 .text          0x0001064c        0x0 c:/program files (x86)/gnu tools arm embedded/4.9 2015q1/bin/../lib/gcc/arm-none-eabi/4.9.3/../../../../arm-none-eabi/lib\libc.a(lib_a-rand.o)
 .text          0x0001064c        0x0 c:/program files (x86)/gnu tools arm embedded/4.9 2015q1/bin/../lib/gcc/arm-none-eabi/4.9.3/../../../../arm-none-eabi/lib\libc.a(lib_a-impure.o)
 .text          0x0001064c       0x48 c:/program files (x86)/gnu tools arm embedded/4.9 2015q1/bin/../lib/gcc/arm-none-eabi/4.9.3\libgcc.a(_aeabi_ldivmod.o)
                0x0001064c                __aeabi_ldivmod
 .text          0x00010694       0x84 c:/program files (x86)/gnu tools arm embedded/4.9 2015q1/bin/../lib/gcc/arm-none-eabi/4.9.3\libgcc.a(bpabi.o)
                0x00010694                __gnu_ldivmod_helper
                0x000106d8                __gnu_uldivmod_helper
 .text          0x00010718        0x4 c:/program files (x86)/gnu tools arm embedded/4.9 2015q1/bin/../lib/gcc/arm-none-eabi/4.9.3\libgcc.a(_dvmd_tls.o)
                0x00010718                __aeabi_idiv0
                0x00010718                __aeabi_ldiv0
 .text          0x0001071c      0x178 c:/program files (x86)/gnu tools arm embedded/4.9 2015q1/bin/../lib/gcc/arm-none-eabi/4.9.3\libgcc.a(_divdi3.o)
                0x0001071c                __divdi3
 .text          0x00010894      0x120 c:/program files (x86)/gnu tools arm embedded/4.9 2015q1/bin/../lib/gcc/arm-none-eabi/4.9.3\libgcc.a(_udivdi3.o)
                0x00010894                __udivdi3
 .text          0x000109b4       0x28 c:/program files (x86)/gnu tools arm embedded/4.9 2015q1/bin/../lib/gcc/arm-none-eabi/4.9.3\libgcc.a(_clzdi2.o)
                0x000109b4                __clzdi2
 .text          0x000109dc       0x48 c:/program files (x86)/gnu tools arm embedded/4.9 2015q1/bin/../lib/gcc/arm-none-eabi/4.9.3\libgcc.a(_clzsi2.o)
                0x000109dc                __clzsi2

.glue_7         0x00010a24        0x0
 .glue_7        0x00000000        0x0 linker stubs

.glue_7t        0x00010a24        0x0
 .glue_7t       0x00000000        0x0 linker stubs

.vfp11_veneer   0x00010a24        0x0
 .vfp11_veneer  0x00000000        0x0 linker stubs

.v4_bx          0x00010a24        0x0
 .v4_bx         0x00000000        0x0 linker stubs

.text.mem_init  0x00010a24       0x60
 .text.mem_init
                0x00010a24       0x60 ./src/lib/alloc.o
                0x00010a24                mem_init

.text.mem_get_size
                0x00010a84       0x40
 .text.mem_get_size
                0x00010a84       0x40 ./src/lib/alloc.o
                0x00010a84                mem_get_size

.text.malloc    0x00010ac4      0x15c
 .text.malloc   0x00010ac4      0x15c ./src/lib/alloc.o
                0x00010ac4                malloc

.text.free      0x00010c20       0xa8
 .text.free     0x00010c20       0xa8 ./src/lib/alloc.o
                0x00010c20                free

.text.palloc    0x00010cc8       0xc0
 .text.palloc   0x00010cc8       0xc0 ./src/lib/alloc.o
                0x00010cc8                palloc

.text.pfree     0x00010d88       0x54
 .text.pfree    0x00010d88       0x54 ./src/lib/alloc.o
                0x00010d88                pfree

.iplt           0x00010ddc        0x0
 .iplt          0x00000000        0x0 ./src/lib/alloc.o

.text.assertion_failed
                0x00010ddc       0x88
 .text.assertion_failed
                0x00010ddc       0x88 ./src/lib/assert.o
                0x00010ddc                assertion_failed

.text.BcmFrameBuffer
                0x00010e64      0x130
 .text.BcmFrameBuffer
                0x00010e64      0x130 ./src/lib/bcmframebuffer.o
                0x00010e64                BcmFrameBuffer

.text._BcmFrameBuffer
                0x00010f94       0x44
 .text._BcmFrameBuffer
                0x00010f94       0x44 ./src/lib/bcmframebuffer.o
                0x00010f94                _BcmFrameBuffer

.text.BcmFrameBufferSetPalette
                0x00010fd8       0x4c
 .text.BcmFrameBufferSetPalette
                0x00010fd8       0x4c ./src/lib/bcmframebuffer.o
                0x00010fd8                BcmFrameBufferSetPalette

.text.BcmFrameBufferInitialize
                0x00011024       0x6c
 .text.BcmFrameBufferInitialize
                0x00011024       0x6c ./src/lib/bcmframebuffer.o
                0x00011024                BcmFrameBufferInitialize

.text.BcmFrameBufferGetWidth
                0x00011090       0x34
 .text.BcmFrameBufferGetWidth
                0x00011090       0x34 ./src/lib/bcmframebuffer.o
                0x00011090                BcmFrameBufferGetWidth

.text.BcmFrameBufferGetHeight
                0x000110c4       0x34
 .text.BcmFrameBufferGetHeight
                0x000110c4       0x34 ./src/lib/bcmframebuffer.o
                0x000110c4                BcmFrameBufferGetHeight

.text.BcmFrameBufferGetPitch
                0x000110f8       0x34
 .text.BcmFrameBufferGetPitch
                0x000110f8       0x34 ./src/lib/bcmframebuffer.o
                0x000110f8                BcmFrameBufferGetPitch

.text.BcmFrameBufferGetDepth
                0x0001112c       0x34
 .text.BcmFrameBufferGetDepth
                0x0001112c       0x34 ./src/lib/bcmframebuffer.o
                0x0001112c                BcmFrameBufferGetDepth

.text.BcmFrameBufferGetBuffer
                0x00011160       0x38
 .text.BcmFrameBufferGetBuffer
                0x00011160       0x38 ./src/lib/bcmframebuffer.o
                0x00011160                BcmFrameBufferGetBuffer

.text.BcmFrameBufferGetSize
                0x00011198       0x34
 .text.BcmFrameBufferGetSize
                0x00011198       0x34 ./src/lib/bcmframebuffer.o
                0x00011198                BcmFrameBufferGetSize

.text.BcmMailBox
                0x000111cc       0x38
 .text.BcmMailBox
                0x000111cc       0x38 ./src/lib/bcmmailbox.o
                0x000111cc                BcmMailBox

.text._BcmMailBox
                0x00011204       0x20
 .text._BcmMailBox
                0x00011204       0x20 ./src/lib/bcmmailbox.o
                0x00011204                _BcmMailBox

.text.BcmMailBoxWriteRead
                0x00011224      0x128
 .text.BcmMailBoxWriteRead
                0x00011224      0x128 ./src/lib/bcmmailbox.o
                0x00011224                BcmMailBoxWriteRead

.text.BcmMailBoxFlush
                0x0001134c       0x58
 .text.BcmMailBoxFlush
                0x0001134c       0x58 ./src/lib/bcmmailbox.o
                0x0001134c                BcmMailBoxFlush

.text.BcmMailBoxRead
                0x000113a4       0x60
 .text.BcmMailBoxRead
                0x000113a4       0x60 ./src/lib/bcmmailbox.o
                0x000113a4                BcmMailBoxRead

.text.BcmMailBoxWrite
                0x00011404       0x78
 .text.BcmMailBoxWrite
                0x00011404       0x78 ./src/lib/bcmmailbox.o
                0x00011404                BcmMailBoxWrite

.text.BcmPropertyTags
                0x0001147c       0x44
 .text.BcmPropertyTags
                0x0001147c       0x44 ./src/lib/bcmpropertytags.o
                0x0001147c                BcmPropertyTags

.text._BcmPropertyTags
                0x000114c0       0x3c
 .text._BcmPropertyTags
                0x000114c0       0x3c ./src/lib/bcmpropertytags.o
                0x000114c0                _BcmPropertyTags

.text.BcmPropertyTagsGetTag
                0x000114fc      0x184
 .text.BcmPropertyTagsGetTag
                0x000114fc      0x184 ./src/lib/bcmpropertytags.o
                0x000114fc                BcmPropertyTagsGetTag

.text.CharGenerator
                0x00011680       0x34
 .text.CharGenerator
                0x00011680       0x34 ./src/lib/chargenerator.o
                0x00011680                CharGenerator

.text._CharGenerator
                0x000116b4        0x4
 .text._CharGenerator
                0x000116b4        0x4 ./src/lib/chargenerator.o
                0x000116b4                _CharGenerator

.text.CharGeneratorGetCharWidth
                0x000116b8       0x34
 .text.CharGeneratorGetCharWidth
                0x000116b8       0x34 ./src/lib/chargenerator.o
                0x000116b8                CharGeneratorGetCharWidth

.text.CharGeneratorGetCharHeight
                0x000116ec       0x34
 .text.CharGeneratorGetCharHeight
                0x000116ec       0x34 ./src/lib/chargenerator.o
                0x000116ec                CharGeneratorGetCharHeight

.text.CharGeneratorGetUnderline
                0x00011720       0x34
 .text.CharGeneratorGetUnderline
                0x00011720       0x34 ./src/lib/chargenerator.o
                0x00011720                CharGeneratorGetUnderline

.text.CharGeneratorGetPixel
                0x00011754       0xac
 .text.CharGeneratorGetPixel
                0x00011754       0xac ./src/lib/chargenerator.o
                0x00011754                CharGeneratorGetPixel

.text.debug_hexdump
                0x00011800      0x108
 .text.debug_hexdump
                0x00011800      0x108 ./src/lib/debug.o
                0x00011800                debug_hexdump

.text.debug_stacktrace
                0x00011908       0x84
 .text.debug_stacktrace
                0x00011908       0x84 ./src/lib/debug.o
                0x00011908                debug_stacktrace

.text.ExceptionHandler2
                0x0001198c       0x64
 .text.ExceptionHandler2
                0x0001198c       0x64 ./src/lib/exceptionhandler.o
                0x0001198c                ExceptionHandler2

.text._ExceptionHandler
                0x000119f0       0x3c
 .text._ExceptionHandler
                0x000119f0       0x3c ./src/lib/exceptionhandler.o
                0x000119f0                _ExceptionHandler

.text.ExceptionHandlerThrow
                0x00011a2c       0x64
 .text.ExceptionHandlerThrow
                0x00011a2c       0x64 ./src/lib/exceptionhandler.o
                0x00011a2c                ExceptionHandlerThrow

.text.ExceptionHandlerThrow2
                0x00011a90      0x100
 .text.ExceptionHandlerThrow2
                0x00011a90      0x100 ./src/lib/exceptionhandler.o
                0x00011a90                ExceptionHandlerThrow2

.text.ExceptionHandlerGet
                0x00011b90       0x38
 .text.ExceptionHandlerGet
                0x00011b90       0x38 ./src/lib/exceptionhandler.o
                0x00011b90                ExceptionHandlerGet

.text.ExceptionHandler
                0x00011bc8      0x134
 .text.ExceptionHandler
                0x00011bc8      0x134 ./src/lib/exceptionhandler.o
                0x00011bc8                ExceptionHandler

.text.InterruptSystem
                0x00011cfc       0x58
 .text.InterruptSystem
                0x00011cfc       0x58 ./src/lib/interrupt.o
                0x00011cfc                InterruptSystem

.text._InterruptSystem
                0x00011d54       0x14
 .text._InterruptSystem
                0x00011d54       0x14 ./src/lib/interrupt.o
                0x00011d54                _InterruptSystem

.text.InterruptSystemInitialize
                0x00011d68       0x34
 .text.InterruptSystemInitialize
                0x00011d68       0x34 ./src/lib/interrupt.o
                0x00011d68                InterruptSystemInitialize

.text.InterruptSystemConnectIRQ
                0x00011d9c       0xfc
 .text.InterruptSystemConnectIRQ
                0x00011d9c       0xfc ./src/lib/interrupt.o
                0x00011d9c                InterruptSystemConnectIRQ

.text.InterruptSystemDisconnectIRQ
                0x00011e98      0x108
 .text.InterruptSystemDisconnectIRQ
                0x00011e98      0x108 ./src/lib/interrupt.o
                0x00011e98                InterruptSystemDisconnectIRQ

.text.InterruptSystemEnableIRQ
                0x00011fa0       0x7c
 .text.InterruptSystemEnableIRQ
                0x00011fa0       0x7c ./src/lib/interrupt.o
                0x00011fa0                InterruptSystemEnableIRQ

.text.InterruptSystemDisableIRQ
                0x0001201c       0x7c
 .text.InterruptSystemDisableIRQ
                0x0001201c       0x7c ./src/lib/interrupt.o
                0x0001201c                InterruptSystemDisableIRQ

.text.InterruptSystemGet
                0x00012098       0x38
 .text.InterruptSystemGet
                0x00012098       0x38 ./src/lib/interrupt.o
                0x00012098                InterruptSystemGet

.text.InterruptSystemCallIRQHandler
                0x000120d0       0xf0
 .text.InterruptSystemCallIRQHandler
                0x000120d0       0xf0 ./src/lib/interrupt.o
                0x000120d0                InterruptSystemCallIRQHandler

.text.InterruptHandler
                0x000121c0      0x128
 .text.InterruptHandler
                0x000121c0      0x128 ./src/lib/interrupt.o
                0x000121c0                InterruptHandler

.text.Divide    0x000122e8       0xd0
 .text.Divide   0x000122e8       0xd0 ./src/lib/libhelper.o
                0x000122e8                Divide

.text.Logger    0x000123b8       0x20
 .text.Logger   0x000123b8       0x20 ./src/lib/logger.o
                0x000123b8                Logger

.text._Logger   0x000123d8       0x1c
 .text._Logger  0x000123d8       0x1c ./src/lib/logger.o
                0x000123d8                _Logger

.text.LoggerGet
                0x000123f4       0x10
 .text.LoggerGet
                0x000123f4       0x10 ./src/lib/logger.o
                0x000123f4                LoggerGet

.text.LoggerWrite2
                0x00012404       0x28
 .text.LoggerWrite2
                0x00012404       0x28 ./src/lib/logger.o
                0x00012404                LoggerWrite2

.text.LoggerWriteV
                0x0001242c      0x150
 .text.LoggerWriteV
                0x0001242c      0x150 ./src/lib/logger.o
                0x0001242c                LoggerWriteV

.text.LoggerWrite
                0x0001257c      0x160
 .text.LoggerWrite
                0x0001257c      0x160 ./src/lib/logger.o
                0x0001257c                LoggerWrite

.text.LoggerInitialize
                0x000126dc       0x28
 .text.LoggerInitialize
                0x000126dc       0x28 ./src/lib/logger.o
                0x000126dc                LoggerInitialize

.text.read32    0x00012704        0x8
 .text.read32   0x00012704        0x8 ./src/lib/memio.o
                0x00012704                read32

.text.write32   0x0001270c        0x8
 .text.write32  0x0001270c        0x8 ./src/lib/memio.o
                0x0001270c                write32

.text._MemorySystem
                0x00012714       0x7c
 .text._MemorySystem
                0x00012714       0x7c ./src/lib/memory.o
                0x00012714                _MemorySystem

.text.MemorySystemGetMemSize
                0x00012790       0x34
 .text.MemorySystemGetMemSize
                0x00012790       0x34 ./src/lib/memory.o
                0x00012790                MemorySystemGetMemSize

.text.MemorySystemEnableMMU
                0x000127c4      0x118
 .text.MemorySystemEnableMMU
                0x000127c4      0x118 ./src/lib/memory.o
                0x000127c4                MemorySystemEnableMMU

.text.MemorySystem
                0x000128dc      0x160
 .text.MemorySystem
                0x000128dc      0x160 ./src/lib/memory.o
                0x000128dc                MemorySystem

.text.PageTable
                0x00012a3c       0xc8
 .text.PageTable
                0x00012a3c       0xc8 ./src/lib/pagetable.o
                0x00012a3c                PageTable

.text.PageTable2
                0x00012b04      0x128
 .text.PageTable2
                0x00012b04      0x128 ./src/lib/pagetable.o
                0x00012b04                PageTable2

.text._PageTable
                0x00012c2c       0x48
 .text._PageTable
                0x00012c2c       0x48 ./src/lib/pagetable.o
                0x00012c2c                _PageTable

.text.PageTableGetBaseAddress
                0x00012c74       0x34
 .text.PageTableGetBaseAddress
                0x00012c74       0x34 ./src/lib/pagetable.o
                0x00012c74                PageTableGetBaseAddress

.text.ScreenDeviceInvertCursor.part.3
                0x00012ca8       0xb4
 .text.ScreenDeviceInvertCursor.part.3
                0x00012ca8       0xb4 ./src/lib/screen.o

.text.ScreenDevice
                0x00012d5c       0x4c
 .text.ScreenDevice
                0x00012d5c       0x4c ./src/lib/screen.o
                0x00012d5c                ScreenDevice

.text._ScreenDevice
                0x00012da8       0x30
 .text._ScreenDevice
                0x00012da8       0x30 ./src/lib/screen.o
                0x00012da8                _ScreenDevice

.text.ScreenDeviceGetWidth
                0x00012dd8        0x8
 .text.ScreenDeviceGetWidth
                0x00012dd8        0x8 ./src/lib/screen.o
                0x00012dd8                ScreenDeviceGetWidth

.text.ScreenDeviceGetHeight
                0x00012de0        0x8
 .text.ScreenDeviceGetHeight
                0x00012de0        0x8 ./src/lib/screen.o
                0x00012de0                ScreenDeviceGetHeight

.text.ScreenDeviceSetPixel
                0x00012de8       0x28
 .text.ScreenDeviceSetPixel
                0x00012de8       0x28 ./src/lib/screen.o
                0x00012de8                ScreenDeviceSetPixel

.text.ScreenDeviceGetPixel
                0x00012e10       0x30
 .text.ScreenDeviceGetPixel
                0x00012e10       0x30 ./src/lib/screen.o
                0x00012e10                ScreenDeviceGetPixel

.text.ScreenDeviceRotor
                0x00012e40       0xc8
 .text.ScreenDeviceRotor
                0x00012e40       0xc8 ./src/lib/screen.o
                0x00012e40                ScreenDeviceRotor

.text.ScreenDeviceCarriageReturn
                0x00012f08        0xc
 .text.ScreenDeviceCarriageReturn
                0x00012f08        0xc ./src/lib/screen.o
                0x00012f08                ScreenDeviceCarriageReturn

.text.ScreenDeviceClearDisplayEnd
                0x00012f14       0xe8
 .text.ScreenDeviceClearDisplayEnd
                0x00012f14       0xe8 ./src/lib/screen.o
                0x00012f14                ScreenDeviceClearDisplayEnd

.text.ScreenDeviceInitialize
                0x00012ffc      0x118
 .text.ScreenDeviceInitialize
                0x00012ffc      0x118 ./src/lib/screen.o
                0x00012ffc                ScreenDeviceInitialize

.text.ScreenDeviceClearLineEnd
                0x00013114       0xb0
 .text.ScreenDeviceClearLineEnd
                0x00013114       0xb0 ./src/lib/screen.o
                0x00013114                ScreenDeviceClearLineEnd

.text.ScreenDeviceCursorDown
                0x000131c4       0x98
 .text.ScreenDeviceCursorDown
                0x000131c4       0x98 ./src/lib/screen.o
                0x000131c4                ScreenDeviceCursorDown

.text.ScreenDeviceCursorHome
                0x0001325c       0x10
 .text.ScreenDeviceCursorHome
                0x0001325c       0x10 ./src/lib/screen.o
                0x0001325c                ScreenDeviceCursorHome

.text.ScreenDeviceCursorLeft
                0x0001326c       0x68
 .text.ScreenDeviceCursorLeft
                0x0001326c       0x68 ./src/lib/screen.o
                0x0001326c                ScreenDeviceCursorLeft

.text.ScreenDeviceCursorMove
                0x000132d4       0x54
 .text.ScreenDeviceCursorMove
                0x000132d4       0x54 ./src/lib/screen.o
                0x000132d4                ScreenDeviceCursorMove

.text.ScreenDeviceCursorRight
                0x00013328       0xc0
 .text.ScreenDeviceCursorRight
                0x00013328       0xc0 ./src/lib/screen.o
                0x00013328                ScreenDeviceCursorRight

.text.ScreenDeviceWrite2
                0x000133e8      0x898
 .text.ScreenDeviceWrite2
                0x000133e8      0x898 ./src/lib/screen.o
                0x000133e8                ScreenDeviceWrite2

.text.ScreenDeviceWrite
                0x00013c80       0x8c
 .text.ScreenDeviceWrite
                0x00013c80       0x8c ./src/lib/screen.o
                0x00013c80                ScreenDeviceWrite

.text.ScreenDeviceCursorUp
                0x00013d0c       0x38
 .text.ScreenDeviceCursorUp
                0x00013d0c       0x38 ./src/lib/screen.o
                0x00013d0c                ScreenDeviceCursorUp

.text.ScreenDeviceDeleteChars
                0x00013d44        0x4
 .text.ScreenDeviceDeleteChars
                0x00013d44        0x4 ./src/lib/screen.o
                0x00013d44                ScreenDeviceDeleteChars

.text.ScreenDeviceDeleteLines
                0x00013d48        0x4
 .text.ScreenDeviceDeleteLines
                0x00013d48        0x4 ./src/lib/screen.o
                0x00013d48                ScreenDeviceDeleteLines

.text.ScreenDeviceDisplayChar
                0x00013d4c      0x188
 .text.ScreenDeviceDisplayChar
                0x00013d4c      0x188 ./src/lib/screen.o
                0x00013d4c                ScreenDeviceDisplayChar

.text.ScreenDeviceEraseChars
                0x00013ed4       0xe0
 .text.ScreenDeviceEraseChars
                0x00013ed4       0xe0 ./src/lib/screen.o
                0x00013ed4                ScreenDeviceEraseChars

.text.ScreenDeviceInsertLines
                0x00013fb4        0x4
 .text.ScreenDeviceInsertLines
                0x00013fb4        0x4 ./src/lib/screen.o
                0x00013fb4                ScreenDeviceInsertLines

.text.ScreenDeviceInsertMode
                0x00013fb8        0x8
 .text.ScreenDeviceInsertMode
                0x00013fb8        0x8 ./src/lib/screen.o
                0x00013fb8                ScreenDeviceInsertMode

.text.ScreenDeviceNewLine
                0x00013fc0       0xa0
 .text.ScreenDeviceNewLine
                0x00013fc0       0xa0 ./src/lib/screen.o
                0x00013fc0                ScreenDeviceNewLine

.text.ScreenDeviceReverseScroll
                0x00014060        0x4
 .text.ScreenDeviceReverseScroll
                0x00014060        0x4 ./src/lib/screen.o
                0x00014060                ScreenDeviceReverseScroll

.text.ScreenDeviceSetCursorMode
                0x00014064        0x8
 .text.ScreenDeviceSetCursorMode
                0x00014064        0x8 ./src/lib/screen.o
                0x00014064                ScreenDeviceSetCursorMode

.text.ScreenDeviceSetStandoutMode
                0x0001406c       0xa0
 .text.ScreenDeviceSetStandoutMode
                0x0001406c       0xa0 ./src/lib/screen.o
                0x0001406c                ScreenDeviceSetStandoutMode

.text.ScreenDeviceTabulator
                0x0001410c       0xcc
 .text.ScreenDeviceTabulator
                0x0001410c       0xcc ./src/lib/screen.o
                0x0001410c                ScreenDeviceTabulator

.text.ScreenDeviceScroll
                0x000141d8       0x60
 .text.ScreenDeviceScroll
                0x000141d8       0x60 ./src/lib/screen.o
                0x000141d8                ScreenDeviceScroll

.text.ScreenDeviceDisplayChar2
                0x00014238       0xc0
 .text.ScreenDeviceDisplayChar2
                0x00014238       0xc0 ./src/lib/screen.o
                0x00014238                ScreenDeviceDisplayChar2

.text.ScreenDeviceEraseChar
                0x000142f8       0x8c
 .text.ScreenDeviceEraseChar
                0x000142f8       0x8c ./src/lib/screen.o
                0x000142f8                ScreenDeviceEraseChar

.text.ScreenDeviceInvertCursor
                0x00014384       0x10
 .text.ScreenDeviceInvertCursor
                0x00014384       0x10 ./src/lib/screen.o
                0x00014384                ScreenDeviceInvertCursor

.text.String    0x00014394       0x38
 .text.String   0x00014394       0x38 ./src/lib/string.o
                0x00014394                String

.text.String2   0x000143cc       0x50
 .text.String2  0x000143cc       0x50 ./src/lib/string.o
                0x000143cc                String2

.text._String   0x0001441c       0x44
 .text._String  0x0001441c       0x44 ./src/lib/string.o
                0x0001441c                _String

.text.StringGet
                0x00014460       0x40
 .text.StringGet
                0x00014460       0x40 ./src/lib/string.o
                0x00014460                StringGet

.text.StringSet
                0x000144a0       0x60
 .text.StringSet
                0x000144a0       0x60 ./src/lib/string.o
                0x000144a0                StringSet

.text.StringGetLength
                0x00014500       0x3c
 .text.StringGetLength
                0x00014500       0x3c ./src/lib/string.o
                0x00014500                StringGetLength

.text.StringAppend
                0x0001453c       0xac
 .text.StringAppend
                0x0001453c       0xac ./src/lib/string.o
                0x0001453c                StringAppend

.text.StringCompare
                0x000145e8       0x48
 .text.StringCompare
                0x000145e8       0x48 ./src/lib/string.o
                0x000145e8                StringCompare

.text.StringFind
                0x00014630       0x80
 .text.StringFind
                0x00014630       0x80 ./src/lib/string.o
                0x00014630                StringFind

.text.StringFormatV
                0x000146b0      0xea0
 .text.StringFormatV
                0x000146b0      0xea0 ./src/lib/string.o
                0x000146b0                StringFormatV

.text.StringFormat
                0x00015550       0x54
 .text.StringFormat
                0x00015550       0x54 ./src/lib/string.o
                0x00015550                StringFormat

.text.StringPutChar
                0x000155a4       0xd4
 .text.StringPutChar
                0x000155a4       0xd4 ./src/lib/string.o
                0x000155a4                StringPutChar

.text.StringPutString
                0x00015678       0xe0
 .text.StringPutString
                0x00015678       0xe0 ./src/lib/string.o
                0x00015678                StringPutString

.text.StringReserveSpace
                0x00015758       0x94
 .text.StringReserveSpace
                0x00015758       0x94 ./src/lib/string.o
                0x00015758                StringReserveSpace

.text.ntoa      0x000157ec       0xbc
 .text.ntoa     0x000157ec       0xbc ./src/lib/string.o
                0x000157ec                ntoa

.text.EnterCritical
                0x000158a8       0x3c
 .text.EnterCritical
                0x000158a8       0x3c ./src/lib/synchronize.o
                0x000158a8                EnterCritical

.text.LeaveCritical
                0x000158e4       0x68
 .text.LeaveCritical
                0x000158e4       0x68 ./src/lib/synchronize.o
                0x000158e4                LeaveCritical

.text.InvalidateDataCache
                0x0001594c       0x88
 .text.InvalidateDataCache
                0x0001594c       0x88 ./src/lib/synchronize.o
                0x0001594c                InvalidateDataCache

.text.CleanDataCache
                0x000159d4       0x88
 .text.CleanDataCache
                0x000159d4       0x88 ./src/lib/synchronize.o
                0x000159d4                CleanDataCache

.text.InvalidateDataCacheRange
                0x00015a5c       0x30
 .text.InvalidateDataCacheRange
                0x00015a5c       0x30 ./src/lib/synchronize.o
                0x00015a5c                InvalidateDataCacheRange

.text.CleanDataCacheRange
                0x00015a8c       0x30
 .text.CleanDataCacheRange
                0x00015a8c       0x30 ./src/lib/synchronize.o
                0x00015a8c                CleanDataCacheRange

.text.CleanAndInvalidateDataCacheRange
                0x00015abc       0x30
 .text.CleanAndInvalidateDataCacheRange
                0x00015abc       0x30 ./src/lib/synchronize.o
                0x00015abc                CleanAndInvalidateDataCacheRange

.text.halt      0x00015aec        0x8
 .text.halt     0x00015aec        0x8 ./src/lib/sysinit.o
                0x00015aec                halt

.text.reboot    0x00015af4       0x34
 .text.reboot   0x00015af4       0x34 ./src/lib/sysinit.o
                0x00015af4                reboot

.text.sysinit   0x00015b28       0x80
 .text.sysinit  0x00015b28       0x80 ./src/lib/sysinit.o
                0x00015b28                sysinit

.text.TimerInterruptHandler
                0x00015ba8      0x170
 .text.TimerInterruptHandler
                0x00015ba8      0x170 ./src/lib/timer.o
                0x00015ba8                TimerInterruptHandler

.text.Timer     0x00015d18       0xa0
 .text.Timer    0x00015d18       0xa0 ./src/lib/timer.o
                0x00015d18                Timer

.text._Timer    0x00015db8       0x14
 .text._Timer   0x00015db8       0x14 ./src/lib/timer.o
                0x00015db8                _Timer

.text.TimerInitialize
                0x00015dcc      0x104
 .text.TimerInitialize
                0x00015dcc      0x104 ./src/lib/timer.o
                0x00015dcc                TimerInitialize

.text.TimerGetClockTicks
                0x00015ed0       0x40
 .text.TimerGetClockTicks
                0x00015ed0       0x40 ./src/lib/timer.o
                0x00015ed0                TimerGetClockTicks

.text.TimerGetTicks
                0x00015f10       0x34
 .text.TimerGetTicks
                0x00015f10       0x34 ./src/lib/timer.o
                0x00015f10                TimerGetTicks

.text.TimerGetTime
                0x00015f44       0x34
 .text.TimerGetTime
                0x00015f44       0x34 ./src/lib/timer.o
                0x00015f44                TimerGetTime

.text.TimerGetTimeString
                0x00015f78       0xf0
 .text.TimerGetTimeString
                0x00015f78       0xf0 ./src/lib/timer.o
                0x00015f78                TimerGetTimeString

.text.TimerStartKernelTimer
                0x00016068       0xd4
 .text.TimerStartKernelTimer
                0x00016068       0xd4 ./src/lib/timer.o
                0x00016068                TimerStartKernelTimer

.text.TimerCancelKernelTimer
                0x0001613c       0x60
 .text.TimerCancelKernelTimer
                0x0001613c       0x60 ./src/lib/timer.o
                0x0001613c                TimerCancelKernelTimer

.text.TimerMsDelay
                0x0001619c       0x44
 .text.TimerMsDelay
                0x0001619c       0x44 ./src/lib/timer.o
                0x0001619c                TimerMsDelay

.text.TimerusDelay
                0x000161e0       0x44
 .text.TimerusDelay
                0x000161e0       0x44 ./src/lib/timer.o
                0x000161e0                TimerusDelay

.text.TimerGet  0x00016224       0x38
 .text.TimerGet
                0x00016224       0x38 ./src/lib/timer.o
                0x00016224                TimerGet

.text.TimerSimpleMsDelay
                0x0001625c       0x50
 .text.TimerSimpleMsDelay
                0x0001625c       0x50 ./src/lib/timer.o
                0x0001625c                TimerSimpleMsDelay

.text.TimerSimpleusDelay
                0x000162ac       0x44
 .text.TimerSimpleusDelay
                0x000162ac       0x44 ./src/lib/timer.o
                0x000162ac                TimerSimpleusDelay

.text.TimerPollKernelTimers
                0x000162f0       0x98
 .text.TimerPollKernelTimers
                0x000162f0       0x98 ./src/lib/timer.o
                0x000162f0                TimerPollKernelTimers

.text.TimerTuneMsDelay
                0x00016388       0x9c
 .text.TimerTuneMsDelay
                0x00016388       0x9c ./src/lib/timer.o
                0x00016388                TimerTuneMsDelay

.text.MsDelay   0x00016424       0x18
 .text.MsDelay  0x00016424       0x18 ./src/lib/uspibind.o
                0x00016424                MsDelay

.text.usDelay   0x0001643c       0x18
 .text.usDelay  0x0001643c       0x18 ./src/lib/uspibind.o
                0x0001643c                usDelay

.text.StartKernelTimer
                0x00016454       0x38
 .text.StartKernelTimer
                0x00016454       0x38 ./src/lib/uspibind.o
                0x00016454                StartKernelTimer

.text.CancelKernelTimer
                0x0001648c       0x18
 .text.CancelKernelTimer
                0x0001648c       0x18 ./src/lib/uspibind.o
                0x0001648c                CancelKernelTimer

.text.ConnectInterrupt
                0x000164a4       0x28
 .text.ConnectInterrupt
                0x000164a4       0x28 ./src/lib/uspibind.o
                0x000164a4                ConnectInterrupt

.text.SetPowerStateOn
                0x000164cc       0x80
 .text.SetPowerStateOn
                0x000164cc       0x80 ./src/lib/uspibind.o
                0x000164cc                SetPowerStateOn

.text.GetMACAddress
                0x0001654c       0x68
 .text.GetMACAddress
                0x0001654c       0x68 ./src/lib/uspibind.o
                0x0001654c                GetMACAddress

.text.LogWrite  0x000165b4       0x48
 .text.LogWrite
                0x000165b4       0x48 ./src/lib/uspibind.o
                0x000165b4                LogWrite

.text.uspi_assertion_failed
                0x000165fc        0x4
 .text.uspi_assertion_failed
                0x000165fc        0x4 ./src/lib/uspibind.o
                0x000165fc                uspi_assertion_failed

.text.DebugHexdump
                0x00016600        0x4
 .text.DebugHexdump
                0x00016600        0x4 ./src/lib/uspibind.o
                0x00016600                DebugHexdump

.text.USPiEnvInitialize
                0x00016604       0xe0
 .text.USPiEnvInitialize
                0x00016604       0xe0 ./src/lib/uspienv.o
                0x00016604                USPiEnvInitialize

.text.USPiEnvClose
                0x000166e4       0x3c
 .text.USPiEnvClose
                0x000166e4       0x3c ./src/lib/uspienv.o
                0x000166e4                USPiEnvClose

.text.USPiEnvGetScreen
                0x00016720        0xc
 .text.USPiEnvGetScreen
                0x00016720        0xc ./src/lib/uspienv.o
                0x00016720                USPiEnvGetScreen

.text.memset    0x0001672c       0x20
 .text.memset   0x0001672c       0x20 ./src/lib/util.o
                0x0001672c                memset

.text.memcpy    0x0001674c       0xf0
 .text.memcpy   0x0001674c       0xf0 ./src/lib/util.o
                0x0001674c                memcpy

.text.memcmp    0x0001683c       0x5c
 .text.memcmp   0x0001683c       0x5c ./src/lib/util.o
                0x0001683c                memcmp

.text.strlen    0x00016898       0x28
 .text.strlen   0x00016898       0x28 ./src/lib/util.o
                0x00016898                strlen

.text.strcmp    0x000168c0       0x90
 .text.strcmp   0x000168c0       0x90 ./src/lib/util.o
                0x000168c0                strcmp

.text.strcpy    0x00016950       0x2c
 .text.strcpy   0x00016950       0x2c ./src/lib/util.o
                0x00016950                strcpy

.text.strncpy   0x0001697c       0x50
 .text.strncpy  0x0001697c       0x50 ./src/lib/util.o
                0x0001697c                strncpy

.text.strcat    0x000169cc       0x44
 .text.strcat   0x000169cc       0x44 ./src/lib/util.o
                0x000169cc                strcat

.text.char2int  0x00016a10        0x4
 .text.char2int
                0x00016a10        0x4 ./src/lib/util.o
                0x00016a10                char2int

.text.le2be16   0x00016a14        0xc
 .text.le2be16  0x00016a14        0xc ./src/lib/util.o
                0x00016a14                le2be16

.text.le2be32   0x00016a20        0x8
 .text.le2be32  0x00016a20        0x8 ./src/lib/util.o
                0x00016a20                le2be32

.text.InitialiseFrameBuffer
                0x00016a28      0x248
 .text.InitialiseFrameBuffer
                0x00016a28      0x248 ./src/FrameBuffer.o
                0x00016a28                InitialiseFrameBuffer

.text.TestPattern
                0x00016c70       0x3c
 .text.TestPattern
                0x00016c70       0x3c ./src/FrameBuffer.o
                0x00016c70                TestPattern

.text.DrawPixel
                0x00016cac       0x20
 .text.DrawPixel
                0x00016cac       0x20 ./src/FrameBuffer.o
                0x00016cac                DrawPixel

.text.DrawLine  0x00016ccc       0xdc
 .text.DrawLine
                0x00016ccc       0xdc ./src/FrameBuffer.o
                0x00016ccc                DrawLine

.text.DrawPixelK
                0x00016da8       0x20
 .text.DrawPixelK
                0x00016da8       0x20 ./src/FrameBuffer.o
                0x00016da8                DrawPixelK

.text.DrawLineK
                0x00016dc8       0xa0
 .text.DrawLineK
                0x00016dc8       0xa0 ./src/FrameBuffer.o
                0x00016dc8                DrawLineK

.text.DrawRectK
                0x00016e68       0x58
 .text.DrawRectK
                0x00016e68       0x58 ./src/FrameBuffer.o
                0x00016e68                DrawRectK

.text.DrawRectKTesting
                0x00016ec0       0x5c
 .text.DrawRectKTesting
                0x00016ec0       0x5c ./src/FrameBuffer.o
                0x00016ec0                DrawRectKTesting

.text.ClearScreen
                0x00016f1c       0x70
 .text.ClearScreen
                0x00016f1c       0x70 ./src/FrameBuffer.o
                0x00016f1c                ClearScreen

.text.FillScreen
                0x00016f8c       0x5c
 .text.FillScreen
                0x00016f8c       0x5c ./src/FrameBuffer.o
                0x00016f8c                FillScreen

.text.SetPinFunction
                0x00016fe8       0x60
 .text.SetPinFunction
                0x00016fe8       0x60 ./src/GPIO.o
                0x00016fe8                SetPinFunction

.text.SetPin    0x00017048       0x14
 .text.SetPin   0x00017048       0x14 ./src/GPIO.o
                0x00017048                SetPin

.text.ClearPin  0x0001705c       0x14
 .text.ClearPin
                0x0001705c       0x14 ./src/GPIO.o
                0x0001705c                ClearPin

.text.ErrorFlash
                0x00017070       0x6c
 .text.ErrorFlash
                0x00017070       0x6c ./src/GPIO.o
                0x00017070                ErrorFlash

.text.MailboxWrite
                0x000170dc       0x40
 .text.MailboxWrite
                0x000170dc       0x40 ./src/Mailbox.o
                0x000170dc                MailboxWrite

.text.MailboxRead
                0x0001711c       0x50
 .text.MailboxRead
                0x0001711c       0x50 ./src/Mailbox.o
                0x0001711c                MailboxRead

.text.wait      0x0001716c       0x4c
 .text.wait     0x0001716c       0x4c ./src/SystemTimer.o
                0x0001716c                wait

.text.arm_timer_freerun_init
                0x000171b8       0x2c
 .text.arm_timer_freerun_init
                0x000171b8       0x2c ./src/armtimer.o
                0x000171b8                arm_timer_freerun_init

.text.arm_timer_freerun_tick
                0x000171e4        0xc
 .text.arm_timer_freerun_tick
                0x000171e4        0xc ./src/armtimer.o
                0x000171e4                arm_timer_freerun_tick

.text.RPI_GetIrqController
                0x000171f0        0xc
 .text.RPI_GetIrqController
                0x000171f0        0xc ./src/armtimer.o
                0x000171f0                RPI_GetIrqController

.text.RPI_GetArmTimer
                0x000171fc        0xc
 .text.RPI_GetArmTimer
                0x000171fc        0xc ./src/armtimer.o
                0x000171fc                RPI_GetArmTimer

.text.arm_timer_init
                0x00017208       0x14
 .text.arm_timer_init
                0x00017208       0x14 ./src/armtimer.o
                0x00017208                arm_timer_init

.text.arm_timer_stop
                0x0001721c       0x14
 .text.arm_timer_stop
                0x0001721c       0x14 ./src/armtimer.o
                0x0001721c                arm_timer_stop

.text.arm_timer_restart
                0x00017230       0x14
 .text.arm_timer_restart
                0x00017230       0x14 ./src/armtimer.o
                0x00017230                arm_timer_restart

.text.arm_timer_tick
                0x00017244       0x10
 .text.arm_timer_tick
                0x00017244       0x10 ./src/armtimer.o
                0x00017244                arm_timer_tick

.text.interrupt_vector
                0x00017254      0x104
 .text.interrupt_vector
                0x00017254      0x104 ./src/armtimer.o
                0x00017254                interrupt_vector

.text.bcm2835_set_debug
                0x00017358       0x10
 .text.bcm2835_set_debug
                0x00017358       0x10 ./src/bcm2835.o
                0x00017358                bcm2835_set_debug

.text.bcm2835_peri_read
                0x00017368       0x10
 .text.bcm2835_peri_read
                0x00017368       0x10 ./src/bcm2835.o
                0x00017368                bcm2835_peri_read

.text.bcm2835_peri_read_nb
                0x00017378        0x8
 .text.bcm2835_peri_read_nb
                0x00017378        0x8 ./src/bcm2835.o
                0x00017378                bcm2835_peri_read_nb

.text.bcm2835_peri_write
                0x00017380        0xc
 .text.bcm2835_peri_write
                0x00017380        0xc ./src/bcm2835.o
                0x00017380                bcm2835_peri_write

.text.bcm2835_peri_write_nb
                0x0001738c        0x8
 .text.bcm2835_peri_write_nb
                0x0001738c        0x8 ./src/bcm2835.o
                0x0001738c                bcm2835_peri_write_nb

.text.bcm2835_peri_set_bits
                0x00017394       0x20
 .text.bcm2835_peri_set_bits
                0x00017394       0x20 ./src/bcm2835.o
                0x00017394                bcm2835_peri_set_bits

.text.bcm2835_gpio_fsel
                0x000173b4       0x60
 .text.bcm2835_gpio_fsel
                0x000173b4       0x60 ./src/bcm2835.o
                0x000173b4                bcm2835_gpio_fsel

.text.bcm2835_gpio_set
                0x00017414       0x2c
 .text.bcm2835_gpio_set
                0x00017414       0x2c ./src/bcm2835.o
                0x00017414                bcm2835_gpio_set

.text.bcm2835_gpio_clr
                0x00017440       0x2c
 .text.bcm2835_gpio_clr
                0x00017440       0x2c ./src/bcm2835.o
                0x00017440                bcm2835_gpio_clr

.text.bcm2835_gpio_set_multi
                0x0001746c       0x18
 .text.bcm2835_gpio_set_multi
                0x0001746c       0x18 ./src/bcm2835.o
                0x0001746c                bcm2835_gpio_set_multi

.text.bcm2835_gpio_clr_multi
                0x00017484       0x18
 .text.bcm2835_gpio_clr_multi
                0x00017484       0x18 ./src/bcm2835.o
                0x00017484                bcm2835_gpio_clr_multi

.text.bcm2835_gpio_lev
                0x0001749c       0x34
 .text.bcm2835_gpio_lev
                0x0001749c       0x34 ./src/bcm2835.o
                0x0001749c                bcm2835_gpio_lev

.text.bcm2835_gpio_eds
                0x000174d0       0x34
 .text.bcm2835_gpio_eds
                0x000174d0       0x34 ./src/bcm2835.o
                0x000174d0                bcm2835_gpio_eds

.text.bcm2835_gpio_set_eds
                0x00017504       0x2c
 .text.bcm2835_gpio_set_eds
                0x00017504       0x2c ./src/bcm2835.o
                0x00017504                bcm2835_gpio_set_eds

.text.bcm2835_gpio_ren
                0x00017530       0x38
 .text.bcm2835_gpio_ren
                0x00017530       0x38 ./src/bcm2835.o
                0x00017530                bcm2835_gpio_ren

.text.bcm2835_gpio_clr_ren
                0x00017568       0x38
 .text.bcm2835_gpio_clr_ren
                0x00017568       0x38 ./src/bcm2835.o
                0x00017568                bcm2835_gpio_clr_ren

.text.bcm2835_gpio_fen
                0x000175a0       0x38
 .text.bcm2835_gpio_fen
                0x000175a0       0x38 ./src/bcm2835.o
                0x000175a0                bcm2835_gpio_fen

.text.bcm2835_gpio_clr_fen
                0x000175d8       0x38
 .text.bcm2835_gpio_clr_fen
                0x000175d8       0x38 ./src/bcm2835.o
                0x000175d8                bcm2835_gpio_clr_fen

.text.bcm2835_gpio_hen
                0x00017610       0x38
 .text.bcm2835_gpio_hen
                0x00017610       0x38 ./src/bcm2835.o
                0x00017610                bcm2835_gpio_hen

.text.bcm2835_gpio_clr_hen
                0x00017648       0x38
 .text.bcm2835_gpio_clr_hen
                0x00017648       0x38 ./src/bcm2835.o
                0x00017648                bcm2835_gpio_clr_hen

.text.bcm2835_gpio_len
                0x00017680       0x38
 .text.bcm2835_gpio_len
                0x00017680       0x38 ./src/bcm2835.o
                0x00017680                bcm2835_gpio_len

.text.bcm2835_gpio_clr_len
                0x000176b8       0x38
 .text.bcm2835_gpio_clr_len
                0x000176b8       0x38 ./src/bcm2835.o
                0x000176b8                bcm2835_gpio_clr_len

.text.bcm2835_gpio_aren
                0x000176f0       0x38
 .text.bcm2835_gpio_aren
                0x000176f0       0x38 ./src/bcm2835.o
                0x000176f0                bcm2835_gpio_aren

.text.bcm2835_gpio_clr_aren
                0x00017728       0x38
 .text.bcm2835_gpio_clr_aren
                0x00017728       0x38 ./src/bcm2835.o
                0x00017728                bcm2835_gpio_clr_aren

.text.bcm2835_gpio_afen
                0x00017760       0x38
 .text.bcm2835_gpio_afen
                0x00017760       0x38 ./src/bcm2835.o
                0x00017760                bcm2835_gpio_afen

.text.bcm2835_gpio_clr_afen
                0x00017798       0x38
 .text.bcm2835_gpio_clr_afen
                0x00017798       0x38 ./src/bcm2835.o
                0x00017798                bcm2835_gpio_clr_afen

.text.bcm2835_gpio_pud
                0x000177d0       0x18
 .text.bcm2835_gpio_pud
                0x000177d0       0x18 ./src/bcm2835.o
                0x000177d0                bcm2835_gpio_pud

.text.bcm2835_gpio_pudclk
                0x000177e8       0x30
 .text.bcm2835_gpio_pudclk
                0x000177e8       0x30 ./src/bcm2835.o
                0x000177e8                bcm2835_gpio_pudclk

.text.bcm2835_gpio_pad
                0x00017818       0x20
 .text.bcm2835_gpio_pad
                0x00017818       0x20 ./src/bcm2835.o
                0x00017818                bcm2835_gpio_pad

.text.bcm2835_gpio_set_pad
                0x00017838       0x24
 .text.bcm2835_gpio_set_pad
                0x00017838       0x24 ./src/bcm2835.o
                0x00017838                bcm2835_gpio_set_pad

.text.bcm2835_delay
                0x0001785c       0x74
 .text.bcm2835_delay
                0x0001785c       0x74 ./src/bcm2835.o
                0x0001785c                bcm2835_delay

.text.bcm2835_delayMicroseconds
                0x000178d0       0x6c
 .text.bcm2835_delayMicroseconds
                0x000178d0       0x6c ./src/bcm2835.o
                0x000178d0                bcm2835_delayMicroseconds

.text.bcm2835_gpio_write
                0x0001793c       0x34
 .text.bcm2835_gpio_write
                0x0001793c       0x34 ./src/bcm2835.o
                0x0001793c                bcm2835_gpio_write

.text.bcm2835_gpio_write_multi
                0x00017970       0x24
 .text.bcm2835_gpio_write_multi
                0x00017970       0x24 ./src/bcm2835.o
                0x00017970                bcm2835_gpio_write_multi

.text.bcm2835_gpio_write_mask
                0x00017994       0x28
 .text.bcm2835_gpio_write_mask
                0x00017994       0x28 ./src/bcm2835.o
                0x00017994                bcm2835_gpio_write_mask

.text.bcm2835_gpio_set_pud
                0x000179bc      0x108
 .text.bcm2835_gpio_set_pud
                0x000179bc      0x108 ./src/bcm2835.o
                0x000179bc                bcm2835_gpio_set_pud

.text.bcm2835_spi_begin
                0x00017ac4       0xac
 .text.bcm2835_spi_begin
                0x00017ac4       0xac ./src/bcm2835.o
                0x00017ac4                bcm2835_spi_begin

.text.bcm2835_spi_end
                0x00017b70       0x74
 .text.bcm2835_spi_end
                0x00017b70       0x74 ./src/bcm2835.o
                0x00017b70                bcm2835_spi_end

.text.bcm2835_spi_setBitOrder
                0x00017be4        0x4
 .text.bcm2835_spi_setBitOrder
                0x00017be4        0x4 ./src/bcm2835.o
                0x00017be4                bcm2835_spi_setBitOrder

.text.bcm2835_spi_setClockDivider
                0x00017be8       0x18
 .text.bcm2835_spi_setClockDivider
                0x00017be8       0x18 ./src/bcm2835.o
                0x00017be8                bcm2835_spi_setClockDivider

.text.bcm2835_spi_setDataMode
                0x00017c00       0x30
 .text.bcm2835_spi_setDataMode
                0x00017c00       0x30 ./src/bcm2835.o
                0x00017c00                bcm2835_spi_setDataMode

.text.bcm2835_spi_transfer
                0x00017c30       0x74
 .text.bcm2835_spi_transfer
                0x00017c30       0x74 ./src/bcm2835.o
                0x00017c30                bcm2835_spi_transfer

.text.bcm2835_spi_transfernb
                0x00017ca4      0x108
 .text.bcm2835_spi_transfernb
                0x00017ca4      0x108 ./src/bcm2835.o
                0x00017ca4                bcm2835_spi_transfernb

.text.bcm2835_spi_writenb
                0x00017dac       0xc0
 .text.bcm2835_spi_writenb
                0x00017dac       0xc0 ./src/bcm2835.o
                0x00017dac                bcm2835_spi_writenb

.text.bcm2835_spi_transfern
                0x00017e6c        0xc
 .text.bcm2835_spi_transfern
                0x00017e6c        0xc ./src/bcm2835.o
                0x00017e6c                bcm2835_spi_transfern

.text.bcm2835_spi_chipSelect
                0x00017e78       0x2c
 .text.bcm2835_spi_chipSelect
                0x00017e78       0x2c ./src/bcm2835.o
                0x00017e78                bcm2835_spi_chipSelect

.text.bcm2835_spi_setChipSelectPolarity
                0x00017ea4       0x3c
 .text.bcm2835_spi_setChipSelectPolarity
                0x00017ea4       0x3c ./src/bcm2835.o
                0x00017ea4                bcm2835_spi_setChipSelectPolarity

.text.bcm2835_i2c_begin
                0x00017ee0       0x94
 .text.bcm2835_i2c_begin
                0x00017ee0       0x94 ./src/bcm2835.o
                0x00017ee0                bcm2835_i2c_begin

.text.bcm2835_i2c_end
                0x00017f74       0x38
 .text.bcm2835_i2c_end
                0x00017f74       0x38 ./src/bcm2835.o
                0x00017f74                bcm2835_i2c_end

.text.bcm2835_i2c_setSlaveAddress
                0x00017fac       0x18
 .text.bcm2835_i2c_setSlaveAddress
                0x00017fac       0x18 ./src/bcm2835.o
                0x00017fac                bcm2835_i2c_setSlaveAddress

.text.bcm2835_i2c_setClockDivider
                0x00017fc4       0x54
 .text.bcm2835_i2c_setClockDivider
                0x00017fc4       0x54 ./src/bcm2835.o
                0x00017fc4                bcm2835_i2c_setClockDivider

.text.bcm2835_i2c_set_baudrate
                0x00018018       0x68
 .text.bcm2835_i2c_set_baudrate
                0x00018018       0x68 ./src/bcm2835.o
                0x00018018                bcm2835_i2c_set_baudrate

.text.bcm2835_i2c_write
                0x00018080      0x11c
 .text.bcm2835_i2c_write
                0x00018080      0x11c ./src/bcm2835.o
                0x00018080                bcm2835_i2c_write

.text.bcm2835_i2c_read
                0x0001819c      0x10c
 .text.bcm2835_i2c_read
                0x0001819c      0x10c ./src/bcm2835.o
                0x0001819c                bcm2835_i2c_read

.text.bcm2835_i2c_read_register_rs
                0x000182a8      0x1c8
 .text.bcm2835_i2c_read_register_rs
                0x000182a8      0x1c8 ./src/bcm2835.o
                0x000182a8                bcm2835_i2c_read_register_rs

.text.bcm2835_i2c_write_read_rs
                0x00018470      0x1e8
 .text.bcm2835_i2c_write_read_rs
                0x00018470      0x1e8 ./src/bcm2835.o
                0x00018470                bcm2835_i2c_write_read_rs

.text.bcm2835_st_read
                0x00018658       0x2c
 .text.bcm2835_st_read
                0x00018658       0x2c ./src/bcm2835.o
                0x00018658                bcm2835_st_read

.text.bcm2835_st_delay
                0x00018684       0x48
 .text.bcm2835_st_delay
                0x00018684       0x48 ./src/bcm2835.o
                0x00018684                bcm2835_st_delay

.text.bcm2835_pwm_set_clock
                0x000186cc      0x12c
 .text.bcm2835_pwm_set_clock
                0x000186cc      0x12c ./src/bcm2835.o
                0x000186cc                bcm2835_pwm_set_clock

.text.bcm2835_pwm_set_mode
                0x000187f8       0x68
 .text.bcm2835_pwm_set_mode
                0x000187f8       0x68 ./src/bcm2835.o
                0x000187f8                bcm2835_pwm_set_mode

.text.bcm2835_pwm_set_range
                0x00018860       0x34
 .text.bcm2835_pwm_set_range
                0x00018860       0x34 ./src/bcm2835.o
                0x00018860                bcm2835_pwm_set_range

.text.bcm2835_pwm_set_data
                0x00018894       0x34
 .text.bcm2835_pwm_set_data
                0x00018894       0x34 ./src/bcm2835.o
                0x00018894                bcm2835_pwm_set_data

.text.bcm2835_aux_muart_init
                0x000188c8       0x9c
 .text.bcm2835_aux_muart_init
                0x000188c8       0x9c ./src/bcm2835.o
                0x000188c8                bcm2835_aux_muart_init

.text.bcm2835_aux_muart_transfer
                0x00018964       0x24
 .text.bcm2835_aux_muart_transfer
                0x00018964       0x24 ./src/bcm2835.o
                0x00018964                bcm2835_aux_muart_transfer

.text.bcm2835_aux_muart_transfernb
                0x00018988       0x70
 .text.bcm2835_aux_muart_transfernb
                0x00018988       0x70 ./src/bcm2835.o
                0x00018988                bcm2835_aux_muart_transfernb

.text.bcm2835_aux_muart_transfer_hex
                0x000189f8       0x68
 .text.bcm2835_aux_muart_transfer_hex
                0x000189f8       0x68 ./src/bcm2835.o
                0x000189f8                bcm2835_aux_muart_transfer_hex

.text.bcm2835_aux_muart_transfer_hexnl
                0x00018a60       0x98
 .text.bcm2835_aux_muart_transfer_hexnl
                0x00018a60       0x98 ./src/bcm2835.o
                0x00018a60                bcm2835_aux_muart_transfer_hexnl

.text.bcm2835_mail_write
                0x00018af8       0x30
 .text.bcm2835_mail_write
                0x00018af8       0x30 ./src/bcm2835.o
                0x00018af8                bcm2835_mail_write

.text.bcm2835_mail_read
                0x00018b28       0x30
 .text.bcm2835_mail_read
                0x00018b28       0x30 ./src/bcm2835.o
                0x00018b28                bcm2835_mail_read

.text.bcm2835_fb_init
                0x00018b58      0x164
 .text.bcm2835_fb_init
                0x00018b58      0x164 ./src/bcm2835.o
                0x00018b58                bcm2835_fb_init

.text.bcm2835_init
                0x00018cbc       0xd4
 .text.bcm2835_init
                0x00018cbc       0xd4 ./src/bcm2835.o
                0x00018cbc                bcm2835_init

.text.bcm2835_close
                0x00018d90        0x8
 .text.bcm2835_close
                0x00018d90        0x8 ./src/bcm2835.o
                0x00018d90                bcm2835_close

.text.DeviceNameService
                0x00018d98       0x64
 .text.DeviceNameService
                0x00018d98       0x64 ./src/devicenameservice.o
                0x00018d98                DeviceNameService

.text._DeviceNameService
                0x00018dfc       0x94
 .text._DeviceNameService
                0x00018dfc       0x94 ./src/devicenameservice.o
                0x00018dfc                _DeviceNameService

.text.DeviceNameServiceAddDevice
                0x00018e90      0x104
 .text.DeviceNameServiceAddDevice
                0x00018e90      0x104 ./src/devicenameservice.o
                0x00018e90                DeviceNameServiceAddDevice

.text.DeviceNameServiceGetDevice
                0x00018f94       0xdc
 .text.DeviceNameServiceGetDevice
                0x00018f94       0xdc ./src/devicenameservice.o
                0x00018f94                DeviceNameServiceGetDevice

.text.DeviceNameServiceGet
                0x00019070       0x38
 .text.DeviceNameServiceGet
                0x00019070       0x38 ./src/devicenameservice.o
                0x00019070                DeviceNameServiceGet

.text.DWHCIDeviceCompletionRoutine
                0x000190a8       0x34
 .text.DWHCIDeviceCompletionRoutine
                0x000190a8       0x34 ./src/dwhcidevice.o
                0x000190a8                DWHCIDeviceCompletionRoutine

.text.DWHCIDevice
                0x000190dc       0x58
 .text.DWHCIDevice
                0x000190dc       0x58 ./src/dwhcidevice.o
                0x000190dc                DWHCIDevice

.text._DWHCIDevice
                0x00019134        0x8
 .text._DWHCIDevice
                0x00019134        0x8 ./src/dwhcidevice.o
                0x00019134                _DWHCIDevice

.text.DWHCIDeviceEnableRootPort
                0x0001913c      0x120
 .text.DWHCIDeviceEnableRootPort
                0x0001913c      0x120 ./src/dwhcidevice.o
                0x0001913c                DWHCIDeviceEnableRootPort

.text.DWHCIDeviceReset
                0x0001925c      0x140
 .text.DWHCIDeviceReset
                0x0001925c      0x140 ./src/dwhcidevice.o
                0x0001925c                DWHCIDeviceReset

.text.DWHCIDeviceInitCore
                0x0001939c      0x290
 .text.DWHCIDeviceInitCore
                0x0001939c      0x290 ./src/dwhcidevice.o
                0x0001939c                DWHCIDeviceInitCore

.text.DWHCIDeviceEnableGlobalInterrupts
                0x0001962c       0x68
 .text.DWHCIDeviceEnableGlobalInterrupts
                0x0001962c       0x68 ./src/dwhcidevice.o
                0x0001962c                DWHCIDeviceEnableGlobalInterrupts

.text.DWHCIDeviceEnableCommonInterrupts
                0x00019694       0x5c
 .text.DWHCIDeviceEnableCommonInterrupts
                0x00019694       0x5c ./src/dwhcidevice.o
                0x00019694                DWHCIDeviceEnableCommonInterrupts

.text.DWHCIDeviceEnableHostInterrupts
                0x000196f0       0xd8
 .text.DWHCIDeviceEnableHostInterrupts
                0x000196f0       0xd8 ./src/dwhcidevice.o
                0x000196f0                DWHCIDeviceEnableHostInterrupts

.text.DWHCIDeviceEnableChannelInterrupt
                0x000197c8       0x78
 .text.DWHCIDeviceEnableChannelInterrupt
                0x000197c8       0x78 ./src/dwhcidevice.o
                0x000197c8                DWHCIDeviceEnableChannelInterrupt

.text.DWHCIDeviceDisableChannelInterrupt
                0x00019840       0x78
 .text.DWHCIDeviceDisableChannelInterrupt
                0x00019840       0x78 ./src/dwhcidevice.o
                0x00019840                DWHCIDeviceDisableChannelInterrupt

.text.DWHCIDeviceFlushTxFIFO
                0x000198b8      0x134
 .text.DWHCIDeviceFlushTxFIFO
                0x000198b8      0x134 ./src/dwhcidevice.o
                0x000198b8                DWHCIDeviceFlushTxFIFO

.text.DWHCIDeviceFlushRxFIFO
                0x000199ec      0x100
 .text.DWHCIDeviceFlushRxFIFO
                0x000199ec      0x100 ./src/dwhcidevice.o
                0x000199ec                DWHCIDeviceFlushRxFIFO

.text.DWHCIDeviceInitHost
                0x00019aec      0x2dc
 .text.DWHCIDeviceInitHost
                0x00019aec      0x2dc ./src/dwhcidevice.o
                0x00019aec                DWHCIDeviceInitHost

.text.DWHCIDeviceInitialize
                0x00019dc8      0x244
 .text.DWHCIDeviceInitialize
                0x00019dc8      0x244 ./src/dwhcidevice.o
                0x00019dc8                DWHCIDeviceInitialize

.text.DWHCIDeviceStartChannel
                0x0001a00c      0x3e0
 .text.DWHCIDeviceStartChannel
                0x0001a00c      0x3e0 ./src/dwhcidevice.o
                0x0001a00c                DWHCIDeviceStartChannel

.text.DWHCIDeviceStartTransaction
                0x0001a3ec      0x140
 .text.DWHCIDeviceStartTransaction
                0x0001a3ec      0x140 ./src/dwhcidevice.o
                0x0001a3ec                DWHCIDeviceStartTransaction

.text.DWHCIDeviceTimerHandler
                0x0001a52c      0x11c
 .text.DWHCIDeviceTimerHandler
                0x0001a52c      0x11c ./src/dwhcidevice.o
                0x0001a52c                DWHCIDeviceTimerHandler

.text.DWHCIDeviceTransferStageAsync
                0x0001a648      0x32c
 .text.DWHCIDeviceTransferStageAsync
                0x0001a648      0x32c ./src/dwhcidevice.o
                0x0001a648                DWHCIDeviceTransferStageAsync

.text.DWHCIDeviceSubmitAsyncRequest
                0x0001a974       0xf0
 .text.DWHCIDeviceSubmitAsyncRequest
                0x0001a974       0xf0 ./src/dwhcidevice.o
                0x0001a974                DWHCIDeviceSubmitAsyncRequest

.text.DWHCIDeviceTransferStage
                0x0001aa64       0xdc
 .text.DWHCIDeviceTransferStage
                0x0001aa64       0xdc ./src/dwhcidevice.o
                0x0001aa64                DWHCIDeviceTransferStage

.text.DWHCIDeviceSubmitBlockingRequest
                0x0001ab40      0x7a4
 .text.DWHCIDeviceSubmitBlockingRequest
                0x0001ab40      0x7a4 ./src/dwhcidevice.o
                0x0001ab40                DWHCIDeviceSubmitBlockingRequest

.text.DWHCIDeviceControlMessage
                0x0001b2e4       0xe0
 .text.DWHCIDeviceControlMessage
                0x0001b2e4       0xe0 ./src/dwhcidevice.o
                0x0001b2e4                DWHCIDeviceControlMessage

.text.DWHCIDeviceTransfer
                0x0001b3c4       0x90
 .text.DWHCIDeviceTransfer
                0x0001b3c4       0x90 ./src/dwhcidevice.o
                0x0001b3c4                DWHCIDeviceTransfer

.text.DWHCIDeviceGetDescriptor
                0x0001b454      0x10c
 .text.DWHCIDeviceGetDescriptor
                0x0001b454      0x10c ./src/dwhcidevice.o
                0x0001b454                DWHCIDeviceGetDescriptor

.text.DWHCIDeviceSetAddress
                0x0001b560      0x11c
 .text.DWHCIDeviceSetAddress
                0x0001b560      0x11c ./src/dwhcidevice.o
                0x0001b560                DWHCIDeviceSetAddress

.text.DWHCIDeviceSetConfiguration
                0x0001b67c      0x11c
 .text.DWHCIDeviceSetConfiguration
                0x0001b67c      0x11c ./src/dwhcidevice.o
                0x0001b67c                DWHCIDeviceSetConfiguration

.text.DWHCIDeviceChannelInterruptHandler
                0x0001b798      0x66c
 .text.DWHCIDeviceChannelInterruptHandler
                0x0001b798      0x66c ./src/dwhcidevice.o
                0x0001b798                DWHCIDeviceChannelInterruptHandler

.text.DWHCIDeviceInterruptHandler
                0x0001be04      0x118
 .text.DWHCIDeviceInterruptHandler
                0x0001be04      0x118 ./src/dwhcidevice.o
                0x0001be04                DWHCIDeviceInterruptHandler

.text.DWHCIDeviceAllocateChannel
                0x0001bf1c       0x94
 .text.DWHCIDeviceAllocateChannel
                0x0001bf1c       0x94 ./src/dwhcidevice.o
                0x0001bf1c                DWHCIDeviceAllocateChannel

.text.DWHCIDeviceFreeChannel
                0x0001bfb0       0x98
 .text.DWHCIDeviceFreeChannel
                0x0001bfb0       0x98 ./src/dwhcidevice.o
                0x0001bfb0                DWHCIDeviceFreeChannel

.text.DWHCIDeviceWaitForBit
                0x0001c048       0xec
 .text.DWHCIDeviceWaitForBit
                0x0001c048       0xec ./src/dwhcidevice.o
                0x0001c048                DWHCIDeviceWaitForBit

.text.DWHCIDeviceGetPortSpeed
                0x0001c134       0x70
 .text.DWHCIDeviceGetPortSpeed
                0x0001c134       0x70 ./src/dwhcidevice.o
                0x0001c134                DWHCIDeviceGetPortSpeed

.text.DWHCIDeviceOvercurrentDetected
                0x0001c1a4       0x70
 .text.DWHCIDeviceOvercurrentDetected
                0x0001c1a4       0x70 ./src/dwhcidevice.o
                0x0001c1a4                DWHCIDeviceOvercurrentDetected

.text.DWHCIDeviceDisableRootPort
                0x0001c214       0x68
 .text.DWHCIDeviceDisableRootPort
                0x0001c214       0x68 ./src/dwhcidevice.o
                0x0001c214                DWHCIDeviceDisableRootPort

.text.DWHCIDeviceDumpRegister
                0x0001c27c       0x7c
 .text.DWHCIDeviceDumpRegister
                0x0001c27c       0x7c ./src/dwhcidevice.o
                0x0001c27c                DWHCIDeviceDumpRegister

.text.DWHCIDeviceDumpStatus
                0x0001c2f8      0x968
 .text.DWHCIDeviceDumpStatus
                0x0001c2f8      0x968 ./src/dwhcidevice.o
                0x0001c2f8                DWHCIDeviceDumpStatus

.text.DWHCIFrameSchedulerNonPeriodicWaitForFrame
                0x0001cc60        0x4
 .text.DWHCIFrameSchedulerNonPeriodicWaitForFrame
                0x0001cc60        0x4 ./src/dwhciframeschednper.o
                0x0001cc60                DWHCIFrameSchedulerNonPeriodicWaitForFrame

.text.DWHCIFrameSchedulerNonPeriodicIsOddFrame
                0x0001cc64        0x8
 .text.DWHCIFrameSchedulerNonPeriodicIsOddFrame
                0x0001cc64        0x8 ./src/dwhciframeschednper.o
                0x0001cc64                DWHCIFrameSchedulerNonPeriodicIsOddFrame

.text._DWHCIFrameSchedulerNonPeriodic
                0x0001cc6c       0x34
 .text._DWHCIFrameSchedulerNonPeriodic
                0x0001cc6c       0x34 ./src/dwhciframeschednper.o
                0x0001cc6c                _DWHCIFrameSchedulerNonPeriodic

.text.DWHCIFrameSchedulerNonPeriodicStartSplit
                0x0001cca0       0x34
 .text.DWHCIFrameSchedulerNonPeriodicStartSplit
                0x0001cca0       0x34 ./src/dwhciframeschednper.o
                0x0001cca0                DWHCIFrameSchedulerNonPeriodicStartSplit

.text.DWHCIFrameSchedulerNonPeriodicCompleteSplit
                0x0001ccd4       0xa0
 .text.DWHCIFrameSchedulerNonPeriodicCompleteSplit
                0x0001ccd4       0xa0 ./src/dwhciframeschednper.o
                0x0001ccd4                DWHCIFrameSchedulerNonPeriodicCompleteSplit

.text.DWHCIFrameSchedulerNonPeriodicTransactionComplete
                0x0001cd74      0x130
 .text.DWHCIFrameSchedulerNonPeriodicTransactionComplete
                0x0001cd74      0x130 ./src/dwhciframeschednper.o
                0x0001cd74                DWHCIFrameSchedulerNonPeriodicTransactionComplete

.text.DWHCIFrameSchedulerNonPeriodic
                0x0001cea4       0x7c
 .text.DWHCIFrameSchedulerNonPeriodic
                0x0001cea4       0x7c ./src/dwhciframeschednper.o
                0x0001cea4                DWHCIFrameSchedulerNonPeriodic

.text._DWHCIFrameSchedulerNoSplit
                0x0001cf20        0x4
 .text._DWHCIFrameSchedulerNoSplit
                0x0001cf20        0x4 ./src/dwhciframeschednsplit.o
                0x0001cf20                _DWHCIFrameSchedulerNoSplit

.text.DWHCIFrameSchedulerNoSplitStartSplit
                0x0001cf24       0x18
 .text.DWHCIFrameSchedulerNoSplitStartSplit
                0x0001cf24       0x18 ./src/dwhciframeschednsplit.o
                0x0001cf24                DWHCIFrameSchedulerNoSplitStartSplit

.text.DWHCIFrameSchedulerNoSplitCompleteSplit
                0x0001cf3c       0x24
 .text.DWHCIFrameSchedulerNoSplitCompleteSplit
                0x0001cf3c       0x24 ./src/dwhciframeschednsplit.o
                0x0001cf3c                DWHCIFrameSchedulerNoSplitCompleteSplit

.text.DWHCIFrameSchedulerNoSplitTransactionComplete
                0x0001cf60       0x18
 .text.DWHCIFrameSchedulerNoSplitTransactionComplete
                0x0001cf60       0x18 ./src/dwhciframeschednsplit.o
                0x0001cf60                DWHCIFrameSchedulerNoSplitTransactionComplete

.text.DWHCIFrameSchedulerNoSplitIsOddFrame
                0x0001cf78       0x34
 .text.DWHCIFrameSchedulerNoSplitIsOddFrame
                0x0001cf78       0x34 ./src/dwhciframeschednsplit.o
                0x0001cf78                DWHCIFrameSchedulerNoSplitIsOddFrame

.text.DWHCIFrameSchedulerNoSplitWaitForFrame
                0x0001cfac       0x84
 .text.DWHCIFrameSchedulerNoSplitWaitForFrame
                0x0001cfac       0x84 ./src/dwhciframeschednsplit.o
                0x0001cfac                DWHCIFrameSchedulerNoSplitWaitForFrame

.text.DWHCIFrameSchedulerNoSplit
                0x0001d030       0x84
 .text.DWHCIFrameSchedulerNoSplit
                0x0001d030       0x84 ./src/dwhciframeschednsplit.o
                0x0001d030                DWHCIFrameSchedulerNoSplit

.text._DWHCIFrameSchedulerPeriodic
                0x0001d0b4       0x34
 .text._DWHCIFrameSchedulerPeriodic
                0x0001d0b4       0x34 ./src/dwhciframeschedper.o
                0x0001d0b4                _DWHCIFrameSchedulerPeriodic

.text.DWHCIFrameSchedulerPeriodicStartSplit
                0x0001d0e8       0x3c
 .text.DWHCIFrameSchedulerPeriodicStartSplit
                0x0001d0e8       0x3c ./src/dwhciframeschedper.o
                0x0001d0e8                DWHCIFrameSchedulerPeriodicStartSplit

.text.DWHCIFrameSchedulerPeriodicIsOddFrame
                0x0001d124       0x34
 .text.DWHCIFrameSchedulerPeriodicIsOddFrame
                0x0001d124       0x34 ./src/dwhciframeschedper.o
                0x0001d124                DWHCIFrameSchedulerPeriodicIsOddFrame

.text.DWHCIFrameSchedulerPeriodicWaitForFrame
                0x0001d158       0x90
 .text.DWHCIFrameSchedulerPeriodicWaitForFrame
                0x0001d158       0x90 ./src/dwhciframeschedper.o
                0x0001d158                DWHCIFrameSchedulerPeriodicWaitForFrame

.text.DWHCIFrameSchedulerPeriodicCompleteSplit
                0x0001d1e8       0xc0
 .text.DWHCIFrameSchedulerPeriodicCompleteSplit
                0x0001d1e8       0xc0 ./src/dwhciframeschedper.o
                0x0001d1e8                DWHCIFrameSchedulerPeriodicCompleteSplit

.text.DWHCIFrameSchedulerPeriodicTransactionComplete
                0x0001d2a8      0x128
 .text.DWHCIFrameSchedulerPeriodicTransactionComplete
                0x0001d2a8      0x128 ./src/dwhciframeschedper.o
                0x0001d2a8                DWHCIFrameSchedulerPeriodicTransactionComplete

.text.DWHCIFrameSchedulerPeriodic
                0x0001d3d0       0x84
 .text.DWHCIFrameSchedulerPeriodic
                0x0001d3d0       0x84 ./src/dwhciframeschedper.o
                0x0001d3d0                DWHCIFrameSchedulerPeriodic

.text.DWHCIRegister
                0x0001d454       0x3c
 .text.DWHCIRegister
                0x0001d454       0x3c ./src/dwhciregister.o
                0x0001d454                DWHCIRegister

.text.DWHCIRegister2
                0x0001d490       0x44
 .text.DWHCIRegister2
                0x0001d490       0x44 ./src/dwhciregister.o
                0x0001d490                DWHCIRegister2

.text._DWHCIRegister
                0x0001d4d4       0x34
 .text._DWHCIRegister
                0x0001d4d4       0x34 ./src/dwhciregister.o
                0x0001d4d4                _DWHCIRegister

.text.DWHCIRegisterRead
                0x0001d508       0x40
 .text.DWHCIRegisterRead
                0x0001d508       0x40 ./src/dwhciregister.o
                0x0001d508                DWHCIRegisterRead

.text.DWHCIRegisterWrite
                0x0001d548       0x5c
 .text.DWHCIRegisterWrite
                0x0001d548       0x5c ./src/dwhciregister.o
                0x0001d548                DWHCIRegisterWrite

.text.DWHCIRegisterGet
                0x0001d5a4       0x54
 .text.DWHCIRegisterGet
                0x0001d5a4       0x54 ./src/dwhciregister.o
                0x0001d5a4                DWHCIRegisterGet

.text.DWHCIRegisterSet
                0x0001d5f8       0x3c
 .text.DWHCIRegisterSet
                0x0001d5f8       0x3c ./src/dwhciregister.o
                0x0001d5f8                DWHCIRegisterSet

.text.DWHCIRegisterIsSet
                0x0001d634       0x64
 .text.DWHCIRegisterIsSet
                0x0001d634       0x64 ./src/dwhciregister.o
                0x0001d634                DWHCIRegisterIsSet

.text.DWHCIRegisterAnd
                0x0001d698       0x60
 .text.DWHCIRegisterAnd
                0x0001d698       0x60 ./src/dwhciregister.o
                0x0001d698                DWHCIRegisterAnd

.text.DWHCIRegisterOr
                0x0001d6f8       0x60
 .text.DWHCIRegisterOr
                0x0001d6f8       0x60 ./src/dwhciregister.o
                0x0001d6f8                DWHCIRegisterOr

.text.DWHCIRegisterClearBit
                0x0001d758       0x88
 .text.DWHCIRegisterClearBit
                0x0001d758       0x88 ./src/dwhciregister.o
                0x0001d758                DWHCIRegisterClearBit

.text.DWHCIRegisterSetBit
                0x0001d7e0       0x88
 .text.DWHCIRegisterSetBit
                0x0001d7e0       0x88 ./src/dwhciregister.o
                0x0001d7e0                DWHCIRegisterSetBit

.text.DWHCIRegisterClearAll
                0x0001d868       0x3c
 .text.DWHCIRegisterClearAll
                0x0001d868       0x3c ./src/dwhciregister.o
                0x0001d868                DWHCIRegisterClearAll

.text.DWHCIRegisterSetAll
                0x0001d8a4       0x3c
 .text.DWHCIRegisterSetAll
                0x0001d8a4       0x3c ./src/dwhciregister.o
                0x0001d8a4                DWHCIRegisterSetAll

.text.DWHCIRegisterDump
                0x0001d8e0       0x88
 .text.DWHCIRegisterDump
                0x0001d8e0       0x88 ./src/dwhciregister.o
                0x0001d8e0                DWHCIRegisterDump

.text.DWHCIRootPort
                0x0001d968       0x5c
 .text.DWHCIRootPort
                0x0001d968       0x5c ./src/dwhcirootport.o
                0x0001d968                DWHCIRootPort

.text._DWHCIRootPort
                0x0001d9c4       0x54
 .text._DWHCIRootPort
                0x0001d9c4       0x54 ./src/dwhcirootport.o
                0x0001d9c4                _DWHCIRootPort

.text.DWHCIRootPortInitialize
                0x0001da18      0x278
 .text.DWHCIRootPortInitialize
                0x0001da18      0x278 ./src/dwhcirootport.o
                0x0001da18                DWHCIRootPortInitialize

.text.DWHCITransferStageData
                0x0001dc90      0x3c4
 .text.DWHCITransferStageData
                0x0001dc90      0x3c4 ./src/dwhcixferstagedata.o
                0x0001dc90                DWHCITransferStageData

.text._DWHCITransferStageData
                0x0001e054       0x7c
 .text._DWHCITransferStageData
                0x0001e054       0x7c ./src/dwhcixferstagedata.o
                0x0001e054                _DWHCITransferStageData

.text.DWHCITransferStageDataTransactionComplete
                0x0001e0d0      0x190
 .text.DWHCITransferStageDataTransactionComplete
                0x0001e0d0      0x190 ./src/dwhcixferstagedata.o
                0x0001e0d0                DWHCITransferStageDataTransactionComplete

.text.DWHCITransferStageDataSetSplitComplete
                0x0001e260       0x58
 .text.DWHCITransferStageDataSetSplitComplete
                0x0001e260       0x58 ./src/dwhcixferstagedata.o
                0x0001e260                DWHCITransferStageDataSetSplitComplete

.text.DWHCITransferStageDataSetState
                0x0001e2b8       0x38
 .text.DWHCITransferStageDataSetState
                0x0001e2b8       0x38 ./src/dwhcixferstagedata.o
                0x0001e2b8                DWHCITransferStageDataSetState

.text.DWHCITransferStageDataGetState
                0x0001e2f0       0x34
 .text.DWHCITransferStageDataGetState
                0x0001e2f0       0x34 ./src/dwhcixferstagedata.o
                0x0001e2f0                DWHCITransferStageDataGetState

.text.DWHCITransferStageDataSetSubState
                0x0001e324       0x38
 .text.DWHCITransferStageDataSetSubState
                0x0001e324       0x38 ./src/dwhcixferstagedata.o
                0x0001e324                DWHCITransferStageDataSetSubState

.text.DWHCITransferStageDataGetSubState
                0x0001e35c       0x34
 .text.DWHCITransferStageDataGetSubState
                0x0001e35c       0x34 ./src/dwhcixferstagedata.o
                0x0001e35c                DWHCITransferStageDataGetSubState

.text.DWHCITransferStageDataBeginSplitCycle
                0x0001e390        0x8
 .text.DWHCITransferStageDataBeginSplitCycle
                0x0001e390        0x8 ./src/dwhcixferstagedata.o
                0x0001e390                DWHCITransferStageDataBeginSplitCycle

.text.DWHCITransferStageDataGetChannelNumber
                0x0001e398       0x34
 .text.DWHCITransferStageDataGetChannelNumber
                0x0001e398       0x34 ./src/dwhcixferstagedata.o
                0x0001e398                DWHCITransferStageDataGetChannelNumber

.text.DWHCITransferStageDataIsPeriodic
                0x0001e3cc       0x70
 .text.DWHCITransferStageDataIsPeriodic
                0x0001e3cc       0x70 ./src/dwhcixferstagedata.o
                0x0001e3cc                DWHCITransferStageDataIsPeriodic

.text.DWHCITransferStageDataGetDeviceAddress
                0x0001e43c       0x60
 .text.DWHCITransferStageDataGetDeviceAddress
                0x0001e43c       0x60 ./src/dwhcixferstagedata.o
                0x0001e43c                DWHCITransferStageDataGetDeviceAddress

.text.DWHCITransferStageDataGetEndpointType
                0x0001e49c       0xa4
 .text.DWHCITransferStageDataGetEndpointType
                0x0001e49c       0xa4 ./src/dwhcixferstagedata.o
                0x0001e49c                DWHCITransferStageDataGetEndpointType

.text.DWHCITransferStageDataGetEndpointNumber
                0x0001e540       0x60
 .text.DWHCITransferStageDataGetEndpointNumber
                0x0001e540       0x60 ./src/dwhcixferstagedata.o
                0x0001e540                DWHCITransferStageDataGetEndpointNumber

.text.DWHCITransferStageDataGetMaxPacketSize
                0x0001e5a0       0x34
 .text.DWHCITransferStageDataGetMaxPacketSize
                0x0001e5a0       0x34 ./src/dwhcixferstagedata.o
                0x0001e5a0                DWHCITransferStageDataGetMaxPacketSize

.text.DWHCITransferStageDataGetSpeed
                0x0001e5d4       0x34
 .text.DWHCITransferStageDataGetSpeed
                0x0001e5d4       0x34 ./src/dwhcixferstagedata.o
                0x0001e5d4                DWHCITransferStageDataGetSpeed

.text.DWHCITransferStageDataGetPID
                0x0001e608       0x98
 .text.DWHCITransferStageDataGetPID
                0x0001e608       0x98 ./src/dwhcixferstagedata.o
                0x0001e608                DWHCITransferStageDataGetPID

.text.DWHCITransferStageDataIsDirectionIn
                0x0001e6a0       0x34
 .text.DWHCITransferStageDataIsDirectionIn
                0x0001e6a0       0x34 ./src/dwhcixferstagedata.o
                0x0001e6a0                DWHCITransferStageDataIsDirectionIn

.text.DWHCITransferStageDataIsStatusStage
                0x0001e6d4       0x34
 .text.DWHCITransferStageDataIsStatusStage
                0x0001e6d4       0x34 ./src/dwhcixferstagedata.o
                0x0001e6d4                DWHCITransferStageDataIsStatusStage

.text.DWHCITransferStageDataGetDMAAddress
                0x0001e708       0x54
 .text.DWHCITransferStageDataGetDMAAddress
                0x0001e708       0x54 ./src/dwhcixferstagedata.o
                0x0001e708                DWHCITransferStageDataGetDMAAddress

.text.DWHCITransferStageDataGetBytesToTransfer
                0x0001e75c       0x34
 .text.DWHCITransferStageDataGetBytesToTransfer
                0x0001e75c       0x34 ./src/dwhcixferstagedata.o
                0x0001e75c                DWHCITransferStageDataGetBytesToTransfer

.text.DWHCITransferStageDataGetPacketsToTransfer
                0x0001e790       0x34
 .text.DWHCITransferStageDataGetPacketsToTransfer
                0x0001e790       0x34 ./src/dwhcixferstagedata.o
                0x0001e790                DWHCITransferStageDataGetPacketsToTransfer

.text.DWHCITransferStageDataIsSplit
                0x0001e7c4       0x34
 .text.DWHCITransferStageDataIsSplit
                0x0001e7c4       0x34 ./src/dwhcixferstagedata.o
                0x0001e7c4                DWHCITransferStageDataIsSplit

.text.DWHCITransferStageDataIsSplitComplete
                0x0001e7f8       0x54
 .text.DWHCITransferStageDataIsSplitComplete
                0x0001e7f8       0x54 ./src/dwhcixferstagedata.o
                0x0001e7f8                DWHCITransferStageDataIsSplitComplete

.text.DWHCITransferStageDataGetHubAddress
                0x0001e84c       0x90
 .text.DWHCITransferStageDataGetHubAddress
                0x0001e84c       0x90 ./src/dwhcixferstagedata.o
                0x0001e84c                DWHCITransferStageDataGetHubAddress

.text.DWHCITransferStageDataGetHubPortAddress
                0x0001e8dc       0x90
 .text.DWHCITransferStageDataGetHubPortAddress
                0x0001e8dc       0x90 ./src/dwhcixferstagedata.o
                0x0001e8dc                DWHCITransferStageDataGetHubPortAddress

.text.DWHCITransferStageDataGetSplitPosition
                0x0001e96c       0x54
 .text.DWHCITransferStageDataGetSplitPosition
                0x0001e96c       0x54 ./src/dwhcixferstagedata.o
                0x0001e96c                DWHCITransferStageDataGetSplitPosition

.text.DWHCITransferStageDataGetStatusMask
                0x0001e9c0       0x8c
 .text.DWHCITransferStageDataGetStatusMask
                0x0001e9c0       0x8c ./src/dwhcixferstagedata.o
                0x0001e9c0                DWHCITransferStageDataGetStatusMask

.text.DWHCITransferStageDataGetTransactionStatus
                0x0001ea4c       0x54
 .text.DWHCITransferStageDataGetTransactionStatus
                0x0001ea4c       0x54 ./src/dwhcixferstagedata.o
                0x0001ea4c                DWHCITransferStageDataGetTransactionStatus

.text.DWHCITransferStageDataIsStageComplete
                0x0001eaa0       0x38
 .text.DWHCITransferStageDataIsStageComplete
                0x0001eaa0       0x38 ./src/dwhcixferstagedata.o
                0x0001eaa0                DWHCITransferStageDataIsStageComplete

.text.DWHCITransferStageDataGetResultLen
                0x0001ead8       0x3c
 .text.DWHCITransferStageDataGetResultLen
                0x0001ead8       0x3c ./src/dwhcixferstagedata.o
                0x0001ead8                DWHCITransferStageDataGetResultLen

.text.DWHCITransferStageDataGetURB
                0x0001eb14       0x54
 .text.DWHCITransferStageDataGetURB
                0x0001eb14       0x54 ./src/dwhcixferstagedata.o
                0x0001eb14                DWHCITransferStageDataGetURB

.text.DWHCITransferStageDataGetFrameScheduler
                0x0001eb68       0x34
 .text.DWHCITransferStageDataGetFrameScheduler
                0x0001eb68       0x34 ./src/dwhcixferstagedata.o
                0x0001eb68                DWHCITransferStageDataGetFrameScheduler

.text.KeyMap    0x0001eb9c       0x54
 .text.KeyMap   0x0001eb9c       0x54 ./src/keymap.o
                0x0001eb9c                KeyMap

.text._KeyMap   0x0001ebf0        0x4
 .text._KeyMap  0x0001ebf0        0x4 ./src/keymap.o
                0x0001ebf0                _KeyMap

.text.KeyMapClearTable
                0x0001ebf4       0x60
 .text.KeyMapClearTable
                0x0001ebf4       0x60 ./src/keymap.o
                0x0001ebf4                KeyMapClearTable

.text.KeyMapSetEntry
                0x0001ec54       0x7c
 .text.KeyMapSetEntry
                0x0001ec54       0x7c ./src/keymap.o
                0x0001ec54                KeyMapSetEntry

.text.KeyMapTranslate
                0x0001ecd0      0x138
 .text.KeyMapTranslate
                0x0001ecd0      0x138 ./src/keymap.o
                0x0001ecd0                KeyMapTranslate

.text.KeyMapGetString
                0x0001ee08       0xf8
 .text.KeyMapGetString
                0x0001ee08       0xf8 ./src/keymap.o
                0x0001ee08                KeyMapGetString

.text.KeyMapGetLEDStatus
                0x0001ef00       0x5c
 .text.KeyMapGetLEDStatus