
Allocating common symbols
Common symbol       size              file

fb_info             0x18              ./src/FrameBuffer.o

Discarded input sections

 .group         0x00000000        0x8 ./src/FrameBuffer.o
 .group         0x00000000        0x8 ./src/FrameBuffer.o
 .group         0x00000000        0x8 ./src/FrameBuffer.o
 .group         0x00000000        0x8 ./src/FrameBuffer.o
 .group         0x00000000        0x8 ./src/FrameBuffer.o
 .group         0x00000000        0x8 ./src/GPIO.o
 .group         0x00000000        0x8 ./src/GPIO.o
 .group         0x00000000        0x8 ./src/GPIO.o
 .group         0x00000000        0x8 ./src/GPIO.o
 .debug_macro   0x00000000      0x862 ./src/GPIO.o
 .debug_macro   0x00000000       0x76 ./src/GPIO.o
 .group         0x00000000        0x8 ./src/Mailbox.o
 .group         0x00000000        0x8 ./src/Mailbox.o
 .group         0x00000000        0x8 ./src/Mailbox.o
 .group         0x00000000        0x8 ./src/Mailbox.o
 .group         0x00000000        0x8 ./src/Mailbox.o
 .debug_macro   0x00000000      0x862 ./src/Mailbox.o
 .debug_macro   0x00000000       0x76 ./src/Mailbox.o
 .debug_macro   0x00000000       0x4c ./src/Mailbox.o
 .debug_macro   0x00000000      0x1c0 ./src/Mailbox.o
 .group         0x00000000        0x8 ./src/SystemTimer.o
 .group         0x00000000        0x8 ./src/SystemTimer.o
 .group         0x00000000        0x8 ./src/SystemTimer.o
 .debug_macro   0x00000000      0x862 ./src/SystemTimer.o
 .debug_macro   0x00000000       0x4c ./src/SystemTimer.o
 .debug_macro   0x00000000       0x76 ./src/SystemTimer.o
 .group         0x00000000        0x8 ./src/armtimer.o
 .group         0x00000000        0x8 ./src/armtimer.o
 .debug_macro   0x00000000      0x862 ./src/armtimer.o
 .group         0x00000000        0x8 ./src/bcm2835.o
 .group         0x00000000        0x8 ./src/bcm2835.o
 .debug_macro   0x00000000      0x862 ./src/bcm2835.o
 .group         0x00000000        0x8 ./src/main.o
 .group         0x00000000        0x8 ./src/main.o
 .group         0x00000000        0x8 ./src/main.o
 .group         0x00000000        0x8 ./src/main.o
 .group         0x00000000        0x8 ./src/main.o
 .group         0x00000000        0x8 ./src/main.o
 .group         0x00000000        0x8 ./src/main.o
 .group         0x00000000        0x8 ./src/main.o
 .group         0x00000000        0x8 ./src/main.o
 .group         0x00000000        0x8 ./src/main.o
 .group         0x00000000        0x8 ./src/main.o
 .group         0x00000000        0x8 ./src/main.o
 .group         0x00000000        0x8 ./src/main.o
 .group         0x00000000        0x8 ./src/main.o
 .group         0x00000000        0x8 ./src/main.o
 .group         0x00000000        0x8 ./src/main.o
 .group         0x00000000        0x8 ./src/main.o
 .group         0x00000000        0x8 ./src/main.o
 .group         0x00000000        0x8 ./src/main.o
 .group         0x00000000        0x8 ./src/main.o
 .group         0x00000000        0x8 ./src/main.o
 .debug_macro   0x00000000      0x862 ./src/main.o
 .debug_macro   0x00000000      0x1c0 ./src/main.o
 .debug_macro   0x00000000       0x4c ./src/main.o
 .debug_macro   0x00000000       0x28 ./src/main.o
 .debug_macro   0x00000000       0x76 ./src/main.o
 .debug_macro   0x00000000       0x22 ./src/main.o
 .group         0x00000000        0x8 ./src/periph.o
 .group         0x00000000        0x8 ./src/periph.o
 .group         0x00000000        0x8 ./src/periph.o
 .debug_macro   0x00000000      0x862 ./src/periph.o
 .debug_macro   0x00000000      0x1c0 ./src/periph.o
 .group         0x00000000        0x8 ./src/raspi.o
 .group         0x00000000        0x8 ./src/raspi.o
 .debug_macro   0x00000000      0x862 ./src/raspi.o
 .debug_macro   0x00000000       0x76 ./src/raspi.o

Memory Configuration

Name             Origin             Length             Attributes
ram              0x00010000         0x01000000
*default*        0x00000000         0xffffffff

Linker script and memory map

START GROUP
LOAD c:/program files (x86)/gnu tools arm embedded/4.9 2015q1/bin/../lib/gcc/arm-none-eabi/4.9.3\libgcc.a
LOAD c:/program files (x86)/gnu tools arm embedded/4.9 2015q1/bin/../lib/gcc/arm-none-eabi/4.9.3/../../../../arm-none-eabi/lib\libc.a
LOAD c:/program files (x86)/gnu tools arm embedded/4.9 2015q1/bin/../lib/gcc/arm-none-eabi/4.9.3/../../../../arm-none-eabi/lib\librdimon.a
END GROUP
LOAD ./src/Asetup.o
LOAD ./src/Avectors.o
LOAD ./src/FrameBuffer.o
LOAD ./src/GPIO.o
LOAD ./src/Mailbox.o
LOAD ./src/SystemTimer.o
LOAD ./src/armtimer.o
LOAD ./src/bcm2835.o
LOAD ./src/main.o
LOAD ./src/periph.o
LOAD ./src/raspi.o
LOAD c:/program files (x86)/gnu tools arm embedded/4.9 2015q1/bin/../lib/gcc/arm-none-eabi/4.9.3/../../../../arm-none-eabi/lib\libstdc++.a
LOAD c:/program files (x86)/gnu tools arm embedded/4.9 2015q1/bin/../lib/gcc/arm-none-eabi/4.9.3/../../../../arm-none-eabi/lib\libm.a
LOAD c:/program files (x86)/gnu tools arm embedded/4.9 2015q1/bin/../lib/gcc/arm-none-eabi/4.9.3/../../../../arm-none-eabi/lib\libc.a
START GROUP
LOAD c:/program files (x86)/gnu tools arm embedded/4.9 2015q1/bin/../lib/gcc/arm-none-eabi/4.9.3\libgcc.a
LOAD c:/program files (x86)/gnu tools arm embedded/4.9 2015q1/bin/../lib/gcc/arm-none-eabi/4.9.3/../../../../arm-none-eabi/lib\libg.a
LOAD c:/program files (x86)/gnu tools arm embedded/4.9 2015q1/bin/../lib/gcc/arm-none-eabi/4.9.3/../../../../arm-none-eabi/lib\libc.a
END GROUP
START GROUP
LOAD c:/program files (x86)/gnu tools arm embedded/4.9 2015q1/bin/../lib/gcc/arm-none-eabi/4.9.3\libgcc.a
LOAD c:/program files (x86)/gnu tools arm embedded/4.9 2015q1/bin/../lib/gcc/arm-none-eabi/4.9.3/../../../../arm-none-eabi/lib\libc.a
LOAD c:/program files (x86)/gnu tools arm embedded/4.9 2015q1/bin/../lib/gcc/arm-none-eabi/4.9.3/../../../../arm-none-eabi/lib\librdimon.a
END GROUP

.text           0x00010000     0x2c2c
 *(.text*)
 .text          0x00010000      0x5a0 ./src/Asetup.o
                0x00010000                asm_start
                0x00010074                MemoryBarrier
                0x00010088                dummy
                0x0001058c                exc_stack
                0x0001058c                supervisor_sp
                0x00010590                _enable_interrupts
 .text          0x000105a0       0x2c ./src/Avectors.o
                0x000105a0                PUT32
                0x000105a8                PUT16
                0x000105b0                PUT8
                0x000105b8                GET32
                0x000105c0                GETPC
                0x000105c8                BRANCHTO
 .text          0x000105cc        0x0 ./src/FrameBuffer.o
 .text.InitialiseFrameBuffer
                0x000105cc      0x248 ./src/FrameBuffer.o
                0x000105cc                InitialiseFrameBuffer
 .text.TestPattern
                0x00010814       0x3c ./src/FrameBuffer.o
                0x00010814                TestPattern
 .text.DrawPixel
                0x00010850       0x20 ./src/FrameBuffer.o
                0x00010850                DrawPixel
 .text.DrawLine
                0x00010870       0xdc ./src/FrameBuffer.o
                0x00010870                DrawLine
 .text          0x0001094c        0x0 ./src/GPIO.o
 .text.SetPinFunction
                0x0001094c       0x60 ./src/GPIO.o
                0x0001094c                SetPinFunction
 .text.SetPin   0x000109ac       0x14 ./src/GPIO.o
                0x000109ac                SetPin
 .text.ClearPin
                0x000109c0       0x14 ./src/GPIO.o
                0x000109c0                ClearPin
 .text.ErrorFlash
                0x000109d4       0x6c ./src/GPIO.o
                0x000109d4                ErrorFlash
 .text          0x00010a40        0x0 ./src/Mailbox.o
 .text.MailboxWrite
                0x00010a40       0x40 ./src/Mailbox.o
                0x00010a40                MailboxWrite
 .text.MailboxRead
                0x00010a80       0x50 ./src/Mailbox.o
                0x00010a80                MailboxRead
 .text          0x00010ad0        0x0 ./src/SystemTimer.o
 .text.wait     0x00010ad0       0x4c ./src/SystemTimer.o
                0x00010ad0                wait
 .text          0x00010b1c        0x0 ./src/armtimer.o
 .text.arm_timer_freerun_init
                0x00010b1c       0x2c ./src/armtimer.o
                0x00010b1c                arm_timer_freerun_init
 .text.arm_timer_freerun_tick
                0x00010b48        0xc ./src/armtimer.o
                0x00010b48                arm_timer_freerun_tick
 .text.RPI_GetIrqController
                0x00010b54        0xc ./src/armtimer.o
                0x00010b54                RPI_GetIrqController
 .text.RPI_GetArmTimer
                0x00010b60        0xc ./src/armtimer.o
                0x00010b60                RPI_GetArmTimer
 .text.arm_timer_init
                0x00010b6c       0x1c ./src/armtimer.o
                0x00010b6c                arm_timer_init
 .text.arm_timer_tick
                0x00010b88       0x10 ./src/armtimer.o
                0x00010b88                arm_timer_tick
 .text.interrupt_vector
                0x00010b98       0x24 ./src/armtimer.o
                0x00010b98                interrupt_vector
 .text          0x00010bbc        0x0 ./src/bcm2835.o
 .text.bcm2835_set_debug
                0x00010bbc       0x10 ./src/bcm2835.o
                0x00010bbc                bcm2835_set_debug
 .text.bcm2835_peri_read
                0x00010bcc       0x10 ./src/bcm2835.o
                0x00010bcc                bcm2835_peri_read
 .text.bcm2835_peri_read_nb
                0x00010bdc        0x8 ./src/bcm2835.o
                0x00010bdc                bcm2835_peri_read_nb
 .text.bcm2835_peri_write
                0x00010be4        0xc ./src/bcm2835.o
                0x00010be4                bcm2835_peri_write
 .text.bcm2835_peri_write_nb
                0x00010bf0        0x8 ./src/bcm2835.o
                0x00010bf0                bcm2835_peri_write_nb
 .text.bcm2835_peri_set_bits
                0x00010bf8       0x20 ./src/bcm2835.o
                0x00010bf8                bcm2835_peri_set_bits
 .text.bcm2835_gpio_fsel
                0x00010c18       0x60 ./src/bcm2835.o
                0x00010c18                bcm2835_gpio_fsel
 .text.bcm2835_gpio_set
                0x00010c78       0x2c ./src/bcm2835.o
                0x00010c78                bcm2835_gpio_set
 .text.bcm2835_gpio_clr
                0x00010ca4       0x2c ./src/bcm2835.o
                0x00010ca4                bcm2835_gpio_clr
 .text.bcm2835_gpio_set_multi
                0x00010cd0       0x18 ./src/bcm2835.o
                0x00010cd0                bcm2835_gpio_set_multi
 .text.bcm2835_gpio_clr_multi
                0x00010ce8       0x18 ./src/bcm2835.o
                0x00010ce8                bcm2835_gpio_clr_multi
 .text.bcm2835_gpio_lev
                0x00010d00       0x34 ./src/bcm2835.o
                0x00010d00                bcm2835_gpio_lev
 .text.bcm2835_gpio_eds
                0x00010d34       0x34 ./src/bcm2835.o
                0x00010d34                bcm2835_gpio_eds
 .text.bcm2835_gpio_set_eds
                0x00010d68       0x2c ./src/bcm2835.o
                0x00010d68                bcm2835_gpio_set_eds
 .text.bcm2835_gpio_ren
                0x00010d94       0x38 ./src/bcm2835.o
                0x00010d94                bcm2835_gpio_ren
 .text.bcm2835_gpio_clr_ren
                0x00010dcc       0x38 ./src/bcm2835.o
                0x00010dcc                bcm2835_gpio_clr_ren
 .text.bcm2835_gpio_fen
                0x00010e04       0x38 ./src/bcm2835.o
                0x00010e04                bcm2835_gpio_fen
 .text.bcm2835_gpio_clr_fen
                0x00010e3c       0x38 ./src/bcm2835.o
                0x00010e3c                bcm2835_gpio_clr_fen
 .text.bcm2835_gpio_hen
                0x00010e74       0x38 ./src/bcm2835.o
                0x00010e74                bcm2835_gpio_hen
 .text.bcm2835_gpio_clr_hen
                0x00010eac       0x38 ./src/bcm2835.o
                0x00010eac                bcm2835_gpio_clr_hen
 .text.bcm2835_gpio_len
                0x00010ee4       0x38 ./src/bcm2835.o
                0x00010ee4                bcm2835_gpio_len
 .text.bcm2835_gpio_clr_len
                0x00010f1c       0x38 ./src/bcm2835.o
                0x00010f1c                bcm2835_gpio_clr_len
 .text.bcm2835_gpio_aren
                0x00010f54       0x38 ./src/bcm2835.o
                0x00010f54                bcm2835_gpio_aren
 .text.bcm2835_gpio_clr_aren
                0x00010f8c       0x38 ./src/bcm2835.o
                0x00010f8c                bcm2835_gpio_clr_aren
 .text.bcm2835_gpio_afen
                0x00010fc4       0x38 ./src/bcm2835.o
                0x00010fc4                bcm2835_gpio_afen
 .text.bcm2835_gpio_clr_afen
                0x00010ffc       0x38 ./src/bcm2835.o
                0x00010ffc                bcm2835_gpio_clr_afen
 .text.bcm2835_gpio_pud
                0x00011034       0x18 ./src/bcm2835.o
                0x00011034                bcm2835_gpio_pud
 .text.bcm2835_gpio_pudclk
                0x0001104c       0x30 ./src/bcm2835.o
                0x0001104c                bcm2835_gpio_pudclk
 .text.bcm2835_gpio_pad
                0x0001107c       0x20 ./src/bcm2835.o
                0x0001107c                bcm2835_gpio_pad
 .text.bcm2835_gpio_set_pad
                0x0001109c       0x24 ./src/bcm2835.o
                0x0001109c                bcm2835_gpio_set_pad
 .text.bcm2835_delay
                0x000110c0       0x74 ./src/bcm2835.o
                0x000110c0                bcm2835_delay
 .text.bcm2835_delayMicroseconds
                0x00011134       0x6c ./src/bcm2835.o
                0x00011134                bcm2835_delayMicroseconds
 .text.bcm2835_gpio_write
                0x000111a0       0x34 ./src/bcm2835.o
                0x000111a0                bcm2835_gpio_write
 .text.bcm2835_gpio_write_multi
                0x000111d4       0x24 ./src/bcm2835.o
                0x000111d4                bcm2835_gpio_write_multi
 .text.bcm2835_gpio_write_mask
                0x000111f8       0x28 ./src/bcm2835.o
                0x000111f8                bcm2835_gpio_write_mask
 .text.bcm2835_gpio_set_pud
                0x00011220      0x108 ./src/bcm2835.o
                0x00011220                bcm2835_gpio_set_pud
 .text.bcm2835_spi_begin
                0x00011328       0xac ./src/bcm2835.o
                0x00011328                bcm2835_spi_begin
 .text.bcm2835_spi_end
                0x000113d4       0x74 ./src/bcm2835.o
                0x000113d4                bcm2835_spi_end
 .text.bcm2835_spi_setBitOrder
                0x00011448        0x4 ./src/bcm2835.o
                0x00011448                bcm2835_spi_setBitOrder
 .text.bcm2835_spi_setClockDivider
                0x0001144c       0x18 ./src/bcm2835.o
                0x0001144c                bcm2835_spi_setClockDivider
 .text.bcm2835_spi_setDataMode
                0x00011464       0x30 ./src/bcm2835.o
                0x00011464                bcm2835_spi_setDataMode
 .text.bcm2835_spi_transfer
                0x00011494       0x74 ./src/bcm2835.o
                0x00011494                bcm2835_spi_transfer
 .text.bcm2835_spi_transfernb
                0x00011508      0x108 ./src/bcm2835.o
                0x00011508                bcm2835_spi_transfernb
 .text.bcm2835_spi_writenb
                0x00011610       0xc0 ./src/bcm2835.o
                0x00011610                bcm2835_spi_writenb
 .text.bcm2835_spi_transfern
                0x000116d0        0xc ./src/bcm2835.o
                0x000116d0                bcm2835_spi_transfern
 .text.bcm2835_spi_chipSelect
                0x000116dc       0x2c ./src/bcm2835.o
                0x000116dc                bcm2835_spi_chipSelect
 .text.bcm2835_spi_setChipSelectPolarity
                0x00011708       0x3c ./src/bcm2835.o
                0x00011708                bcm2835_spi_setChipSelectPolarity
 .text.bcm2835_i2c_begin
                0x00011744       0x94 ./src/bcm2835.o
                0x00011744                bcm2835_i2c_begin
 .text.bcm2835_i2c_end
                0x000117d8       0x38 ./src/bcm2835.o
                0x000117d8                bcm2835_i2c_end
 .text.bcm2835_i2c_setSlaveAddress
                0x00011810       0x18 ./src/bcm2835.o
                0x00011810                bcm2835_i2c_setSlaveAddress
 .text.bcm2835_i2c_setClockDivider
                0x00011828       0x54 ./src/bcm2835.o
                0x00011828                bcm2835_i2c_setClockDivider
 .text.bcm2835_i2c_set_baudrate
                0x0001187c       0x68 ./src/bcm2835.o
                0x0001187c                bcm2835_i2c_set_baudrate
 .text.bcm2835_i2c_write
                0x000118e4      0x11c ./src/bcm2835.o
                0x000118e4                bcm2835_i2c_write
 .text.bcm2835_i2c_read
                0x00011a00      0x10c ./src/bcm2835.o
                0x00011a00                bcm2835_i2c_read
 .text.bcm2835_i2c_read_register_rs
                0x00011b0c      0x1c8 ./src/bcm2835.o
                0x00011b0c                bcm2835_i2c_read_register_rs
 .text.bcm2835_i2c_write_read_rs
                0x00011cd4      0x1e8 ./src/bcm2835.o
                0x00011cd4                bcm2835_i2c_write_read_rs
 .text.bcm2835_st_read
                0x00011ebc       0x2c ./src/bcm2835.o
                0x00011ebc                bcm2835_st_read
 .text.bcm2835_st_delay
                0x00011ee8       0x48 ./src/bcm2835.o
                0x00011ee8                bcm2835_st_delay
 .text.bcm2835_pwm_set_clock
                0x00011f30      0x12c ./src/bcm2835.o
                0x00011f30                bcm2835_pwm_set_clock
 .text.bcm2835_pwm_set_mode
                0x0001205c       0x68 ./src/bcm2835.o
                0x0001205c                bcm2835_pwm_set_mode
 .text.bcm2835_pwm_set_range
                0x000120c4       0x34 ./src/bcm2835.o
                0x000120c4                bcm2835_pwm_set_range
 .text.bcm2835_pwm_set_data
                0x000120f8       0x34 ./src/bcm2835.o
                0x000120f8                bcm2835_pwm_set_data
 .text.bcm2835_aux_muart_init
                0x0001212c       0x9c ./src/bcm2835.o
                0x0001212c                bcm2835_aux_muart_init
 .text.bcm2835_aux_muart_transfer
                0x000121c8       0x24 ./src/bcm2835.o
                0x000121c8                bcm2835_aux_muart_transfer
 .text.bcm2835_aux_muart_transfernb
                0x000121ec       0x70 ./src/bcm2835.o
                0x000121ec                bcm2835_aux_muart_transfernb
 .text.bcm2835_aux_muart_transfer_hex
                0x0001225c       0x68 ./src/bcm2835.o
                0x0001225c                bcm2835_aux_muart_transfer_hex
 .text.bcm2835_aux_muart_transfer_hexnl
                0x000122c4       0x98 ./src/bcm2835.o
                0x000122c4                bcm2835_aux_muart_transfer_hexnl
 .text.bcm2835_mail_write
                0x0001235c       0x30 ./src/bcm2835.o
                0x0001235c                bcm2835_mail_write
 .text.bcm2835_mail_read
                0x0001238c       0x30 ./src/bcm2835.o
                0x0001238c                bcm2835_mail_read
 .text.bcm2835_fb_init
                0x000123bc      0x164 ./src/bcm2835.o
                0x000123bc                bcm2835_fb_init
 .text.bcm2835_init
                0x00012520       0xd4 ./src/bcm2835.o
                0x00012520                bcm2835_init
 .text.bcm2835_close
                0x000125f4        0x8 ./src/bcm2835.o
                0x000125f4                bcm2835_close
 .text          0x000125fc        0x0 ./src/main.o
 .text.c_irq_handler
                0x000125fc        0xc ./src/main.o
                0x000125fc                c_irq_handler
 .text.not_main
                0x00012608      0x104 ./src/main.o
                0x00012608                not_main
 .text          0x0001270c        0x0 ./src/periph.o
 .text.uart_lcr
                0x0001270c        0xc ./src/periph.o
                0x0001270c                uart_lcr
 .text.uart_recv
                0x00012718       0x2c ./src/periph.o
                0x00012718                uart_recv
 .text.uart_check
                0x00012744       0x18 ./src/periph.o
                0x00012744                uart_check
 .text.uart_send
                0x0001275c       0x30 ./src/periph.o
                0x0001275c                uart_send
 .text.uart_flush
                0x0001278c       0x1c ./src/periph.o
                0x0001278c                uart_flush
 .text.hexstrings
                0x000127a8       0x78 ./src/periph.o
                0x000127a8                hexstrings
 .text.hexstring
                0x00012820       0xc0 ./src/periph.o
                0x00012820                hexstring
 .text.uart_sendC
                0x000128e0       0x94 ./src/periph.o
                0x000128e0                uart_sendC
 .text.uart_init
                0x00012974      0x118 ./src/periph.o
                0x00012974                uart_init
 .text.prepare_led_act
                0x00012a8c       0xb0 ./src/periph.o
                0x00012a8c                prepare_led_act
 .text.prepare_led_pwr
                0x00012b3c       0xb0 ./src/periph.o
                0x00012b3c                prepare_led_pwr
 .text.led_act_ON
                0x00012bec       0x10 ./src/periph.o
                0x00012bec                led_act_ON
 .text.led_act_OFF
                0x00012bfc       0x10 ./src/periph.o
                0x00012bfc                led_act_OFF
 .text.led_pwr_ON
                0x00012c0c       0x10 ./src/periph.o
                0x00012c0c                led_pwr_ON
 .text.led_pwr_OFF
                0x00012c1c       0x10 ./src/periph.o
                0x00012c1c                led_pwr_OFF
 .text          0x00012c2c        0x0 ./src/raspi.o

.rodata.str1.4  0x00012c2c       0x70
 .rodata.str1.4
                0x00012c2c       0x4d ./src/main.o
                                 0x50 (size before relaxing)
 *fill*         0x00012c79        0x3 
 .rodata.str1.4
                0x00012c7c       0x20 ./src/periph.o

.data           0x00012c9c        0x0
 .data          0x00012c9c        0x0 ./src/Asetup.o
 .data          0x00012c9c        0x0 ./src/Avectors.o
 .data          0x00012c9c        0x0 ./src/FrameBuffer.o
 .data          0x00012c9c        0x0 ./src/GPIO.o
 .data          0x00012c9c        0x0 ./src/Mailbox.o
 .data          0x00012c9c        0x0 ./src/SystemTimer.o
 .data          0x00012c9c        0x0 ./src/armtimer.o
 .data          0x00012c9c        0x0 ./src/bcm2835.o
 .data          0x00012c9c        0x0 ./src/main.o
 .data          0x00012c9c        0x0 ./src/periph.o
 .data          0x00012c9c        0x0 ./src/raspi.o

.igot.plt       0x00012c9c        0x0
 .igot.plt      0x00000000        0x0 ./src/Asetup.o

.data.bcm2835_pads
                0x00012c9c        0x4
 .data.bcm2835_pads
                0x00012c9c        0x4 ./src/bcm2835.o
                0x00012c9c                bcm2835_pads

.data.bcm2835_aux
                0x00012ca0        0x4
 .data.bcm2835_aux
                0x00012ca0        0x4 ./src/bcm2835.o
                0x00012ca0                bcm2835_aux

.data.bcm2835_mail
                0x00012ca4        0x4
 .data.bcm2835_mail
                0x00012ca4        0x4 ./src/bcm2835.o
                0x00012ca4                bcm2835_mail

.data.bcm2835_st
                0x00012ca8        0x4
 .data.bcm2835_st
                0x00012ca8        0x4 ./src/bcm2835.o
                0x00012ca8                bcm2835_st

.data.bcm2835_gpio
                0x00012cac        0x4
 .data.bcm2835_gpio
                0x00012cac        0x4 ./src/bcm2835.o
                0x00012cac                bcm2835_gpio

.data.bcm2835_clk
                0x00012cb0        0x4
 .data.bcm2835_clk
                0x00012cb0        0x4 ./src/bcm2835.o
                0x00012cb0                bcm2835_clk

.data.bcm2835_bsc0
                0x00012cb4        0x4
 .data.bcm2835_bsc0
                0x00012cb4        0x4 ./src/bcm2835.o
                0x00012cb4                bcm2835_bsc0

.data.bcm2835_bsc1
                0x00012cb8        0x4
 .data.bcm2835_bsc1
                0x00012cb8        0x4 ./src/bcm2835.o
                0x00012cb8                bcm2835_bsc1

.data.bcm2835_spi0
                0x00012cbc        0x4
 .data.bcm2835_spi0
                0x00012cbc        0x4 ./src/bcm2835.o
                0x00012cbc                bcm2835_spi0

.data.bcm2835_pwm
                0x00012cc0        0x4
 .data.bcm2835_pwm
                0x00012cc0        0x4 ./src/bcm2835.o
                0x00012cc0                bcm2835_pwm

.glue_7         0x00012cc4        0x0
 .glue_7        0x00000000        0x0 linker stubs

.glue_7t        0x00012cc4        0x0
 .glue_7t       0x00000000        0x0 linker stubs

.vfp11_veneer   0x00012cc4        0x0
 .vfp11_veneer  0x00000000        0x0 linker stubs

.v4_bx          0x00012cc4        0x0
 .v4_bx         0x00000000        0x0 linker stubs

.iplt           0x00012cc4        0x0
 .iplt          0x00000000        0x0 ./src/Asetup.o

.rel.dyn        0x00012cc4        0x0
 .rel.iplt      0x00000000        0x0 ./src/Asetup.o

.bss            0x00012cc4       0x20
 *(.bss*)
 .bss           0x00012cc4        0x0 ./src/Asetup.o
 .bss           0x00012cc4        0x0 ./src/Avectors.o
 .bss           0x00012cc4        0x0 ./src/FrameBuffer.o
 .bss           0x00012cc4        0x0 ./src/GPIO.o
 .bss           0x00012cc4        0x0 ./src/Mailbox.o
 .bss           0x00012cc4        0x0 ./src/SystemTimer.o
 .bss           0x00012cc4        0x0 ./src/armtimer.o
 .bss           0x00012cc4        0x0 ./src/bcm2835.o
 .bss.i2c_byte_wait_us
                0x00012cc4        0x4 ./src/bcm2835.o
 .bss.debug     0x00012cc8        0x1 ./src/bcm2835.o
 .bss           0x00012cc9        0x0 ./src/main.o
 .bss           0x00012cc9        0x0 ./src/periph.o
 .bss           0x00012cc9        0x0 ./src/raspi.o
 *fill*         0x00012cc9        0x3 
 COMMON         0x00012ccc       0x18 ./src/FrameBuffer.o
                0x00012ccc                fb_info
OUTPUT(Radecki_V0.elf elf32-littlearm)

.ARM.attributes
                0x00000000       0x39
 .ARM.attributes
                0x00000000       0x29 ./src/Asetup.o
 .ARM.attributes
                0x00000029       0x29 ./src/Avectors.o
 .ARM.attributes
                0x00000052       0x3d ./src/FrameBuffer.o
 .ARM.attributes
                0x0000008f       0x3d ./src/GPIO.o
 .ARM.attributes
                0x000000cc       0x3d ./src/Mailbox.o
 .ARM.attributes
                0x00000109       0x3d ./src/SystemTimer.o
 .ARM.attributes
                0x00000146       0x3d ./src/armtimer.o
 .ARM.attributes
                0x00000183       0x3d ./src/bcm2835.o
 .ARM.attributes
                0x000001c0       0x3d ./src/main.o
 .ARM.attributes
                0x000001fd       0x3d ./src/periph.o
 .ARM.attributes
                0x0000023a       0x3d ./src/raspi.o

.comment        0x00000000       0x70
 .comment       0x00000000       0x70 ./src/FrameBuffer.o
                                 0x71 (size before relaxing)
 .comment       0x00000000       0x71 ./src/GPIO.o
 .comment       0x00000000       0x71 ./src/Mailbox.o
 .comment       0x00000000       0x71 ./src/SystemTimer.o
 .comment       0x00000000       0x71 ./src/armtimer.o
 .comment       0x00000000       0x71 ./src/bcm2835.o
 .comment       0x00000000       0x71 ./src/main.o
 .comment       0x00000000       0x71 ./src/periph.o
 .comment       0x00000000       0x71 ./src/raspi.o

.debug_line     0x00000000     0x1b67
 .debug_line    0x00000000       0x63 ./src/Asetup.o
 .debug_line    0x00000063       0x49 ./src/Avectors.o
 .debug_line    0x000000ac      0x1ce ./src/FrameBuffer.o
 .debug_line    0x0000027a       0xcf ./src/GPIO.o
 .debug_line    0x00000349       0xaf ./src/Mailbox.o
 .debug_line    0x000003f8       0x73 ./src/SystemTimer.o
 .debug_line    0x0000046b       0xc9 ./src/armtimer.o
 .debug_line    0x00000534     0x10b6 ./src/bcm2835.o
 .debug_line    0x000015ea      0x33f ./src/main.o
 .debug_line    0x00001929      0x1f5 ./src/periph.o
 .debug_line    0x00001b1e       0x49 ./src/raspi.o

.debug_info     0x00000000     0x78cc
 .debug_info    0x00000000       0x7c ./src/Asetup.o
 .debug_info    0x0000007c       0x7e ./src/Avectors.o
 .debug_info    0x000000fa      0x42f ./src/FrameBuffer.o
 .debug_info    0x00000529      0x276 ./src/GPIO.o
 .debug_info    0x0000079f      0x18a ./src/Mailbox.o
 .debug_info    0x00000929       0xf9 ./src/SystemTimer.o
 .debug_info    0x00000a22      0x2fd ./src/armtimer.o
 .debug_info    0x00000d1f     0x5f6b ./src/bcm2835.o
 .debug_info    0x00006c8a      0x3e5 ./src/main.o
 .debug_info    0x0000706f      0x7f5 ./src/periph.o
 .debug_info    0x00007864       0x68 ./src/raspi.o

.debug_abbrev   0x00000000      0xda7
 .debug_abbrev  0x00000000       0x14 ./src/Asetup.o
 .debug_abbrev  0x00000014       0x14 ./src/Avectors.o
 .debug_abbrev  0x00000028      0x214 ./src/FrameBuffer.o
 .debug_abbrev  0x0000023c      0x16b ./src/GPIO.o
 .debug_abbrev  0x000003a7       0xe2 ./src/Mailbox.o
 .debug_abbrev  0x00000489       0x97 ./src/SystemTimer.o
 .debug_abbrev  0x00000520      0x162 ./src/armtimer.o
 .debug_abbrev  0x00000682      0x3b5 ./src/bcm2835.o
 .debug_abbrev  0x00000a37      0x16e ./src/main.o
 .debug_abbrev  0x00000ba5      0x1d9 ./src/periph.o
 .debug_abbrev  0x00000d7e       0x29 ./src/raspi.o

.debug_aranges  0x00000000      0x470
 .debug_aranges
                0x00000000       0x20 ./src/Asetup.o
 .debug_aranges
                0x00000020       0x20 ./src/Avectors.o
 .debug_aranges
                0x00000040       0x38 ./src/FrameBuffer.o
 .debug_aranges
                0x00000078       0x38 ./src/GPIO.o
 .debug_aranges
                0x000000b0       0x28 ./src/Mailbox.o
 .debug_aranges
                0x000000d8       0x20 ./src/SystemTimer.o
 .debug_aranges
                0x000000f8       0x50 ./src/armtimer.o
 .debug_aranges
                0x00000148      0x258 ./src/bcm2835.o
 .debug_aranges
                0x000003a0       0x28 ./src/main.o
 .debug_aranges
                0x000003c8       0x90 ./src/periph.o
 .debug_aranges
                0x00000458       0x18 ./src/raspi.o

.debug_loc      0x00000000     0x3680
 .debug_loc     0x00000000      0x510 ./src/FrameBuffer.o
 .debug_loc     0x00000510      0x17a ./src/GPIO.o
 .debug_loc     0x0000068a       0x83 ./src/Mailbox.o
 .debug_loc     0x0000070d       0x7a ./src/SystemTimer.o
 .debug_loc     0x00000787     0x2bbc ./src/bcm2835.o
 .debug_loc     0x00003343       0x36 ./src/main.o
 .debug_loc     0x00003379      0x307 ./src/periph.o

.debug_ranges   0x00000000     0x1008
 .debug_ranges  0x00000000       0x60 ./src/FrameBuffer.o
 .debug_ranges  0x00000060       0x40 ./src/GPIO.o
 .debug_ranges  0x000000a0       0x18 ./src/Mailbox.o
 .debug_ranges  0x000000b8       0x10 ./src/SystemTimer.o
 .debug_ranges  0x000000c8       0x40 ./src/armtimer.o
 .debug_ranges  0x00000108      0xda8 ./src/bcm2835.o
 .debug_ranges  0x00000eb0       0x30 ./src/main.o
 .debug_ranges  0x00000ee0      0x128 ./src/periph.o

.debug_macro    0x00000000     0x1e28
 .debug_macro   0x00000000       0x49 ./src/FrameBuffer.o
 .debug_macro   0x00000049      0x862 ./src/FrameBuffer.o
 .debug_macro   0x000008ab       0x76 ./src/FrameBuffer.o
 .debug_macro   0x00000921       0x28 ./src/FrameBuffer.o
 .debug_macro   0x00000949       0x22 ./src/FrameBuffer.o
 .debug_macro   0x0000096b      0x1c0 ./src/FrameBuffer.o
 .debug_macro   0x00000b2b       0x3c ./src/GPIO.o
 .debug_macro   0x00000b67      0x1ba ./src/GPIO.o
 .debug_macro   0x00000d21       0x4c ./src/GPIO.o
 .debug_macro   0x00000d6d       0x45 ./src/Mailbox.o
 .debug_macro   0x00000db2       0x1c ./src/Mailbox.o
 .debug_macro   0x00000dce       0x2d ./src/SystemTimer.o
 .debug_macro   0x00000dfb       0x2a ./src/armtimer.o
 .debug_macro   0x00000e25       0x82 ./src/armtimer.o
 .debug_macro   0x00000ea7       0x1a ./src/bcm2835.o
 .debug_macro   0x00000ec1      0x4b8 ./src/bcm2835.o
 .debug_macro   0x00001379      0x122 ./src/main.o
 .debug_macro   0x0000149b       0x58 ./src/main.o
 .debug_macro   0x000014f3       0x22 ./src/main.o
 .debug_macro   0x00001515       0x35 ./src/main.o
 .debug_macro   0x0000154a       0x9c ./src/main.o
 .debug_macro   0x000015e6      0x16d ./src/main.o
 .debug_macro   0x00001753       0x4a ./src/main.o
 .debug_macro   0x0000179d       0x52 ./src/main.o
 .debug_macro   0x000017ef       0x16 ./src/main.o
 .debug_macro   0x00001805       0x43 ./src/main.o
 .debug_macro   0x00001848      0x180 ./src/main.o
 .debug_macro   0x000019c8      0x27a ./src/main.o
 .debug_macro   0x00001c42       0x10 ./src/main.o
 .debug_macro   0x00001c52       0x35 ./src/main.o
 .debug_macro   0x00001c87       0x64 ./src/main.o
 .debug_macro   0x00001ceb       0x88 ./src/main.o
 .debug_macro   0x00001d73       0x33 ./src/periph.o
 .debug_macro   0x00001da6       0x5e ./src/periph.o
 .debug_macro   0x00001e04       0x24 ./src/raspi.o

.debug_str      0x00000000     0x7be0
 .debug_str     0x00000000     0x2ddc ./src/FrameBuffer.o
                               0x2e68 (size before relaxing)
 .debug_str     0x00002ddc      0x149 ./src/GPIO.o
                               0x2d79 (size before relaxing)
 .debug_str     0x00002f25       0x2f ./src/Mailbox.o
                               0x2e08 (size before relaxing)
 .debug_str     0x00002f54       0x3b ./src/SystemTimer.o
                               0x28d1 (size before relaxing)
 .debug_str     0x00002f8f      0x4dd ./src/armtimer.o
                               0x2a0c (size before relaxing)
 .debug_str     0x0000346c     0x1f65 ./src/bcm2835.o
                               0x44b0 (size before relaxing)
 .debug_str     0x000053d1     0x27a7 ./src/main.o
                               0x5a7b (size before relaxing)
 .debug_str     0x00007b78       0x59 ./src/periph.o
                               0x2c46 (size before relaxing)
 .debug_str     0x00007bd1        0xf ./src/raspi.o
                               0x27ba (size before relaxing)

.debug_frame    0x00000000      0x9dc
 .debug_frame   0x00000000       0x94 ./src/FrameBuffer.o
 .debug_frame   0x00000094       0x70 ./src/GPIO.o
 .debug_frame   0x00000104       0x48 ./src/Mailbox.o
 .debug_frame   0x0000014c       0x2c ./src/SystemTimer.o
 .debug_frame   0x00000178       0x9c ./src/armtimer.o
 .debug_frame   0x00000214      0x5f0 ./src/bcm2835.o
 .debug_frame   0x00000804       0x40 ./src/main.o
 .debug_frame   0x00000844      0x198 ./src/periph.o
