
Allocating common symbols
Common symbol       size              file

fb_info             0x18              ./src/FrameBuffer.o

Discarded input sections

 .group         0x00000000        0x8 ./src/FrameBuffer.o
 .group         0x00000000        0x8 ./src/FrameBuffer.o
 .group         0x00000000        0x8 ./src/FrameBuffer.o
 .group         0x00000000        0x8 ./src/FrameBuffer.o
 .group         0x00000000        0x8 ./src/FrameBuffer.o
 .group         0x00000000        0x8 ./src/GPIO.o
 .group         0x00000000        0x8 ./src/GPIO.o
 .group         0x00000000        0x8 ./src/GPIO.o
 .group         0x00000000        0x8 ./src/GPIO.o
 .debug_macro   0x00000000      0x862 ./src/GPIO.o
 .debug_macro   0x00000000       0x76 ./src/GPIO.o
 .group         0x00000000        0x8 ./src/Mailbox.o
 .group         0x00000000        0x8 ./src/Mailbox.o
 .group         0x00000000        0x8 ./src/Mailbox.o
 .group         0x00000000        0x8 ./src/Mailbox.o
 .group         0x00000000        0x8 ./src/Mailbox.o
 .debug_macro   0x00000000      0x862 ./src/Mailbox.o
 .debug_macro   0x00000000       0x76 ./src/Mailbox.o
 .debug_macro   0x00000000       0x4c ./src/Mailbox.o
 .debug_macro   0x00000000      0x1c0 ./src/Mailbox.o
 .group         0x00000000        0x8 ./src/SystemTimer.o
 .group         0x00000000        0x8 ./src/SystemTimer.o
 .group         0x00000000        0x8 ./src/SystemTimer.o
 .debug_macro   0x00000000      0x862 ./src/SystemTimer.o
 .debug_macro   0x00000000       0x4c ./src/SystemTimer.o
 .debug_macro   0x00000000       0x76 ./src/SystemTimer.o
 .group         0x00000000        0x8 ./src/armtimer.o
 .group         0x00000000        0x8 ./src/armtimer.o
 .group         0x00000000        0x8 ./src/armtimer.o
 .group         0x00000000        0x8 ./src/armtimer.o
 .debug_macro   0x00000000      0x862 ./src/armtimer.o
 .debug_macro   0x00000000       0x76 ./src/armtimer.o
 .group         0x00000000        0x8 ./src/bcm2835.o
 .group         0x00000000        0x8 ./src/bcm2835.o
 .debug_macro   0x00000000      0x862 ./src/bcm2835.o
 .group         0x00000000        0x8 ./src/main.o
 .group         0x00000000        0x8 ./src/main.o
 .group         0x00000000        0x8 ./src/main.o
 .group         0x00000000        0x8 ./src/main.o
 .group         0x00000000        0x8 ./src/main.o
 .group         0x00000000        0x8 ./src/main.o
 .group         0x00000000        0x8 ./src/main.o
 .group         0x00000000        0x8 ./src/main.o
 .group         0x00000000        0x8 ./src/main.o
 .group         0x00000000        0x8 ./src/main.o
 .group         0x00000000        0x8 ./src/main.o
 .group         0x00000000        0x8 ./src/main.o
 .group         0x00000000        0x8 ./src/main.o
 .group         0x00000000        0x8 ./src/main.o
 .group         0x00000000        0x8 ./src/main.o
 .group         0x00000000        0x8 ./src/main.o
 .group         0x00000000        0x8 ./src/main.o
 .group         0x00000000        0x8 ./src/main.o
 .group         0x00000000        0x8 ./src/main.o
 .group         0x00000000        0x8 ./src/main.o
 .group         0x00000000        0x8 ./src/main.o
 .debug_macro   0x00000000      0x862 ./src/main.o
 .debug_macro   0x00000000      0x1c0 ./src/main.o
 .debug_macro   0x00000000       0x4c ./src/main.o
 .debug_macro   0x00000000       0x28 ./src/main.o
 .debug_macro   0x00000000       0x76 ./src/main.o
 .debug_macro   0x00000000       0x22 ./src/main.o
 .debug_macro   0x00000000       0x64 ./src/main.o
 .group         0x00000000        0x8 ./src/periph.o
 .group         0x00000000        0x8 ./src/periph.o
 .group         0x00000000        0x8 ./src/periph.o
 .debug_macro   0x00000000      0x862 ./src/periph.o
 .debug_macro   0x00000000      0x1c0 ./src/periph.o
 .group         0x00000000        0x8 ./src/raspi.o
 .group         0x00000000        0x8 ./src/raspi.o
 .debug_macro   0x00000000      0x862 ./src/raspi.o
 .debug_macro   0x00000000       0x76 ./src/raspi.o

Memory Configuration

Name             Origin             Length             Attributes
ram              0x00010000         0x01000000
*default*        0x00000000         0xffffffff

Linker script and memory map

START GROUP
LOAD c:/program files (x86)/gnu tools arm embedded/4.9 2015q1/bin/../lib/gcc/arm-none-eabi/4.9.3\libgcc.a
LOAD c:/program files (x86)/gnu tools arm embedded/4.9 2015q1/bin/../lib/gcc/arm-none-eabi/4.9.3/../../../../arm-none-eabi/lib\libc.a
LOAD c:/program files (x86)/gnu tools arm embedded/4.9 2015q1/bin/../lib/gcc/arm-none-eabi/4.9.3/../../../../arm-none-eabi/lib\librdimon.a
END GROUP
LOAD ./src/Asetup.o
LOAD ./src/Avectors.o
LOAD ./src/FrameBuffer.o
LOAD ./src/GPIO.o
LOAD ./src/Mailbox.o
LOAD ./src/SystemTimer.o
LOAD ./src/armtimer.o
LOAD ./src/bcm2835.o
LOAD ./src/main.o
LOAD ./src/periph.o
LOAD ./src/raspi.o
LOAD c:/program files (x86)/gnu tools arm embedded/4.9 2015q1/bin/../lib/gcc/arm-none-eabi/4.9.3/../../../../arm-none-eabi/lib\libstdc++.a
LOAD c:/program files (x86)/gnu tools arm embedded/4.9 2015q1/bin/../lib/gcc/arm-none-eabi/4.9.3/../../../../arm-none-eabi/lib\libm.a
LOAD c:/program files (x86)/gnu tools arm embedded/4.9 2015q1/bin/../lib/gcc/arm-none-eabi/4.9.3/../../../../arm-none-eabi/lib\libc.a
START GROUP
LOAD c:/program files (x86)/gnu tools arm embedded/4.9 2015q1/bin/../lib/gcc/arm-none-eabi/4.9.3\libgcc.a
LOAD c:/program files (x86)/gnu tools arm embedded/4.9 2015q1/bin/../lib/gcc/arm-none-eabi/4.9.3/../../../../arm-none-eabi/lib\libg.a
LOAD c:/program files (x86)/gnu tools arm embedded/4.9 2015q1/bin/../lib/gcc/arm-none-eabi/4.9.3/../../../../arm-none-eabi/lib\libc.a
END GROUP
START GROUP
LOAD c:/program files (x86)/gnu tools arm embedded/4.9 2015q1/bin/../lib/gcc/arm-none-eabi/4.9.3\libgcc.a
LOAD c:/program files (x86)/gnu tools arm embedded/4.9 2015q1/bin/../lib/gcc/arm-none-eabi/4.9.3/../../../../arm-none-eabi/lib\libc.a
LOAD c:/program files (x86)/gnu tools arm embedded/4.9 2015q1/bin/../lib/gcc/arm-none-eabi/4.9.3/../../../../arm-none-eabi/lib\librdimon.a
END GROUP

.text           0x00010000     0x2be4
 *(.text*)
 .text          0x00010000      0x5bc ./src/Asetup.o
                0x00010000                asm_start
                0x00010090                MemoryBarrier
                0x000100a4                dummy
                0x000105a8                exc_stack
                0x000105a8                supervisor_sp
                0x000105ac                _enable_interrupts
 .text          0x000105bc       0x2c ./src/Avectors.o
                0x000105bc                PUT32
                0x000105c4                PUT16
                0x000105cc                PUT8
                0x000105d4                GET32
                0x000105dc                GETPC
                0x000105e4                BRANCHTO
 .text          0x000105e8        0x0 ./src/FrameBuffer.o
 .text.InitialiseFrameBuffer
                0x000105e8      0x248 ./src/FrameBuffer.o
                0x000105e8                InitialiseFrameBuffer
 .text.TestPattern
                0x00010830       0x3c ./src/FrameBuffer.o
                0x00010830                TestPattern
 .text.DrawPixel
                0x0001086c       0x20 ./src/FrameBuffer.o
                0x0001086c                DrawPixel
 .text.DrawLine
                0x0001088c       0xdc ./src/FrameBuffer.o
                0x0001088c                DrawLine
 .text          0x00010968        0x0 ./src/GPIO.o
 .text.SetPinFunction
                0x00010968       0x60 ./src/GPIO.o
                0x00010968                SetPinFunction
 .text.SetPin   0x000109c8       0x14 ./src/GPIO.o
                0x000109c8                SetPin
 .text.ClearPin
                0x000109dc       0x14 ./src/GPIO.o
                0x000109dc                ClearPin
 .text.ErrorFlash
                0x000109f0       0x6c ./src/GPIO.o
                0x000109f0                ErrorFlash
 .text          0x00010a5c        0x0 ./src/Mailbox.o
 .text.MailboxWrite
                0x00010a5c       0x40 ./src/Mailbox.o
                0x00010a5c                MailboxWrite
 .text.MailboxRead
                0x00010a9c       0x50 ./src/Mailbox.o
                0x00010a9c                MailboxRead
 .text          0x00010aec        0x0 ./src/SystemTimer.o
 .text.wait     0x00010aec       0x4c ./src/SystemTimer.o
                0x00010aec                wait
 .text          0x00010b38        0x0 ./src/armtimer.o
 .text.arm_timer_freerun_init
                0x00010b38       0x2c ./src/armtimer.o
                0x00010b38                arm_timer_freerun_init
 .text.arm_timer_freerun_tick
                0x00010b64        0xc ./src/armtimer.o
                0x00010b64                arm_timer_freerun_tick
 .text.RPI_GetIrqController
                0x00010b70        0xc ./src/armtimer.o
                0x00010b70                RPI_GetIrqController
 .text.RPI_GetArmTimer
                0x00010b7c        0xc ./src/armtimer.o
                0x00010b7c                RPI_GetArmTimer
 .text.arm_timer_init
                0x00010b88       0x14 ./src/armtimer.o
                0x00010b88                arm_timer_init
 .text.arm_timer_stop
                0x00010b9c       0x14 ./src/armtimer.o
                0x00010b9c                arm_timer_stop
 .text.arm_timer_restart
                0x00010bb0       0x14 ./src/armtimer.o
                0x00010bb0                arm_timer_restart
 .text.arm_timer_tick
                0x00010bc4       0x10 ./src/armtimer.o
                0x00010bc4                arm_timer_tick
 .text.interrupt_vector
                0x00010bd4       0x28 ./src/armtimer.o
                0x00010bd4                interrupt_vector
 .text          0x00010bfc        0x0 ./src/bcm2835.o
 .text.bcm2835_set_debug
                0x00010bfc       0x10 ./src/bcm2835.o
                0x00010bfc                bcm2835_set_debug
 .text.bcm2835_peri_read
                0x00010c0c       0x10 ./src/bcm2835.o
                0x00010c0c                bcm2835_peri_read
 .text.bcm2835_peri_read_nb
                0x00010c1c        0x8 ./src/bcm2835.o
                0x00010c1c                bcm2835_peri_read_nb
 .text.bcm2835_peri_write
                0x00010c24        0xc ./src/bcm2835.o
                0x00010c24                bcm2835_peri_write
 .text.bcm2835_peri_write_nb
                0x00010c30        0x8 ./src/bcm2835.o
                0x00010c30                bcm2835_peri_write_nb
 .text.bcm2835_peri_set_bits
                0x00010c38       0x20 ./src/bcm2835.o
                0x00010c38                bcm2835_peri_set_bits
 .text.bcm2835_gpio_fsel
                0x00010c58       0x60 ./src/bcm2835.o
                0x00010c58                bcm2835_gpio_fsel
 .text.bcm2835_gpio_set
                0x00010cb8       0x2c ./src/bcm2835.o
                0x00010cb8                bcm2835_gpio_set
 .text.bcm2835_gpio_clr
                0x00010ce4       0x2c ./src/bcm2835.o
                0x00010ce4                bcm2835_gpio_clr
 .text.bcm2835_gpio_set_multi
                0x00010d10       0x18 ./src/bcm2835.o
                0x00010d10                bcm2835_gpio_set_multi
 .text.bcm2835_gpio_clr_multi
                0x00010d28       0x18 ./src/bcm2835.o
                0x00010d28                bcm2835_gpio_clr_multi
 .text.bcm2835_gpio_lev
                0x00010d40       0x34 ./src/bcm2835.o
                0x00010d40                bcm2835_gpio_lev
 .text.bcm2835_gpio_eds
                0x00010d74       0x34 ./src/bcm2835.o
                0x00010d74                bcm2835_gpio_eds
 .text.bcm2835_gpio_set_eds
                0x00010da8       0x2c ./src/bcm2835.o
                0x00010da8                bcm2835_gpio_set_eds
 .text.bcm2835_gpio_ren
                0x00010dd4       0x38 ./src/bcm2835.o
                0x00010dd4                bcm2835_gpio_ren
 .text.bcm2835_gpio_clr_ren
                0x00010e0c       0x38 ./src/bcm2835.o
                0x00010e0c                bcm2835_gpio_clr_ren
 .text.bcm2835_gpio_fen
                0x00010e44       0x38 ./src/bcm2835.o
                0x00010e44                bcm2835_gpio_fen
 .text.bcm2835_gpio_clr_fen
                0x00010e7c       0x38 ./src/bcm2835.o
                0x00010e7c                bcm2835_gpio_clr_fen
 .text.bcm2835_gpio_hen
                0x00010eb4       0x38 ./src/bcm2835.o
                0x00010eb4                bcm2835_gpio_hen
 .text.bcm2835_gpio_clr_hen
                0x00010eec       0x38 ./src/bcm2835.o
                0x00010eec                bcm2835_gpio_clr_hen
 .text.bcm2835_gpio_len
                0x00010f24       0x38 ./src/bcm2835.o
                0x00010f24                bcm2835_gpio_len
 .text.bcm2835_gpio_clr_len
                0x00010f5c       0x38 ./src/bcm2835.o
                0x00010f5c                bcm2835_gpio_clr_len
 .text.bcm2835_gpio_aren
                0x00010f94       0x38 ./src/bcm2835.o
                0x00010f94                bcm2835_gpio_aren
 .text.bcm2835_gpio_clr_aren
                0x00010fcc       0x38 ./src/bcm2835.o
                0x00010fcc                bcm2835_gpio_clr_aren
 .text.bcm2835_gpio_afen
                0x00011004       0x38 ./src/bcm2835.o
                0x00011004                bcm2835_gpio_afen
 .text.bcm2835_gpio_clr_afen
                0x0001103c       0x38 ./src/bcm2835.o
                0x0001103c                bcm2835_gpio_clr_afen
 .text.bcm2835_gpio_pud
                0x00011074       0x18 ./src/bcm2835.o
                0x00011074                bcm2835_gpio_pud
 .text.bcm2835_gpio_pudclk
                0x0001108c       0x30 ./src/bcm2835.o
                0x0001108c                bcm2835_gpio_pudclk
 .text.bcm2835_gpio_pad
                0x000110bc       0x20 ./src/bcm2835.o
                0x000110bc                bcm2835_gpio_pad
 .text.bcm2835_gpio_set_pad
                0x000110dc       0x24 ./src/bcm2835.o
                0x000110dc                bcm2835_gpio_set_pad
 .text.bcm2835_delay
                0x00011100       0x74 ./src/bcm2835.o
                0x00011100                bcm2835_delay
 .text.bcm2835_delayMicroseconds
                0x00011174       0x6c ./src/bcm2835.o
                0x00011174                bcm2835_delayMicroseconds
 .text.bcm2835_gpio_write
                0x000111e0       0x34 ./src/bcm2835.o
                0x000111e0                bcm2835_gpio_write
 .text.bcm2835_gpio_write_multi
                0x00011214       0x24 ./src/bcm2835.o
                0x00011214                bcm2835_gpio_write_multi
 .text.bcm2835_gpio_write_mask
                0x00011238       0x28 ./src/bcm2835.o
                0x00011238                bcm2835_gpio_write_mask
 .text.bcm2835_gpio_set_pud
                0x00011260      0x108 ./src/bcm2835.o
                0x00011260                bcm2835_gpio_set_pud
 .text.bcm2835_spi_begin
                0x00011368       0xac ./src/bcm2835.o
                0x00011368                bcm2835_spi_begin
 .text.bcm2835_spi_end
                0x00011414       0x74 ./src/bcm2835.o
                0x00011414                bcm2835_spi_end
 .text.bcm2835_spi_setBitOrder
                0x00011488        0x4 ./src/bcm2835.o
                0x00011488                bcm2835_spi_setBitOrder
 .text.bcm2835_spi_setClockDivider
                0x0001148c       0x18 ./src/bcm2835.o
                0x0001148c                bcm2835_spi_setClockDivider
 .text.bcm2835_spi_setDataMode
                0x000114a4       0x30 ./src/bcm2835.o
                0x000114a4                bcm2835_spi_setDataMode
 .text.bcm2835_spi_transfer
                0x000114d4       0x74 ./src/bcm2835.o
                0x000114d4                bcm2835_spi_transfer
 .text.bcm2835_spi_transfernb
                0x00011548      0x108 ./src/bcm2835.o
                0x00011548                bcm2835_spi_transfernb
 .text.bcm2835_spi_writenb
                0x00011650       0xc0 ./src/bcm2835.o
                0x00011650                bcm2835_spi_writenb
 .text.bcm2835_spi_transfern
                0x00011710        0xc ./src/bcm2835.o
                0x00011710                bcm2835_spi_transfern
 .text.bcm2835_spi_chipSelect
                0x0001171c       0x2c ./src/bcm2835.o
                0x0001171c                bcm2835_spi_chipSelect
 .text.bcm2835_spi_setChipSelectPolarity
                0x00011748       0x3c ./src/bcm2835.o
                0x00011748                bcm2835_spi_setChipSelectPolarity
 .text.bcm2835_i2c_begin
                0x00011784       0x94 ./src/bcm2835.o
                0x00011784                bcm2835_i2c_begin
 .text.bcm2835_i2c_end
                0x00011818       0x38 ./src/bcm2835.o
                0x00011818                bcm2835_i2c_end
 .text.bcm2835_i2c_setSlaveAddress
                0x00011850       0x18 ./src/bcm2835.o
                0x00011850                bcm2835_i2c_setSlaveAddress
 .text.bcm2835_i2c_setClockDivider
                0x00011868       0x54 ./src/bcm2835.o
                0x00011868                bcm2835_i2c_setClockDivider
 .text.bcm2835_i2c_set_baudrate
                0x000118bc       0x68 ./src/bcm2835.o
                0x000118bc                bcm2835_i2c_set_baudrate
 .text.bcm2835_i2c_write
                0x00011924      0x11c ./src/bcm2835.o
                0x00011924                bcm2835_i2c_write
 .text.bcm2835_i2c_read
                0x00011a40      0x10c ./src/bcm2835.o
                0x00011a40                bcm2835_i2c_read
 .text.bcm2835_i2c_read_register_rs
                0x00011b4c      0x1c8 ./src/bcm2835.o
                0x00011b4c                bcm2835_i2c_read_register_rs
 .text.bcm2835_i2c_write_read_rs
                0x00011d14      0x1e8 ./src/bcm2835.o
                0x00011d14                bcm2835_i2c_write_read_rs
 .text.bcm2835_st_read
                0x00011efc       0x2c ./src/bcm2835.o
                0x00011efc                bcm2835_st_read
 .text.bcm2835_st_delay
                0x00011f28       0x48 ./src/bcm2835.o
                0x00011f28                bcm2835_st_delay
 .text.bcm2835_pwm_set_clock
                0x00011f70      0x12c ./src/bcm2835.o
                0x00011f70                bcm2835_pwm_set_clock
 .text.bcm2835_pwm_set_mode
                0x0001209c       0x68 ./src/bcm2835.o
                0x0001209c                bcm2835_pwm_set_mode
 .text.bcm2835_pwm_set_range
                0x00012104       0x34 ./src/bcm2835.o
                0x00012104                bcm2835_pwm_set_range
 .text.bcm2835_pwm_set_data
                0x00012138       0x34 ./src/bcm2835.o
                0x00012138                bcm2835_pwm_set_data
 .text.bcm2835_aux_muart_init
                0x0001216c       0x9c ./src/bcm2835.o
                0x0001216c                bcm2835_aux_muart_init
 .text.bcm2835_aux_muart_transfer
                0x00012208       0x24 ./src/bcm2835.o
                0x00012208                bcm2835_aux_muart_transfer
 .text.bcm2835_aux_muart_transfernb
                0x0001222c       0x70 ./src/bcm2835.o
                0x0001222c                bcm2835_aux_muart_transfernb
 .text.bcm2835_aux_muart_transfer_hex
                0x0001229c       0x68 ./src/bcm2835.o
                0x0001229c                bcm2835_aux_muart_transfer_hex
 .text.bcm2835_aux_muart_transfer_hexnl
                0x00012304       0x98 ./src/bcm2835.o
                0x00012304                bcm2835_aux_muart_transfer_hexnl
 .text.bcm2835_mail_write
                0x0001239c       0x30 ./src/bcm2835.o
                0x0001239c                bcm2835_mail_write
 .text.bcm2835_mail_read
                0x000123cc       0x30 ./src/bcm2835.o
                0x000123cc                bcm2835_mail_read
 .text.bcm2835_fb_init
                0x000123fc      0x164 ./src/bcm2835.o
                0x000123fc                bcm2835_fb_init
 .text.bcm2835_init
                0x00012560       0xd4 ./src/bcm2835.o
                0x00012560                bcm2835_init
 .text.bcm2835_close
                0x00012634        0x8 ./src/bcm2835.o
                0x00012634                bcm2835_close
 .text          0x0001263c        0x0 ./src/main.o
 .text.not_main
                0x0001263c       0x88 ./src/main.o
                0x0001263c                not_main
 .text          0x000126c4        0x0 ./src/periph.o
 .text.uart_lcr
                0x000126c4        0xc ./src/periph.o
                0x000126c4                uart_lcr
 .text.uart_recv
                0x000126d0       0x2c ./src/periph.o
                0x000126d0                uart_recv
 .text.uart_check
                0x000126fc       0x18 ./src/periph.o
                0x000126fc                uart_check
 .text.uart_send
                0x00012714       0x30 ./src/periph.o
                0x00012714                uart_send
 .text.uart_flush
                0x00012744       0x1c ./src/periph.o
                0x00012744                uart_flush
 .text.hexstrings
                0x00012760       0x78 ./src/periph.o
                0x00012760                hexstrings
 .text.hexstring
                0x000127d8       0xc0 ./src/periph.o
                0x000127d8                hexstring
 .text.uart_sendC
                0x00012898       0x94 ./src/periph.o
                0x00012898                uart_sendC
 .text.uart_init
                0x0001292c      0x118 ./src/periph.o
                0x0001292c                uart_init
 .text.prepare_led_act
                0x00012a44       0xb0 ./src/periph.o
                0x00012a44                prepare_led_act
 .text.prepare_led_pwr
                0x00012af4       0xb0 ./src/periph.o
                0x00012af4                prepare_led_pwr
 .text.led_act_ON
                0x00012ba4       0x10 ./src/periph.o
                0x00012ba4                led_act_ON
 .text.led_act_OFF
                0x00012bb4       0x10 ./src/periph.o
                0x00012bb4                led_act_OFF
 .text.led_pwr_ON
                0x00012bc4       0x10 ./src/periph.o
                0x00012bc4                led_pwr_ON
 .text.led_pwr_OFF
                0x00012bd4       0x10 ./src/periph.o
                0x00012bd4                led_pwr_OFF
 .text          0x00012be4        0x0 ./src/raspi.o

.rodata.str1.4  0x00012be4       0x58
 .rodata.str1.4
                0x00012be4       0x18 ./src/armtimer.o
 .rodata.str1.4
                0x00012bfc       0x1d ./src/main.o
                                 0x20 (size before relaxing)
 *fill*         0x00012c19        0x3 
 .rodata.str1.4
                0x00012c1c       0x20 ./src/periph.o

.data           0x00012c3c        0x0
 .data          0x00012c3c        0x0 ./src/Asetup.o
 .data          0x00012c3c        0x0 ./src/Avectors.o
 .data          0x00012c3c        0x0 ./src/FrameBuffer.o
 .data          0x00012c3c        0x0 ./src/GPIO.o
 .data          0x00012c3c        0x0 ./src/Mailbox.o
 .data          0x00012c3c        0x0 ./src/SystemTimer.o
 .data          0x00012c3c        0x0 ./src/armtimer.o
 .data          0x00012c3c        0x0 ./src/bcm2835.o
 .data          0x00012c3c        0x0 ./src/main.o
 .data          0x00012c3c        0x0 ./src/periph.o
 .data          0x00012c3c        0x0 ./src/raspi.o

.igot.plt       0x00012c3c        0x0
 .igot.plt      0x00000000        0x0 ./src/Asetup.o

.data.bcm2835_pads
                0x00012c3c        0x4
 .data.bcm2835_pads
                0x00012c3c        0x4 ./src/bcm2835.o
                0x00012c3c                bcm2835_pads

.data.bcm2835_aux
                0x00012c40        0x4
 .data.bcm2835_aux
                0x00012c40        0x4 ./src/bcm2835.o
                0x00012c40                bcm2835_aux

.data.bcm2835_mail
                0x00012c44        0x4
 .data.bcm2835_mail
                0x00012c44        0x4 ./src/bcm2835.o
                0x00012c44                bcm2835_mail

.data.bcm2835_st
                0x00012c48        0x4
 .data.bcm2835_st
                0x00012c48        0x4 ./src/bcm2835.o
                0x00012c48                bcm2835_st

.data.bcm2835_gpio
                0x00012c4c        0x4
 .data.bcm2835_gpio
                0x00012c4c        0x4 ./src/bcm2835.o
                0x00012c4c                bcm2835_gpio

.data.bcm2835_clk
                0x00012c50        0x4
 .data.bcm2835_clk
                0x00012c50        0x4 ./src/bcm2835.o
                0x00012c50                bcm2835_clk

.data.bcm2835_bsc0
                0x00012c54        0x4
 .data.bcm2835_bsc0
                0x00012c54        0x4 ./src/bcm2835.o
                0x00012c54                bcm2835_bsc0

.data.bcm2835_bsc1
                0x00012c58        0x4
 .data.bcm2835_bsc1
                0x00012c58        0x4 ./src/bcm2835.o
                0x00012c58                bcm2835_bsc1

.data.bcm2835_spi0
                0x00012c5c        0x4
 .data.bcm2835_spi0
                0x00012c5c        0x4 ./src/bcm2835.o
                0x00012c5c                bcm2835_spi0

.data.bcm2835_pwm
                0x00012c60        0x4
 .data.bcm2835_pwm
                0x00012c60        0x4 ./src/bcm2835.o
                0x00012c60                bcm2835_pwm

.glue_7         0x00012c64        0x0
 .glue_7        0x00000000        0x0 linker stubs

.glue_7t        0x00012c64        0x0
 .glue_7t       0x00000000        0x0 linker stubs

.vfp11_veneer   0x00012c64        0x0
 .vfp11_veneer  0x00000000        0x0 linker stubs

.v4_bx          0x00012c64        0x0
 .v4_bx         0x00000000        0x0 linker stubs

.iplt           0x00012c64        0x0
 .iplt          0x00000000        0x0 ./src/Asetup.o

.rel.dyn        0x00012c64        0x0
 .rel.iplt      0x00000000        0x0 ./src/Asetup.o

.bss            0x00012c64       0x20
 *(.bss*)
 .bss           0x00012c64        0x0 ./src/Asetup.o
 .bss           0x00012c64        0x0 ./src/Avectors.o
 .bss           0x00012c64        0x0 ./src/FrameBuffer.o
 .bss           0x00012c64        0x0 ./src/GPIO.o
 .bss           0x00012c64        0x0 ./src/Mailbox.o
 .bss           0x00012c64        0x0 ./src/SystemTimer.o
 .bss           0x00012c64        0x0 ./src/armtimer.o
 .bss           0x00012c64        0x0 ./src/bcm2835.o
 .bss.i2c_byte_wait_us
                0x00012c64        0x4 ./src/bcm2835.o
 .bss.debug     0x00012c68        0x1 ./src/bcm2835.o
 .bss           0x00012c69        0x0 ./src/main.o
 .bss           0x00012c69        0x0 ./src/periph.o
 .bss           0x00012c69        0x0 ./src/raspi.o
 *fill*         0x00012c69        0x3 
 COMMON         0x00012c6c       0x18 ./src/FrameBuffer.o
                0x00012c6c                fb_info
OUTPUT(Radecki_V0.elf elf32-littlearm)

.ARM.attributes
                0x00000000       0x39
 .ARM.attributes
                0x00000000       0x29 ./src/Asetup.o
 .ARM.attributes
                0x00000029       0x29 ./src/Avectors.o
 .ARM.attributes
                0x00000052       0x3d ./src/FrameBuffer.o
 .ARM.attributes
                0x0000008f       0x3d ./src/GPIO.o
 .ARM.attributes
                0x000000cc       0x3d ./src/Mailbox.o
 .ARM.attributes
                0x00000109       0x3d ./src/SystemTimer.o
 .ARM.attributes
                0x00000146       0x3d ./src/armtimer.o
 .ARM.attributes
                0x00000183       0x3d ./src/bcm2835.o
 .ARM.attributes
                0x000001c0       0x3d ./src/main.o
 .ARM.attributes
                0x000001fd       0x3d ./src/periph.o
 .ARM.attributes
                0x0000023a       0x3d ./src/raspi.o

.comment        0x00000000       0x70
 .comment       0x00000000       0x70 ./src/FrameBuffer.o
                                 0x71 (size before relaxing)
 .comment       0x00000000       0x71 ./src/GPIO.o
 .comment       0x00000000       0x71 ./src/Mailbox.o
 .comment       0x00000000       0x71 ./src/SystemTimer.o
 .comment       0x00000000       0x71 ./src/armtimer.o
 .comment       0x00000000       0x71 ./src/bcm2835.o
 .comment       0x00000000       0x71 ./src/main.o
 .comment       0x00000000       0x71 ./src/periph.o
 .comment       0x00000000       0x71 ./src/raspi.o

.debug_line     0x00000000     0x1b63
 .debug_line    0x00000000       0x6c ./src/Asetup.o
 .debug_line    0x0000006c       0x49 ./src/Avectors.o
 .debug_line    0x000000b5      0x1ce ./src/FrameBuffer.o
 .debug_line    0x00000283       0xcf ./src/GPIO.o
 .debug_line    0x00000352       0xaf ./src/Mailbox.o
 .debug_line    0x00000401       0x73 ./src/SystemTimer.o
 .debug_line    0x00000474      0x100 ./src/armtimer.o
 .debug_line    0x00000574     0x10b6 ./src/bcm2835.o
 .debug_line    0x0000162a      0x2fb ./src/main.o
 .debug_line    0x00001925      0x1f5 ./src/periph.o
 .debug_line    0x00001b1a       0x49 ./src/raspi.o

.debug_info     0x00000000     0x7895
 .debug_info    0x00000000       0x7c ./src/Asetup.o
 .debug_info    0x0000007c       0x7e ./src/Avectors.o
 .debug_info    0x000000fa      0x42f ./src/FrameBuffer.o
 .debug_info    0x00000529      0x276 ./src/GPIO.o
 .debug_info    0x0000079f      0x18a ./src/Mailbox.o
 .debug_info    0x00000929       0xf9 ./src/SystemTimer.o
 .debug_info    0x00000a22      0x308 ./src/armtimer.o
 .debug_info    0x00000d2a     0x5f6b ./src/bcm2835.o
 .debug_info    0x00006c95      0x3a3 ./src/main.o
 .debug_info    0x00007038      0x7f5 ./src/periph.o
 .debug_info    0x0000782d       0x68 ./src/raspi.o

.debug_abbrev   0x00000000      0xd88
 .debug_abbrev  0x00000000       0x14 ./src/Asetup.o
 .debug_abbrev  0x00000014       0x14 ./src/Avectors.o
 .debug_abbrev  0x00000028      0x214 ./src/FrameBuffer.o
 .debug_abbrev  0x0000023c      0x16b ./src/GPIO.o
 .debug_abbrev  0x000003a7       0xe2 ./src/Mailbox.o
 .debug_abbrev  0x00000489       0x97 ./src/SystemTimer.o
 .debug_abbrev  0x00000520      0x168 ./src/armtimer.o
 .debug_abbrev  0x00000688      0x3b5 ./src/bcm2835.o
 .debug_abbrev  0x00000a3d      0x149 ./src/main.o
 .debug_abbrev  0x00000b86      0x1d9 ./src/periph.o
 .debug_abbrev  0x00000d5f       0x29 ./src/raspi.o

.debug_aranges  0x00000000      0x478
 .debug_aranges
                0x00000000       0x20 ./src/Asetup.o
 .debug_aranges
                0x00000020       0x20 ./src/Avectors.o
 .debug_aranges
                0x00000040       0x38 ./src/FrameBuffer.o
 .debug_aranges
                0x00000078       0x38 ./src/GPIO.o
 .debug_aranges
                0x000000b0       0x28 ./src/Mailbox.o
 .debug_aranges
                0x000000d8       0x20 ./src/SystemTimer.o
 .debug_aranges
                0x000000f8       0x60 ./src/armtimer.o
 .debug_aranges
                0x00000158      0x258 ./src/bcm2835.o
 .debug_aranges
                0x000003b0       0x20 ./src/main.o
 .debug_aranges
                0x000003d0       0x90 ./src/periph.o
 .debug_aranges
                0x00000460       0x18 ./src/raspi.o

.debug_loc      0x00000000     0x3680
 .debug_loc     0x00000000      0x510 ./src/FrameBuffer.o
 .debug_loc     0x00000510      0x17a ./src/GPIO.o
 .debug_loc     0x0000068a       0x83 ./src/Mailbox.o
 .debug_loc     0x0000070d       0x7a ./src/SystemTimer.o
 .debug_loc     0x00000787     0x2bbc ./src/bcm2835.o
 .debug_loc     0x00003343       0x36 ./src/main.o
 .debug_loc     0x00003379      0x307 ./src/periph.o

.debug_ranges   0x00000000     0x1010
 .debug_ranges  0x00000000       0x60 ./src/FrameBuffer.o
 .debug_ranges  0x00000060       0x40 ./src/GPIO.o
 .debug_ranges  0x000000a0       0x18 ./src/Mailbox.o
 .debug_ranges  0x000000b8       0x10 ./src/SystemTimer.o
 .debug_ranges  0x000000c8       0x50 ./src/armtimer.o
 .debug_ranges  0x00000118      0xda8 ./src/bcm2835.o
 .debug_ranges  0x00000ec0       0x28 ./src/main.o
 .debug_ranges  0x00000ee8      0x128 ./src/periph.o

.debug_macro    0x00000000     0x1e3a
 .debug_macro   0x00000000       0x49 ./src/FrameBuffer.o
 .debug_macro   0x00000049      0x862 ./src/FrameBuffer.o
 .debug_macro   0x000008ab       0x76 ./src/FrameBuffer.o
 .debug_macro   0x00000921       0x28 ./src/FrameBuffer.o
 .debug_macro   0x00000949       0x22 ./src/FrameBuffer.o
 .debug_macro   0x0000096b      0x1c0 ./src/FrameBuffer.o
 .debug_macro   0x00000b2b       0x3c ./src/GPIO.o
 .debug_macro   0x00000b67      0x1ba ./src/GPIO.o
 .debug_macro   0x00000d21       0x4c ./src/GPIO.o
 .debug_macro   0x00000d6d       0x45 ./src/Mailbox.o
 .debug_macro   0x00000db2       0x1c ./src/Mailbox.o
 .debug_macro   0x00000dce       0x2d ./src/SystemTimer.o
 .debug_macro   0x00000dfb       0x3c ./src/armtimer.o
 .debug_macro   0x00000e37       0x82 ./src/armtimer.o
 .debug_macro   0x00000eb9       0x64 ./src/armtimer.o
 .debug_macro   0x00000f1d       0x1a ./src/bcm2835.o
 .debug_macro   0x00000f37      0x4b8 ./src/bcm2835.o
 .debug_macro   0x000013ef      0x122 ./src/main.o
 .debug_macro   0x00001511       0x58 ./src/main.o
 .debug_macro   0x00001569       0x22 ./src/main.o
 .debug_macro   0x0000158b       0x35 ./src/main.o
 .debug_macro   0x000015c0       0x9c ./src/main.o
 .debug_macro   0x0000165c      0x16d ./src/main.o
 .debug_macro   0x000017c9       0x4a ./src/main.o
 .debug_macro   0x00001813       0x52 ./src/main.o
 .debug_macro   0x00001865       0x16 ./src/main.o
 .debug_macro   0x0000187b       0x43 ./src/main.o
 .debug_macro   0x000018be      0x180 ./src/main.o
 .debug_macro   0x00001a3e      0x27a ./src/main.o
 .debug_macro   0x00001cb8       0x10 ./src/main.o
 .debug_macro   0x00001cc8       0x35 ./src/main.o
 .debug_macro   0x00001cfd       0x88 ./src/main.o
 .debug_macro   0x00001d85       0x33 ./src/periph.o
 .debug_macro   0x00001db8       0x5e ./src/periph.o
 .debug_macro   0x00001e16       0x24 ./src/raspi.o

.debug_str      0x00000000     0x7bed
 .debug_str     0x00000000     0x2ddc ./src/FrameBuffer.o
                               0x2e68 (size before relaxing)
 .debug_str     0x00002ddc      0x149 ./src/GPIO.o
                               0x2d79 (size before relaxing)
 .debug_str     0x00002f25       0x2f ./src/Mailbox.o
                               0x2e08 (size before relaxing)
 .debug_str     0x00002f54       0x35 ./src/SystemTimer.o
                               0x28d1 (size before relaxing)
 .debug_str     0x00002f89      0x6d7 ./src/armtimer.o
                               0x2e9a (size before relaxing)
 .debug_str     0x00003660     0x1f65 ./src/bcm2835.o
                               0x44b0 (size before relaxing)
 .debug_str     0x000055c5     0x2592 ./src/main.o
                               0x5abc (size before relaxing)
 .debug_str     0x00007b57       0x87 ./src/periph.o
                               0x2c46 (size before relaxing)
 .debug_str     0x00007bde        0xf ./src/raspi.o
                               0x27ba (size before relaxing)

.debug_frame    0x00000000      0x9ec
 .debug_frame   0x00000000       0x94 ./src/FrameBuffer.o
 .debug_frame   0x00000094       0x70 ./src/GPIO.o
 .debug_frame   0x00000104       0x48 ./src/Mailbox.o
 .debug_frame   0x0000014c       0x2c ./src/SystemTimer.o
 .debug_frame   0x00000178       0xbc ./src/armtimer.o
 .debug_frame   0x00000234      0x5f0 ./src/bcm2835.o
 .debug_frame   0x00000824       0x30 ./src/main.o
 .debug_frame   0x00000854      0x198 ./src/periph.o
